[2021-11-25T21:53:42.059-0100][0.009s] Heap region size: 1M
[2021-11-25T21:53:42.258-0100][0.208s] Using G1
[2021-11-25T21:53:42.258-0100][0.208s] Heap address: 0x00000007e0000000, size: 512 MB, Compressed Oops mode: Zero based, Oop shift amount: 3
[2021-11-25T21:53:42.642-0100][0,592s] GC(0) Pause Young (Normal) (G1 Evacuation Pause)
[2021-11-25T21:53:42.642-0100][0,593s] GC(0) Using 10 workers of 10 for evacuation
[2021-11-25T21:53:42.644-0100][0,594s] GC(0)   Pre Evacuate Collection Set: 0,0ms
[2021-11-25T21:53:42.644-0100][0,595s] GC(0)   Evacuate Collection Set: 1,6ms
[2021-11-25T21:53:42.644-0100][0,595s] GC(0)   Post Evacuate Collection Set: 0,3ms
[2021-11-25T21:53:42.644-0100][0,595s] GC(0)   Other: 0,6ms
[2021-11-25T21:53:42.644-0100][0,595s] GC(0) Eden regions: 30->0(303)
[2021-11-25T21:53:42.644-0100][0,595s] GC(0) Survivor regions: 0->4(4)
[2021-11-25T21:53:42.644-0100][0,595s] GC(0) Old regions: 0->0
[2021-11-25T21:53:42.644-0100][0,595s] GC(0) Humongous regions: 0->0
[2021-11-25T21:53:42.644-0100][0,595s] GC(0) Metaspace: 12862K->12862K(1060864K)
[2021-11-25T21:53:42.644-0100][0,595s] GC(0) Pause Young (Normal) (G1 Evacuation Pause) 30M->3M(512M) 2,544ms
[2021-11-25T21:53:42.644-0100][0,595s] GC(0) User=0,01s Sys=0,01s Real=0,00s
[2021-11-25T21:53:42.983-0100][0,934s] GC(1) Pause Young (Concurrent Start) (Metadata GC Threshold)
[2021-11-25T21:53:42.983-0100][0,934s] GC(1) Using 10 workers of 10 for evacuation
[2021-11-25T21:53:42.992-0100][0,943s] GC(1)   Pre Evacuate Collection Set: 0,0ms
[2021-11-25T21:53:42.992-0100][0,943s] GC(1)   Evacuate Collection Set: 8,1ms
[2021-11-25T21:53:42.992-0100][0,943s] GC(1)   Post Evacuate Collection Set: 0,5ms
[2021-11-25T21:53:42.992-0100][0,943s] GC(1)   Other: 0,2ms
[2021-11-25T21:53:42.992-0100][0,943s] GC(1) Eden regions: 25->0(295)
[2021-11-25T21:53:42.992-0100][0,943s] GC(1) Survivor regions: 4->12(39)
[2021-11-25T21:53:42.992-0100][0,943s] GC(1) Old regions: 0->0
[2021-11-25T21:53:42.992-0100][0,943s] GC(1) Humongous regions: 4->4
[2021-11-25T21:53:42.992-0100][0,943s] GC(1) Metaspace: 20585K->20585K(1069056K)
[2021-11-25T21:53:42.992-0100][0,943s] GC(1) Pause Young (Concurrent Start) (Metadata GC Threshold) 32M->15M(512M) 8,926ms
[2021-11-25T21:53:42.992-0100][0,943s] GC(1) User=0,06s Sys=0,00s Real=0,01s
[2021-11-25T21:53:42.992-0100][0,943s] GC(2) Concurrent Cycle
[2021-11-25T21:53:42.992-0100][0,943s] GC(2) Concurrent Clear Claimed Marks
[2021-11-25T21:53:42.992-0100][0,943s] GC(2) Concurrent Clear Claimed Marks 0,026ms
[2021-11-25T21:53:42.992-0100][0,943s] GC(2) Concurrent Scan Root Regions
[2021-11-25T21:53:42.995-0100][0,946s] GC(2) Concurrent Scan Root Regions 2,636ms
[2021-11-25T21:53:42.995-0100][0,946s] GC(2) Concurrent Mark (0,946s)
[2021-11-25T21:53:42.995-0100][0,946s] GC(2) Concurrent Mark From Roots
[2021-11-25T21:53:42.995-0100][0,946s] GC(2) Using 3 workers of 3 for marking
[2021-11-25T21:53:42.996-0100][0,947s] GC(2) Concurrent Mark From Roots 0,816ms
[2021-11-25T21:53:42.996-0100][0,947s] GC(2) Concurrent Preclean
[2021-11-25T21:53:42.996-0100][0,947s] GC(2) Concurrent Preclean 0,033ms
[2021-11-25T21:53:42.996-0100][0,947s] GC(2) Concurrent Mark (0,946s, 0,947s) 0,905ms
[2021-11-25T21:53:42.996-0100][0,947s] GC(2) Pause Remark
[2021-11-25T21:53:42.997-0100][0,948s] GC(2) Cleaned string and symbol table, strings: 9958 processed, 0 removed, symbols: 67815 processed, 18 removed
[2021-11-25T21:53:42.997-0100][0,948s] GC(2) Pause Remark 16M->16M(512M) 1,014ms
[2021-11-25T21:53:42.997-0100][0,948s] GC(2) User=0,00s Sys=0,00s Real=0,00s
[2021-11-25T21:53:42.997-0100][0,948s] GC(2) Concurrent Rebuild Remembered Sets
[2021-11-25T21:53:43.000-0100][0,950s] GC(2) Concurrent Rebuild Remembered Sets 2,308ms
[2021-11-25T21:53:43.000-0100][0,950s] GC(2) Pause Cleanup
[2021-11-25T21:53:43.000-0100][0,950s] GC(2) Pause Cleanup 16M->16M(512M) 0,091ms
[2021-11-25T21:53:43.000-0100][0,950s] GC(2) User=0,00s Sys=0,00s Real=0,00s
[2021-11-25T21:53:43.000-0100][0,950s] GC(2) Concurrent Cleanup for Next Mark
[2021-11-25T21:53:43.001-0100][0,951s] GC(2) Concurrent Cleanup for Next Mark 0,717ms
[2021-11-25T21:53:43.001-0100][0,951s] GC(2) Concurrent Cycle 8,313ms
[2021-11-25T21:53:43.958-0100][1,908s] GC(3) Pause Young (Concurrent Start) (Metadata GC Threshold)
[2021-11-25T21:53:43.958-0100][1,908s] GC(3) Using 10 workers of 10 for evacuation
[2021-11-25T21:53:43.969-0100][1,920s] GC(3)   Pre Evacuate Collection Set: 0,0ms
[2021-11-25T21:53:43.969-0100][1,920s] GC(3)   Evacuate Collection Set: 10,4ms
[2021-11-25T21:53:43.969-0100][1,920s] GC(3)   Post Evacuate Collection Set: 0,9ms
[2021-11-25T21:53:43.969-0100][1,920s] GC(3)   Other: 0,2ms
[2021-11-25T21:53:43.969-0100][1,920s] GC(3) Eden regions: 117->0(124)
[2021-11-25T21:53:43.969-0100][1,920s] GC(3) Survivor regions: 12->22(39)
[2021-11-25T21:53:43.969-0100][1,920s] GC(3) Old regions: 0->0
[2021-11-25T21:53:43.969-0100][1,920s] GC(3) Humongous regions: 4->4
[2021-11-25T21:53:43.969-0100][1,920s] GC(3) Metaspace: 34765K->34765K(1081344K)
[2021-11-25T21:53:43.969-0100][1,920s] GC(3) Pause Young (Concurrent Start) (Metadata GC Threshold) 132M->25M(512M) 11,751ms
[2021-11-25T21:53:43.969-0100][1,920s] GC(3) User=0,09s Sys=0,00s Real=0,01s
[2021-11-25T21:53:43.969-0100][1,920s] GC(4) Concurrent Cycle
[2021-11-25T21:53:43.969-0100][1,920s] GC(4) Concurrent Clear Claimed Marks
[2021-11-25T21:53:43.969-0100][1,920s] GC(4) Concurrent Clear Claimed Marks 0,050ms
[2021-11-25T21:53:43.969-0100][1,920s] GC(4) Concurrent Scan Root Regions
[2021-11-25T21:53:43.973-0100][1,924s] GC(4) Concurrent Scan Root Regions 3,918ms
[2021-11-25T21:53:43.973-0100][1,924s] GC(4) Concurrent Mark (1,924s)
[2021-11-25T21:53:43.973-0100][1,924s] GC(4) Concurrent Mark From Roots
[2021-11-25T21:53:43.973-0100][1,924s] GC(4) Using 3 workers of 3 for marking
[2021-11-25T21:53:43.976-0100][1,926s] GC(4) Concurrent Mark From Roots 2,122ms
[2021-11-25T21:53:43.976-0100][1,926s] GC(4) Concurrent Preclean
[2021-11-25T21:53:43.976-0100][1,926s] GC(4) Concurrent Preclean 0,032ms
[2021-11-25T21:53:43.976-0100][1,926s] GC(4) Concurrent Mark (1,924s, 1,926s) 2,223ms
[2021-11-25T21:53:43.976-0100][1,926s] GC(4) Pause Remark
[2021-11-25T21:53:43.978-0100][1,929s] GC(4) Cleaned string and symbol table, strings: 16423 processed, 0 removed, symbols: 114043 processed, 39 removed
[2021-11-25T21:53:43.978-0100][1,929s] GC(4) Pause Remark 26M->26M(512M) 2,524ms
[2021-11-25T21:53:43.978-0100][1,929s] GC(4) User=0,02s Sys=0,00s Real=0,00s
[2021-11-25T21:53:43.978-0100][1,929s] GC(4) Concurrent Rebuild Remembered Sets
[2021-11-25T21:53:43.981-0100][1,931s] GC(4) Concurrent Rebuild Remembered Sets 2,460ms
[2021-11-25T21:53:43.981-0100][1,932s] GC(4) Pause Cleanup
[2021-11-25T21:53:43.981-0100][1,932s] GC(4) Pause Cleanup 26M->26M(512M) 0,111ms
[2021-11-25T21:53:43.981-0100][1,932s] GC(4) User=0,00s Sys=0,00s Real=0,00s
[2021-11-25T21:53:43.981-0100][1,932s] GC(4) Concurrent Cleanup for Next Mark
[2021-11-25T21:53:43.982-0100][1,933s] GC(4) Concurrent Cleanup for Next Mark 0,793ms
[2021-11-25T21:53:43.982-0100][1,933s] GC(4) Concurrent Cycle 12,643ms
[2021-11-25T22:11:54.122-0100][883,617s] Heap
[2021-11-25T22:11:54.122-0100][883,617s]  garbage-first heap   total 524288K, used 142165K [0x00000007e0000000, 0x0000000800000000)
[2021-11-25T22:11:54.122-0100][883,617s]   region size 1024K, 136 young (139264K), 22 survivors (22528K)
[2021-11-25T22:11:54.122-0100][883,617s]  Metaspace       used 47387K, capacity 48479K, committed 48764K, reserved 1091584K
[2021-11-25T22:11:54.122-0100][883,617s]   class space    used 5408K, capacity 5824K, committed 5888K, reserved 1048576K
