[2021-11-27T10:25:36.217-0100][0.009s] Heap region size: 1M
[2021-11-27T10:25:36.400-0100][0.193s] Using G1
[2021-11-27T10:25:36.400-0100][0.193s] Heap address: 0x00000007e0000000, size: 512 MB, Compressed Oops mode: Zero based, Oop shift amount: 3
[2021-11-27T10:25:36.787-0100][0,580s] GC(0) Pause Young (Normal) (G1 Evacuation Pause)
[2021-11-27T10:25:36.788-0100][0,580s] GC(0) Using 10 workers of 10 for evacuation
[2021-11-27T10:25:36.790-0100][0,582s] GC(0)   Pre Evacuate Collection Set: 0,0ms
[2021-11-27T10:25:36.790-0100][0,582s] GC(0)   Evacuate Collection Set: 1,6ms
[2021-11-27T10:25:36.790-0100][0,582s] GC(0)   Post Evacuate Collection Set: 0,3ms
[2021-11-27T10:25:36.790-0100][0,583s] GC(0)   Other: 0,7ms
[2021-11-27T10:25:36.790-0100][0,583s] GC(0) Eden regions: 30->0(304)
[2021-11-27T10:25:36.790-0100][0,583s] GC(0) Survivor regions: 0->3(4)
[2021-11-27T10:25:36.790-0100][0,583s] GC(0) Old regions: 0->0
[2021-11-27T10:25:36.790-0100][0,583s] GC(0) Humongous regions: 0->0
[2021-11-27T10:25:36.790-0100][0,583s] GC(0) Metaspace: 13121K->13121K(1060864K)
[2021-11-27T10:25:36.790-0100][0,583s] GC(0) Pause Young (Normal) (G1 Evacuation Pause) 30M->2M(512M) 2,760ms
[2021-11-27T10:25:36.790-0100][0,583s] GC(0) User=0,02s Sys=0,00s Real=0,01s
[2021-11-27T10:25:37.124-0100][0,916s] GC(1) Pause Young (Concurrent Start) (Metadata GC Threshold)
[2021-11-27T10:25:37.124-0100][0,916s] GC(1) Using 10 workers of 10 for evacuation
[2021-11-27T10:25:37.132-0100][0,925s] GC(1)   Pre Evacuate Collection Set: 0,0ms
[2021-11-27T10:25:37.132-0100][0,925s] GC(1)   Evacuate Collection Set: 7,8ms
[2021-11-27T10:25:37.132-0100][0,925s] GC(1)   Post Evacuate Collection Set: 0,3ms
[2021-11-27T10:25:37.132-0100][0,925s] GC(1)   Other: 0,2ms
[2021-11-27T10:25:37.132-0100][0,925s] GC(1) Eden regions: 25->0(67)
[2021-11-27T10:25:37.132-0100][0,925s] GC(1) Survivor regions: 3->12(39)
[2021-11-27T10:25:37.132-0100][0,925s] GC(1) Old regions: 0->0
[2021-11-27T10:25:37.132-0100][0,925s] GC(1) Humongous regions: 4->4
[2021-11-27T10:25:37.132-0100][0,925s] GC(1) Metaspace: 20564K->20564K(1069056K)
[2021-11-27T10:25:37.132-0100][0,925s] GC(1) Pause Young (Concurrent Start) (Metadata GC Threshold) 31M->15M(512M) 8,481ms
[2021-11-27T10:25:37.132-0100][0,925s] GC(1) User=0,04s Sys=0,00s Real=0,01s
[2021-11-27T10:25:37.132-0100][0,925s] GC(2) Concurrent Cycle
[2021-11-27T10:25:37.132-0100][0,925s] GC(2) Concurrent Clear Claimed Marks
[2021-11-27T10:25:37.132-0100][0,925s] GC(2) Concurrent Clear Claimed Marks 0,023ms
[2021-11-27T10:25:37.132-0100][0,925s] GC(2) Concurrent Scan Root Regions
[2021-11-27T10:25:37.135-0100][0,927s] GC(2) Concurrent Scan Root Regions 2,285ms
[2021-11-27T10:25:37.135-0100][0,927s] GC(2) Concurrent Mark (0,927s)
[2021-11-27T10:25:37.135-0100][0,927s] GC(2) Concurrent Mark From Roots
[2021-11-27T10:25:37.135-0100][0,927s] GC(2) Using 3 workers of 3 for marking
[2021-11-27T10:25:37.135-0100][0,928s] GC(2) Concurrent Mark From Roots 0,632ms
[2021-11-27T10:25:37.135-0100][0,928s] GC(2) Concurrent Preclean
[2021-11-27T10:25:37.135-0100][0,928s] GC(2) Concurrent Preclean 0,030ms
[2021-11-27T10:25:37.135-0100][0,928s] GC(2) Concurrent Mark (0,927s, 0,928s) 0,716ms
[2021-11-27T10:25:37.135-0100][0,928s] GC(2) Pause Remark
[2021-11-27T10:25:37.136-0100][0,929s] GC(2) Cleaned string and symbol table, strings: 9941 processed, 0 removed, symbols: 67360 processed, 22 removed
[2021-11-27T10:25:37.136-0100][0,929s] GC(2) Pause Remark 16M->16M(512M) 0,927ms
[2021-11-27T10:25:37.136-0100][0,929s] GC(2) User=0,00s Sys=0,00s Real=0,00s
[2021-11-27T10:25:37.136-0100][0,929s] GC(2) Concurrent Rebuild Remembered Sets
[2021-11-27T10:25:37.139-0100][0,931s] GC(2) Concurrent Rebuild Remembered Sets 2,141ms
[2021-11-27T10:25:37.139-0100][0,931s] GC(2) Pause Cleanup
[2021-11-27T10:25:37.139-0100][0,931s] GC(2) Pause Cleanup 16M->16M(512M) 0,083ms
[2021-11-27T10:25:37.139-0100][0,931s] GC(2) User=0,00s Sys=0,00s Real=0,00s
[2021-11-27T10:25:37.139-0100][0,931s] GC(2) Concurrent Cleanup for Next Mark
[2021-11-27T10:25:37.139-0100][0,932s] GC(2) Concurrent Cleanup for Next Mark 0,603ms
[2021-11-27T10:25:37.139-0100][0,932s] GC(2) Concurrent Cycle 7,226ms
[2021-11-27T10:25:37.504-0100][1,297s] GC(3) Pause Young (Normal) (G1 Evacuation Pause)
[2021-11-27T10:25:37.504-0100][1,297s] GC(3) Using 10 workers of 10 for evacuation
[2021-11-27T10:25:37.511-0100][1,304s] GC(3)   Pre Evacuate Collection Set: 0,0ms
[2021-11-27T10:25:37.511-0100][1,304s] GC(3)   Evacuate Collection Set: 6,1ms
[2021-11-27T10:25:37.511-0100][1,304s] GC(3)   Post Evacuate Collection Set: 0,5ms
[2021-11-27T10:25:37.511-0100][1,304s] GC(3)   Other: 0,1ms
[2021-11-27T10:25:37.511-0100][1,304s] GC(3) Eden regions: 39->0(66)
[2021-11-27T10:25:37.511-0100][1,304s] GC(3) Survivor regions: 12->7(7)
[2021-11-27T10:25:37.511-0100][1,304s] GC(3) Old regions: 0->13
[2021-11-27T10:25:37.511-0100][1,304s] GC(3) Humongous regions: 4->4
[2021-11-27T10:25:37.511-0100][1,304s] GC(3) Metaspace: 25106K->25106K(1073152K)
[2021-11-27T10:25:37.511-0100][1,304s] GC(3) Pause Young (Normal) (G1 Evacuation Pause) 54M->23M(512M) 6,752ms
[2021-11-27T10:25:37.511-0100][1,304s] GC(3) User=0,07s Sys=0,00s Real=0,01s
[2021-11-27T10:25:38.098-0100][1,891s] GC(4) Pause Young (Normal) (G1 Evacuation Pause)
[2021-11-27T10:25:38.098-0100][1,891s] GC(4) Using 10 workers of 10 for evacuation
[2021-11-27T10:25:38.101-0100][1,893s] GC(4)   Pre Evacuate Collection Set: 0,0ms
[2021-11-27T10:25:38.101-0100][1,893s] GC(4)   Evacuate Collection Set: 2,1ms
[2021-11-27T10:25:38.101-0100][1,893s] GC(4)   Post Evacuate Collection Set: 0,2ms
[2021-11-27T10:25:38.101-0100][1,893s] GC(4)   Other: 0,2ms
[2021-11-27T10:25:38.101-0100][1,893s] GC(4) Eden regions: 66->0(111)
[2021-11-27T10:25:38.101-0100][1,893s] GC(4) Survivor regions: 7->2(10)
[2021-11-27T10:25:38.101-0100][1,893s] GC(4) Old regions: 13->20
[2021-11-27T10:25:38.101-0100][1,893s] GC(4) Humongous regions: 4->4
[2021-11-27T10:25:38.101-0100][1,893s] GC(4) Metaspace: 32751K->32751K(1079296K)
[2021-11-27T10:25:38.101-0100][1,893s] GC(4) Pause Young (Normal) (G1 Evacuation Pause) 89M->25M(512M) 2,710ms
[2021-11-27T10:25:38.101-0100][1,893s] GC(4) User=0,03s Sys=0,00s Real=0,01s
[2021-11-27T10:25:38.213-0100][2,006s] GC(5) Pause Young (Concurrent Start) (Metadata GC Threshold)
[2021-11-27T10:25:38.213-0100][2,006s] GC(5) Using 10 workers of 10 for evacuation
[2021-11-27T10:25:38.215-0100][2,008s] GC(5)   Pre Evacuate Collection Set: 0,0ms
[2021-11-27T10:25:38.215-0100][2,008s] GC(5)   Evacuate Collection Set: 1,6ms
[2021-11-27T10:25:38.215-0100][2,008s] GC(5)   Post Evacuate Collection Set: 0,1ms
[2021-11-27T10:25:38.215-0100][2,008s] GC(5)   Other: 0,2ms
[2021-11-27T10:25:38.215-0100][2,008s] GC(5) Eden regions: 8->0(121)
[2021-11-27T10:25:38.215-0100][2,008s] GC(5) Survivor regions: 2->2(15)
[2021-11-27T10:25:38.215-0100][2,008s] GC(5) Old regions: 20->20
[2021-11-27T10:25:38.215-0100][2,008s] GC(5) Humongous regions: 4->4
[2021-11-27T10:25:38.215-0100][2,008s] GC(5) Metaspace: 34664K->34664K(1081344K)
[2021-11-27T10:25:38.215-0100][2,008s] GC(5) Pause Young (Concurrent Start) (Metadata GC Threshold) 32M->25M(512M) 2,052ms
[2021-11-27T10:25:38.215-0100][2,008s] GC(5) User=0,02s Sys=0,00s Real=0,00s
[2021-11-27T10:25:38.216-0100][2,008s] GC(6) Concurrent Cycle
[2021-11-27T10:25:38.216-0100][2,008s] GC(6) Concurrent Clear Claimed Marks
[2021-11-27T10:25:38.216-0100][2,008s] GC(6) Concurrent Clear Claimed Marks 0,025ms
[2021-11-27T10:25:38.216-0100][2,008s] GC(6) Concurrent Scan Root Regions
[2021-11-27T10:25:38.217-0100][2,009s] GC(6) Concurrent Scan Root Regions 1,093ms
[2021-11-27T10:25:38.217-0100][2,009s] GC(6) Concurrent Mark (2,009s)
[2021-11-27T10:25:38.217-0100][2,009s] GC(6) Concurrent Mark From Roots
[2021-11-27T10:25:38.217-0100][2,009s] GC(6) Using 3 workers of 3 for marking
[2021-11-27T10:25:38.228-0100][2,021s] GC(6) Concurrent Mark From Roots 11,500ms
[2021-11-27T10:25:38.228-0100][2,021s] GC(6) Concurrent Preclean
[2021-11-27T10:25:38.228-0100][2,021s] GC(6) Concurrent Preclean 0,151ms
[2021-11-27T10:25:38.229-0100][2,021s] GC(6) Concurrent Mark (2,009s, 2,021s) 11,764ms
[2021-11-27T10:25:38.229-0100][2,021s] GC(6) Pause Remark
[2021-11-27T10:25:38.231-0100][2,024s] GC(6) Cleaned string and symbol table, strings: 16479 processed, 25 removed, symbols: 113689 processed, 39 removed
[2021-11-27T10:25:38.231-0100][2,024s] GC(6) Pause Remark 25M->25M(512M) 2,544ms
[2021-11-27T10:25:38.231-0100][2,024s] GC(6) User=0,02s Sys=0,00s Real=0,01s
[2021-11-27T10:25:38.231-0100][2,024s] GC(6) Concurrent Rebuild Remembered Sets
[2021-11-27T10:25:38.238-0100][2,031s] GC(6) Concurrent Rebuild Remembered Sets 6,929ms
[2021-11-27T10:25:38.238-0100][2,031s] GC(6) Pause Cleanup
[2021-11-27T10:25:38.239-0100][2,031s] GC(6) Pause Cleanup 27M->27M(512M) 0,102ms
[2021-11-27T10:25:38.239-0100][2,031s] GC(6) User=0,00s Sys=0,00s Real=0,00s
[2021-11-27T10:25:38.239-0100][2,031s] GC(6) Concurrent Cleanup for Next Mark
[2021-11-27T10:25:38.239-0100][2,032s] GC(6) Concurrent Cleanup for Next Mark 0,849ms
[2021-11-27T10:25:38.239-0100][2,032s] GC(6) Concurrent Cycle 23,944ms
[2021-11-27T10:25:39.872-0100][3,664s] GC(7) Pause Young (Normal) (G1 Evacuation Pause)
[2021-11-27T10:25:39.872-0100][3,664s] GC(7) Using 10 workers of 10 for evacuation
[2021-11-27T10:25:39.876-0100][3,668s] GC(7)   Pre Evacuate Collection Set: 0,0ms
[2021-11-27T10:25:39.876-0100][3,669s] GC(7)   Evacuate Collection Set: 3,6ms
[2021-11-27T10:25:39.876-0100][3,669s] GC(7)   Post Evacuate Collection Set: 0,5ms
[2021-11-27T10:25:39.876-0100][3,669s] GC(7)   Other: 0,2ms
[2021-11-27T10:25:39.876-0100][3,669s] GC(7) Eden regions: 121->0(204)
[2021-11-27T10:25:39.876-0100][3,669s] GC(7) Survivor regions: 2->10(16)
[2021-11-27T10:25:39.876-0100][3,669s] GC(7) Old regions: 20->20
[2021-11-27T10:25:39.876-0100][3,669s] GC(7) Humongous regions: 4->4
[2021-11-27T10:25:39.876-0100][3,669s] GC(7) Metaspace: 46004K->46004K(1091584K)
[2021-11-27T10:25:39.876-0100][3,669s] GC(7) Pause Young (Normal) (G1 Evacuation Pause) 146M->33M(512M) 4,413ms
[2021-11-27T10:25:39.876-0100][3,669s] GC(7) User=0,04s Sys=0,00s Real=0,00s
[2021-11-27T10:25:40.815-0100][4,608s] GC(8) Pause Young (Normal) (G1 Evacuation Pause)
[2021-11-27T10:25:40.815-0100][4,608s] GC(8) Using 10 workers of 10 for evacuation
[2021-11-27T10:25:40.825-0100][4,617s] GC(8)   Pre Evacuate Collection Set: 0,0ms
[2021-11-27T10:25:40.825-0100][4,617s] GC(8)   Evacuate Collection Set: 6,8ms
[2021-11-27T10:25:40.825-0100][4,617s] GC(8)   Post Evacuate Collection Set: 2,1ms
[2021-11-27T10:25:40.825-0100][4,617s] GC(8)   Other: 0,3ms
[2021-11-27T10:25:40.825-0100][4,617s] GC(8) Eden regions: 204->0(256)
[2021-11-27T10:25:40.825-0100][4,617s] GC(8) Survivor regions: 10->18(27)
[2021-11-27T10:25:40.825-0100][4,617s] GC(8) Old regions: 20->20
[2021-11-27T10:25:40.825-0100][4,617s] GC(8) Humongous regions: 5->4
[2021-11-27T10:25:40.825-0100][4,617s] GC(8) Metaspace: 54104K->54104K(1099776K)
[2021-11-27T10:25:40.825-0100][4,617s] GC(8) Pause Young (Normal) (G1 Evacuation Pause) 238M->41M(512M) 9,278ms
[2021-11-27T10:25:40.825-0100][4,617s] GC(8) User=0,08s Sys=0,00s Real=0,01s
[2021-11-27T10:26:55.589-0100][79,384s] Heap
[2021-11-27T10:26:55.589-0100][79,384s]  garbage-first heap   total 524288K, used 183708K [0x00000007e0000000, 0x0000000800000000)
[2021-11-27T10:26:55.589-0100][79,384s]   region size 1024K, 158 young (161792K), 18 survivors (18432K)
[2021-11-27T10:26:55.589-0100][79,384s]  Metaspace       used 57655K, capacity 59289K, committed 59336K, reserved 1101824K
[2021-11-27T10:26:55.589-0100][79,384s]   class space    used 6433K, capacity 7025K, committed 7040K, reserved 1048576K
