[2021-11-27T09:59:28.736-0100][0.010s] Heap region size: 1M
[2021-11-27T09:59:28.951-0100][0.225s] Using G1
[2021-11-27T09:59:28.951-0100][0.225s] Heap address: 0x00000007e0000000, size: 512 MB, Compressed Oops mode: Zero based, Oop shift amount: 3
[2021-11-27T09:59:29.400-0100][0,674s] GC(0) Pause Young (Normal) (G1 Evacuation Pause)
[2021-11-27T09:59:29.400-0100][0,674s] GC(0) Using 10 workers of 10 for evacuation
[2021-11-27T09:59:29.403-0100][0,677s] GC(0)   Pre Evacuate Collection Set: 0,0ms
[2021-11-27T09:59:29.403-0100][0,677s] GC(0)   Evacuate Collection Set: 1,8ms
[2021-11-27T09:59:29.403-0100][0,677s] GC(0)   Post Evacuate Collection Set: 1,0ms
[2021-11-27T09:59:29.403-0100][0,677s] GC(0)   Other: 0,6ms
[2021-11-27T09:59:29.403-0100][0,677s] GC(0) Eden regions: 30->0(304)
[2021-11-27T09:59:29.403-0100][0,677s] GC(0) Survivor regions: 0->3(4)
[2021-11-27T09:59:29.403-0100][0,677s] GC(0) Old regions: 0->0
[2021-11-27T09:59:29.403-0100][0,677s] GC(0) Humongous regions: 0->0
[2021-11-27T09:59:29.403-0100][0,677s] GC(0) Metaspace: 12868K->12868K(1060864K)
[2021-11-27T09:59:29.403-0100][0,677s] GC(0) Pause Young (Normal) (G1 Evacuation Pause) 30M->2M(512M) 3,577ms
[2021-11-27T09:59:29.403-0100][0,677s] GC(0) User=0,03s Sys=0,00s Real=0,00s
[2021-11-27T09:59:29.769-0100][1,043s] GC(1) Pause Young (Concurrent Start) (Metadata GC Threshold)
[2021-11-27T09:59:29.769-0100][1,043s] GC(1) Using 10 workers of 10 for evacuation
[2021-11-27T09:59:29.777-0100][1,051s] GC(1)   Pre Evacuate Collection Set: 0,0ms
[2021-11-27T09:59:29.777-0100][1,051s] GC(1)   Evacuate Collection Set: 7,8ms
[2021-11-27T09:59:29.777-0100][1,051s] GC(1)   Post Evacuate Collection Set: 0,4ms
[2021-11-27T09:59:29.777-0100][1,051s] GC(1)   Other: 0,2ms
[2021-11-27T09:59:29.777-0100][1,051s] GC(1) Eden regions: 25->0(67)
[2021-11-27T09:59:29.777-0100][1,051s] GC(1) Survivor regions: 3->12(39)
[2021-11-27T09:59:29.777-0100][1,051s] GC(1) Old regions: 0->0
[2021-11-27T09:59:29.777-0100][1,051s] GC(1) Humongous regions: 4->4
[2021-11-27T09:59:29.777-0100][1,051s] GC(1) Metaspace: 20563K->20563K(1069056K)
[2021-11-27T09:59:29.777-0100][1,051s] GC(1) Pause Young (Concurrent Start) (Metadata GC Threshold) 31M->15M(512M) 8,533ms
[2021-11-27T09:59:29.777-0100][1,051s] GC(1) User=0,05s Sys=0,00s Real=0,01s
[2021-11-27T09:59:29.777-0100][1,051s] GC(2) Concurrent Cycle
[2021-11-27T09:59:29.777-0100][1,051s] GC(2) Concurrent Clear Claimed Marks
[2021-11-27T09:59:29.777-0100][1,051s] GC(2) Concurrent Clear Claimed Marks 0,022ms
[2021-11-27T09:59:29.777-0100][1,051s] GC(2) Concurrent Scan Root Regions
[2021-11-27T09:59:29.779-0100][1,054s] GC(2) Concurrent Scan Root Regions 2,185ms
[2021-11-27T09:59:29.780-0100][1,054s] GC(2) Concurrent Mark (1,054s)
[2021-11-27T09:59:29.780-0100][1,054s] GC(2) Concurrent Mark From Roots
[2021-11-27T09:59:29.780-0100][1,054s] GC(2) Using 3 workers of 3 for marking
[2021-11-27T09:59:29.780-0100][1,054s] GC(2) Concurrent Mark From Roots 0,663ms
[2021-11-27T09:59:29.780-0100][1,054s] GC(2) Concurrent Preclean
[2021-11-27T09:59:29.780-0100][1,054s] GC(2) Concurrent Preclean 0,031ms
[2021-11-27T09:59:29.780-0100][1,054s] GC(2) Concurrent Mark (1,054s, 1,054s) 0,743ms
[2021-11-27T09:59:29.780-0100][1,054s] GC(2) Pause Remark
[2021-11-27T09:59:29.781-0100][1,055s] GC(2) Cleaned string and symbol table, strings: 9962 processed, 0 removed, symbols: 67358 processed, 22 removed
[2021-11-27T09:59:29.781-0100][1,055s] GC(2) Pause Remark 16M->16M(512M) 0,907ms
[2021-11-27T09:59:29.781-0100][1,055s] GC(2) User=0,00s Sys=0,00s Real=0,00s
[2021-11-27T09:59:29.781-0100][1,055s] GC(2) Concurrent Rebuild Remembered Sets
[2021-11-27T09:59:29.783-0100][1,058s] GC(2) Concurrent Rebuild Remembered Sets 2,127ms
[2021-11-27T09:59:29.784-0100][1,058s] GC(2) Pause Cleanup
[2021-11-27T09:59:29.784-0100][1,058s] GC(2) Pause Cleanup 16M->16M(512M) 0,092ms
[2021-11-27T09:59:29.784-0100][1,058s] GC(2) User=0,00s Sys=0,00s Real=0,00s
[2021-11-27T09:59:29.784-0100][1,058s] GC(2) Concurrent Cleanup for Next Mark
[2021-11-27T09:59:29.784-0100][1,058s] GC(2) Concurrent Cleanup for Next Mark 0,606ms
[2021-11-27T09:59:29.784-0100][1,058s] GC(2) Concurrent Cycle 7,144ms
[2021-11-27T09:59:30.205-0100][1,479s] GC(3) Pause Young (Normal) (G1 Evacuation Pause)
[2021-11-27T09:59:30.205-0100][1,479s] GC(3) Using 10 workers of 10 for evacuation
[2021-11-27T09:59:30.213-0100][1,487s] GC(3)   Pre Evacuate Collection Set: 0,0ms
[2021-11-27T09:59:30.213-0100][1,487s] GC(3)   Evacuate Collection Set: 7,1ms
[2021-11-27T09:59:30.213-0100][1,487s] GC(3)   Post Evacuate Collection Set: 0,5ms
[2021-11-27T09:59:30.213-0100][1,487s] GC(3)   Other: 0,1ms
[2021-11-27T09:59:30.213-0100][1,487s] GC(3) Eden regions: 39->0(66)
[2021-11-27T09:59:30.213-0100][1,487s] GC(3) Survivor regions: 12->7(7)
[2021-11-27T09:59:30.213-0100][1,487s] GC(3) Old regions: 0->13
[2021-11-27T09:59:30.213-0100][1,487s] GC(3) Humongous regions: 4->4
[2021-11-27T09:59:30.213-0100][1,487s] GC(3) Metaspace: 25032K->25032K(1073152K)
[2021-11-27T09:59:30.213-0100][1,487s] GC(3) Pause Young (Normal) (G1 Evacuation Pause) 54M->23M(512M) 7,877ms
[2021-11-27T09:59:30.213-0100][1,487s] GC(3) User=0,09s Sys=0,01s Real=0,01s
[2021-11-27T09:59:30.792-0100][2,066s] GC(4) Pause Young (Normal) (G1 Evacuation Pause)
[2021-11-27T09:59:30.792-0100][2,066s] GC(4) Using 10 workers of 10 for evacuation
[2021-11-27T09:59:30.794-0100][2,068s] GC(4)   Pre Evacuate Collection Set: 0,0ms
[2021-11-27T09:59:30.794-0100][2,068s] GC(4)   Evacuate Collection Set: 1,7ms
[2021-11-27T09:59:30.794-0100][2,068s] GC(4)   Post Evacuate Collection Set: 0,2ms
[2021-11-27T09:59:30.794-0100][2,068s] GC(4)   Other: 0,1ms
[2021-11-27T09:59:30.794-0100][2,068s] GC(4) Eden regions: 66->0(111)
[2021-11-27T09:59:30.794-0100][2,068s] GC(4) Survivor regions: 7->2(10)
[2021-11-27T09:59:30.794-0100][2,068s] GC(4) Old regions: 13->20
[2021-11-27T09:59:30.794-0100][2,068s] GC(4) Humongous regions: 4->4
[2021-11-27T09:59:30.794-0100][2,068s] GC(4) Metaspace: 32368K->32368K(1079296K)
[2021-11-27T09:59:30.794-0100][2,068s] GC(4) Pause Young (Normal) (G1 Evacuation Pause) 89M->25M(512M) 2,113ms
[2021-11-27T09:59:30.794-0100][2,068s] GC(4) User=0,02s Sys=0,00s Real=0,00s
[2021-11-27T09:59:31.010-0100][2,284s] GC(5) Pause Young (Concurrent Start) (Metadata GC Threshold)
[2021-11-27T09:59:31.010-0100][2,284s] GC(5) Using 10 workers of 10 for evacuation
[2021-11-27T09:59:31.012-0100][2,287s] GC(5)   Pre Evacuate Collection Set: 0,0ms
[2021-11-27T09:59:31.013-0100][2,287s] GC(5)   Evacuate Collection Set: 2,2ms
[2021-11-27T09:59:31.013-0100][2,287s] GC(5)   Post Evacuate Collection Set: 0,1ms
[2021-11-27T09:59:31.013-0100][2,287s] GC(5)   Other: 0,1ms
[2021-11-27T09:59:31.013-0100][2,287s] GC(5) Eden regions: 9->0(119)
[2021-11-27T09:59:31.013-0100][2,287s] GC(5) Survivor regions: 2->2(15)
[2021-11-27T09:59:31.013-0100][2,287s] GC(5) Old regions: 20->20
[2021-11-27T09:59:31.013-0100][2,287s] GC(5) Humongous regions: 4->4
[2021-11-27T09:59:31.013-0100][2,287s] GC(5) Metaspace: 34703K->34703K(1081344K)
[2021-11-27T09:59:31.013-0100][2,287s] GC(5) Pause Young (Concurrent Start) (Metadata GC Threshold) 33M->25M(512M) 2,685ms
[2021-11-27T09:59:31.013-0100][2,287s] GC(5) User=0,02s Sys=0,00s Real=0,00s
[2021-11-27T09:59:31.013-0100][2,287s] GC(6) Concurrent Cycle
[2021-11-27T09:59:31.013-0100][2,287s] GC(6) Concurrent Clear Claimed Marks
[2021-11-27T09:59:31.013-0100][2,287s] GC(6) Concurrent Clear Claimed Marks 0,027ms
[2021-11-27T09:59:31.013-0100][2,287s] GC(6) Concurrent Scan Root Regions
[2021-11-27T09:59:31.014-0100][2,288s] GC(6) Concurrent Scan Root Regions 1,016ms
[2021-11-27T09:59:31.014-0100][2,288s] GC(6) Concurrent Mark (2,288s)
[2021-11-27T09:59:31.014-0100][2,288s] GC(6) Concurrent Mark From Roots
[2021-11-27T09:59:31.014-0100][2,288s] GC(6) Using 3 workers of 3 for marking
[2021-11-27T09:59:31.025-0100][2,299s] GC(6) Concurrent Mark From Roots 11,551ms
[2021-11-27T09:59:31.025-0100][2,300s] GC(6) Concurrent Preclean
[2021-11-27T09:59:31.026-0100][2,300s] GC(6) Concurrent Preclean 0,098ms
[2021-11-27T09:59:31.026-0100][2,300s] GC(6) Concurrent Mark (2,288s, 2,300s) 11,723ms
[2021-11-27T09:59:31.026-0100][2,300s] GC(6) Pause Remark
[2021-11-27T09:59:31.029-0100][2,303s] GC(6) Cleaned string and symbol table, strings: 16584 processed, 25 removed, symbols: 114172 processed, 39 removed
[2021-11-27T09:59:31.029-0100][2,303s] GC(6) Pause Remark 25M->25M(512M) 3,206ms
[2021-11-27T09:59:31.029-0100][2,303s] GC(6) User=0,03s Sys=0,00s Real=0,00s
[2021-11-27T09:59:31.029-0100][2,303s] GC(6) Concurrent Rebuild Remembered Sets
[2021-11-27T09:59:31.036-0100][2,310s] GC(6) Concurrent Rebuild Remembered Sets 6,935ms
[2021-11-27T09:59:31.036-0100][2,310s] GC(6) Pause Cleanup
[2021-11-27T09:59:31.036-0100][2,310s] GC(6) Pause Cleanup 26M->26M(512M) 0,111ms
[2021-11-27T09:59:31.036-0100][2,311s] GC(6) User=0,00s Sys=0,00s Real=0,00s
[2021-11-27T09:59:31.036-0100][2,311s] GC(6) Concurrent Cleanup for Next Mark
[2021-11-27T09:59:31.037-0100][2,311s] GC(6) Concurrent Cleanup for Next Mark 0,799ms
[2021-11-27T09:59:31.037-0100][2,311s] GC(6) Concurrent Cycle 24,593ms
[2021-11-27T09:59:32.656-0100][3,930s] GC(7) Pause Young (Normal) (G1 Evacuation Pause)
[2021-11-27T09:59:32.656-0100][3,930s] GC(7) Using 10 workers of 10 for evacuation
[2021-11-27T09:59:32.662-0100][3,936s] GC(7)   Pre Evacuate Collection Set: 0,0ms
[2021-11-27T09:59:32.662-0100][3,936s] GC(7)   Evacuate Collection Set: 4,8ms
[2021-11-27T09:59:32.662-0100][3,936s] GC(7)   Post Evacuate Collection Set: 1,1ms
[2021-11-27T09:59:32.662-0100][3,936s] GC(7)   Other: 0,2ms
[2021-11-27T09:59:32.662-0100][3,936s] GC(7) Eden regions: 119->0(186)
[2021-11-27T09:59:32.662-0100][3,936s] GC(7) Survivor regions: 2->12(16)
[2021-11-27T09:59:32.662-0100][3,936s] GC(7) Old regions: 20->20
[2021-11-27T09:59:32.662-0100][3,936s] GC(7) Humongous regions: 4->4
[2021-11-27T09:59:32.662-0100][3,936s] GC(7) Metaspace: 46600K->46600K(1091584K)
[2021-11-27T09:59:32.662-0100][3,936s] GC(7) Pause Young (Normal) (G1 Evacuation Pause) 144M->35M(512M) 6,196ms
[2021-11-27T09:59:32.662-0100][3,936s] GC(7) User=0,06s Sys=0,00s Real=0,01s
[2021-11-27T10:00:03.606-0100][34,880s] GC(8) Pause Young (Normal) (G1 Evacuation Pause)
[2021-11-27T10:00:03.606-0100][34,880s] GC(8) Using 10 workers of 10 for evacuation
[2021-11-27T10:00:03.612-0100][34,886s] GC(8)   Pre Evacuate Collection Set: 0,0ms
[2021-11-27T10:00:03.612-0100][34,886s] GC(8)   Evacuate Collection Set: 5,5ms
[2021-11-27T10:00:03.612-0100][34,886s] GC(8)   Post Evacuate Collection Set: 0,5ms
[2021-11-27T10:00:03.612-0100][34,886s] GC(8)   Other: 0,2ms
[2021-11-27T10:00:03.612-0100][34,886s] GC(8) Eden regions: 186->0(244)
[2021-11-27T10:00:03.612-0100][34,886s] GC(8) Survivor regions: 12->18(25)
[2021-11-27T10:00:03.612-0100][34,886s] GC(8) Old regions: 20->20
[2021-11-27T10:00:03.612-0100][34,886s] GC(8) Humongous regions: 5->4
[2021-11-27T10:00:03.612-0100][34,886s] GC(8) Metaspace: 55168K->55168K(1099776K)
[2021-11-27T10:00:03.612-0100][34,886s] GC(8) Pause Young (Normal) (G1 Evacuation Pause) 222M->41M(512M) 6,353ms
[2021-11-27T10:00:03.612-0100][34,886s] GC(8) User=0,06s Sys=0,00s Real=0,01s
[2021-11-27T10:00:04.151-0100][35,425s] GC(9) Pause Young (Concurrent Start) (Metadata GC Threshold)
[2021-11-27T10:00:04.151-0100][35,425s] GC(9) Using 10 workers of 10 for evacuation
[2021-11-27T10:00:04.159-0100][35,433s] GC(9)   Pre Evacuate Collection Set: 0,1ms
[2021-11-27T10:00:04.159-0100][35,433s] GC(9)   Evacuate Collection Set: 6,9ms
[2021-11-27T10:00:04.159-0100][35,433s] GC(9)   Post Evacuate Collection Set: 0,5ms
[2021-11-27T10:00:04.159-0100][35,433s] GC(9)   Other: 0,2ms
[2021-11-27T10:00:04.159-0100][35,433s] GC(9) Eden regions: 147->0(244)
[2021-11-27T10:00:04.159-0100][35,433s] GC(9) Survivor regions: 18->21(33)
[2021-11-27T10:00:04.159-0100][35,433s] GC(9) Old regions: 20->21
[2021-11-27T10:00:04.159-0100][35,433s] GC(9) Humongous regions: 4->4
[2021-11-27T10:00:04.159-0100][35,433s] GC(9) Metaspace: 58485K->58485K(1101824K)
[2021-11-27T10:00:04.159-0100][35,433s] GC(9) Pause Young (Concurrent Start) (Metadata GC Threshold) 188M->45M(512M) 7,797ms
[2021-11-27T10:00:04.159-0100][35,433s] GC(9) User=0,07s Sys=0,00s Real=0,00s
[2021-11-27T10:00:04.159-0100][35,433s] GC(10) Concurrent Cycle
[2021-11-27T10:00:04.159-0100][35,433s] GC(10) Concurrent Clear Claimed Marks
[2021-11-27T10:00:04.159-0100][35,433s] GC(10) Concurrent Clear Claimed Marks 0,080ms
[2021-11-27T10:00:04.159-0100][35,433s] GC(10) Concurrent Scan Root Regions
[2021-11-27T10:00:04.163-0100][35,437s] GC(10) Concurrent Scan Root Regions 3,634ms
[2021-11-27T10:00:04.163-0100][35,437s] GC(10) Concurrent Mark (35,437s)
[2021-11-27T10:00:04.163-0100][35,437s] GC(10) Concurrent Mark From Roots
[2021-11-27T10:00:04.163-0100][35,437s] GC(10) Using 3 workers of 3 for marking
[2021-11-27T10:00:04.172-0100][35,447s] GC(10) Concurrent Mark From Roots 9,630ms
[2021-11-27T10:00:04.172-0100][35,447s] GC(10) Concurrent Preclean
[2021-11-27T10:00:04.172-0100][35,447s] GC(10) Concurrent Preclean 0,082ms
[2021-11-27T10:00:04.172-0100][35,447s] GC(10) Concurrent Mark (35,437s, 35,447s) 9,768ms
[2021-11-27T10:00:04.173-0100][35,447s] GC(10) Pause Remark
[2021-11-27T10:00:04.175-0100][35,450s] GC(10) Cleaned string and symbol table, strings: 28690 processed, 1 removed, symbols: 176975 processed, 594 removed
[2021-11-27T10:00:04.176-0100][35,450s] GC(10) Pause Remark 48M->48M(512M) 2,697ms
[2021-11-27T10:00:04.176-0100][35,450s] GC(10) User=0,02s Sys=0,00s Real=0,00s
[2021-11-27T10:00:04.176-0100][35,450s] GC(10) Concurrent Rebuild Remembered Sets
[2021-11-27T10:00:04.182-0100][35,456s] GC(10) Concurrent Rebuild Remembered Sets 5,815ms
[2021-11-27T10:00:04.182-0100][35,456s] GC(10) Pause Cleanup
[2021-11-27T10:00:04.182-0100][35,456s] GC(10) Pause Cleanup 49M->49M(512M) 0,097ms
[2021-11-27T10:00:04.182-0100][35,456s] GC(10) User=0,00s Sys=0,00s Real=0,00s
[2021-11-27T10:00:04.182-0100][35,456s] GC(10) Concurrent Cleanup for Next Mark
[2021-11-27T10:00:04.182-0100][35,457s] GC(10) Concurrent Cleanup for Next Mark 0,618ms
[2021-11-27T10:00:04.182-0100][35,457s] GC(10) Concurrent Cycle 23,634ms
[2021-11-27T10:00:07.370-0100][38,644s] GC(11) Pause Young (Normal) (G1 Evacuation Pause)
[2021-11-27T10:00:07.370-0100][38,644s] GC(11) Using 10 workers of 10 for evacuation
[2021-11-27T10:00:07.382-0100][38,657s] GC(11)   Pre Evacuate Collection Set: 0,0ms
[2021-11-27T10:00:07.382-0100][38,657s] GC(11)   Evacuate Collection Set: 11,4ms
[2021-11-27T10:00:07.382-0100][38,657s] GC(11)   Post Evacuate Collection Set: 0,6ms
[2021-11-27T10:00:07.382-0100][38,657s] GC(11)   Other: 0,2ms
[2021-11-27T10:00:07.382-0100][38,657s] GC(11) Eden regions: 244->0(273)
[2021-11-27T10:00:07.382-0100][38,657s] GC(11) Survivor regions: 21->32(34)
[2021-11-27T10:00:07.382-0100][38,657s] GC(11) Old regions: 21->31
[2021-11-27T10:00:07.382-0100][38,657s] GC(11) Humongous regions: 4->4
[2021-11-27T10:00:07.382-0100][38,657s] GC(11) Metaspace: 64921K->64921K(1107968K)
[2021-11-27T10:00:07.382-0100][38,657s] GC(11) Pause Young (Normal) (G1 Evacuation Pause) 289M->66M(512M) 12,366ms
[2021-11-27T10:00:07.382-0100][38,657s] GC(11) User=0,12s Sys=0,00s Real=0,01s
[2021-11-27T10:22:41.441-0100][1392,742s] GC(12) Pause Young (Normal) (G1 Evacuation Pause)
[2021-11-27T10:22:41.441-0100][1392,742s] GC(12) Using 10 workers of 10 for evacuation
[2021-11-27T10:22:41.475-0100][1392,776s] GC(12)   Pre Evacuate Collection Set: 0,0ms
[2021-11-27T10:22:41.475-0100][1392,776s] GC(12)   Evacuate Collection Set: 33,3ms
[2021-11-27T10:22:41.475-0100][1392,776s] GC(12)   Post Evacuate Collection Set: 0,8ms
[2021-11-27T10:22:41.475-0100][1392,776s] GC(12)   Other: 0,3ms
[2021-11-27T10:22:41.475-0100][1392,776s] GC(12) Eden regions: 273->0(295)
[2021-11-27T10:22:41.475-0100][1392,776s] GC(12) Survivor regions: 32->11(39)
[2021-11-27T10:22:41.475-0100][1392,776s] GC(12) Old regions: 31->61
[2021-11-27T10:22:41.475-0100][1392,776s] GC(12) Humongous regions: 4->4
[2021-11-27T10:22:41.475-0100][1392,776s] GC(12) Metaspace: 72035K->72035K(1114112K)
[2021-11-27T10:22:41.475-0100][1392,776s] GC(12) Pause Young (Normal) (G1 Evacuation Pause) 339M->75M(512M) 34,483ms
[2021-11-27T10:22:41.475-0100][1392,776s] GC(12) User=0,12s Sys=0,15s Real=0,03s
