[2021-12-03T02:32:47.347-0100][0.013s] Heap region size: 1M
[2021-12-03T02:32:47.640-0100][0.306s] Using G1
[2021-12-03T02:32:47.640-0100][0.306s] Heap address: 0x00000007e0000000, size: 512 MB, Compressed Oops mode: Zero based, Oop shift amount: 3
[2021-12-03T02:32:48.168-0100][0,834s] GC(0) Pause Young (Normal) (G1 Evacuation Pause)
[2021-12-03T02:32:48.169-0100][0,835s] GC(0) Using 10 workers of 10 for evacuation
[2021-12-03T02:32:48.171-0100][0,837s] GC(0)   Pre Evacuate Collection Set: 0,0ms
[2021-12-03T02:32:48.171-0100][0,837s] GC(0)   Evacuate Collection Set: 1,9ms
[2021-12-03T02:32:48.171-0100][0,837s] GC(0)   Post Evacuate Collection Set: 0,3ms
[2021-12-03T02:32:48.171-0100][0,837s] GC(0)   Other: 0,5ms
[2021-12-03T02:32:48.171-0100][0,837s] GC(0) Eden regions: 30->0(303)
[2021-12-03T02:32:48.171-0100][0,837s] GC(0) Survivor regions: 0->4(4)
[2021-12-03T02:32:48.171-0100][0,837s] GC(0) Old regions: 0->0
[2021-12-03T02:32:48.171-0100][0,837s] GC(0) Humongous regions: 0->0
[2021-12-03T02:32:48.171-0100][0,837s] GC(0) Metaspace: 13350K->13350K(1060864K)
[2021-12-03T02:32:48.171-0100][0,837s] GC(0) Pause Young (Normal) (G1 Evacuation Pause) 30M->3M(512M) 2,840ms
[2021-12-03T02:32:48.171-0100][0,837s] GC(0) User=0,01s Sys=0,00s Real=0,01s
[2021-12-03T02:32:48.522-0100][1,188s] GC(1) Pause Young (Concurrent Start) (Metadata GC Threshold)
[2021-12-03T02:32:48.522-0100][1,188s] GC(1) Using 10 workers of 10 for evacuation
[2021-12-03T02:32:48.532-0100][1,198s] GC(1)   Pre Evacuate Collection Set: 0,0ms
[2021-12-03T02:32:48.532-0100][1,198s] GC(1)   Evacuate Collection Set: 8,8ms
[2021-12-03T02:32:48.532-0100][1,198s] GC(1)   Post Evacuate Collection Set: 0,4ms
[2021-12-03T02:32:48.532-0100][1,198s] GC(1)   Other: 0,2ms
[2021-12-03T02:32:48.532-0100][1,198s] GC(1) Eden regions: 25->0(295)
[2021-12-03T02:32:48.532-0100][1,198s] GC(1) Survivor regions: 4->12(39)
[2021-12-03T02:32:48.532-0100][1,198s] GC(1) Old regions: 0->0
[2021-12-03T02:32:48.532-0100][1,198s] GC(1) Humongous regions: 4->4
[2021-12-03T02:32:48.532-0100][1,198s] GC(1) Metaspace: 20587K->20587K(1069056K)
[2021-12-03T02:32:48.532-0100][1,198s] GC(1) Pause Young (Concurrent Start) (Metadata GC Threshold) 31M->15M(512M) 9,631ms
[2021-12-03T02:32:48.532-0100][1,198s] GC(1) User=0,05s Sys=0,00s Real=0,01s
[2021-12-03T02:32:48.532-0100][1,198s] GC(2) Concurrent Cycle
[2021-12-03T02:32:48.532-0100][1,198s] GC(2) Concurrent Clear Claimed Marks
[2021-12-03T02:32:48.532-0100][1,199s] GC(2) Concurrent Clear Claimed Marks 0,022ms
[2021-12-03T02:32:48.533-0100][1,199s] GC(2) Concurrent Scan Root Regions
[2021-12-03T02:32:48.535-0100][1,201s] GC(2) Concurrent Scan Root Regions 2,396ms
[2021-12-03T02:32:48.535-0100][1,201s] GC(2) Concurrent Mark (1,201s)
[2021-12-03T02:32:48.535-0100][1,201s] GC(2) Concurrent Mark From Roots
[2021-12-03T02:32:48.535-0100][1,201s] GC(2) Using 3 workers of 3 for marking
[2021-12-03T02:32:48.536-0100][1,202s] GC(2) Concurrent Mark From Roots 0,723ms
[2021-12-03T02:32:48.536-0100][1,202s] GC(2) Concurrent Preclean
[2021-12-03T02:32:48.536-0100][1,202s] GC(2) Concurrent Preclean 0,033ms
[2021-12-03T02:32:48.536-0100][1,202s] GC(2) Concurrent Mark (1,201s, 1,202s) 0,813ms
[2021-12-03T02:32:48.536-0100][1,202s] GC(2) Pause Remark
[2021-12-03T02:32:48.537-0100][1,203s] GC(2) Cleaned string and symbol table, strings: 9981 processed, 0 removed, symbols: 67358 processed, 22 removed
[2021-12-03T02:32:48.537-0100][1,203s] GC(2) Pause Remark 16M->16M(512M) 0,964ms
[2021-12-03T02:32:48.537-0100][1,203s] GC(2) User=0,01s Sys=0,00s Real=0,00s
[2021-12-03T02:32:48.537-0100][1,203s] GC(2) Concurrent Rebuild Remembered Sets
[2021-12-03T02:32:48.539-0100][1,205s] GC(2) Concurrent Rebuild Remembered Sets 2,328ms
[2021-12-03T02:32:48.539-0100][1,205s] GC(2) Pause Cleanup
[2021-12-03T02:32:48.539-0100][1,206s] GC(2) Pause Cleanup 16M->16M(512M) 0,114ms
[2021-12-03T02:32:48.539-0100][1,206s] GC(2) User=0,00s Sys=0,00s Real=0,00s
[2021-12-03T02:32:48.540-0100][1,206s] GC(2) Concurrent Cleanup for Next Mark
[2021-12-03T02:32:48.540-0100][1,206s] GC(2) Concurrent Cleanup for Next Mark 0,626ms
[2021-12-03T02:32:48.540-0100][1,206s] GC(2) Concurrent Cycle 8,126ms
[2021-12-03T02:32:49.874-0100][2,540s] GC(3) Pause Young (Concurrent Start) (Metadata GC Threshold)
[2021-12-03T02:32:49.874-0100][2,540s] GC(3) Using 10 workers of 10 for evacuation
[2021-12-03T02:32:49.885-0100][2,551s] GC(3)   Pre Evacuate Collection Set: 0,0ms
[2021-12-03T02:32:49.885-0100][2,551s] GC(3)   Evacuate Collection Set: 9,7ms
[2021-12-03T02:32:49.885-0100][2,551s] GC(3)   Post Evacuate Collection Set: 1,2ms
[2021-12-03T02:32:49.885-0100][2,551s] GC(3)   Other: 0,2ms
[2021-12-03T02:32:49.885-0100][2,551s] GC(3) Eden regions: 111->0(117)
[2021-12-03T02:32:49.885-0100][2,551s] GC(3) Survivor regions: 12->21(39)
[2021-12-03T02:32:49.885-0100][2,551s] GC(3) Old regions: 0->0
[2021-12-03T02:32:49.885-0100][2,551s] GC(3) Humongous regions: 4->4
[2021-12-03T02:32:49.885-0100][2,551s] GC(3) Metaspace: 34736K->34736K(1081344K)
[2021-12-03T02:32:49.885-0100][2,551s] GC(3) Pause Young (Concurrent Start) (Metadata GC Threshold) 126M->24M(512M) 11,270ms
[2021-12-03T02:32:49.885-0100][2,551s] GC(3) User=0,09s Sys=0,00s Real=0,01s
[2021-12-03T02:32:49.885-0100][2,551s] GC(4) Concurrent Cycle
[2021-12-03T02:32:49.885-0100][2,551s] GC(4) Concurrent Clear Claimed Marks
[2021-12-03T02:32:49.885-0100][2,551s] GC(4) Concurrent Clear Claimed Marks 0,043ms
[2021-12-03T02:32:49.885-0100][2,551s] GC(4) Concurrent Scan Root Regions
[2021-12-03T02:32:49.888-0100][2,554s] GC(4) Concurrent Scan Root Regions 2,969ms
[2021-12-03T02:32:49.888-0100][2,554s] GC(4) Concurrent Mark (2,554s)
[2021-12-03T02:32:49.888-0100][2,554s] GC(4) Concurrent Mark From Roots
[2021-12-03T02:32:49.888-0100][2,554s] GC(4) Using 3 workers of 3 for marking
[2021-12-03T02:32:49.892-0100][2,558s] GC(4) Concurrent Mark From Roots 3,685ms
[2021-12-03T02:32:49.892-0100][2,558s] GC(4) Concurrent Preclean
[2021-12-03T02:32:49.892-0100][2,558s] GC(4) Concurrent Preclean 0,027ms
[2021-12-03T02:32:49.892-0100][2,558s] GC(4) Concurrent Mark (2,554s, 2,558s) 3,762ms
[2021-12-03T02:32:49.892-0100][2,558s] GC(4) Pause Remark
[2021-12-03T02:32:49.893-0100][2,560s] GC(4) Cleaned string and symbol table, strings: 15960 processed, 0 removed, symbols: 113547 processed, 39 removed
[2021-12-03T02:32:49.894-0100][2,560s] GC(4) Pause Remark 25M->25M(512M) 1,401ms
[2021-12-03T02:32:49.894-0100][2,560s] GC(4) User=0,01s Sys=0,01s Real=0,00s
[2021-12-03T02:32:49.894-0100][2,560s] GC(4) Concurrent Rebuild Remembered Sets
[2021-12-03T02:32:49.896-0100][2,562s] GC(4) Concurrent Rebuild Remembered Sets 2,101ms
[2021-12-03T02:32:49.896-0100][2,562s] GC(4) Pause Cleanup
[2021-12-03T02:32:49.896-0100][2,563s] GC(4) Pause Cleanup 25M->25M(512M) 0,088ms
[2021-12-03T02:32:49.896-0100][2,563s] GC(4) User=0,00s Sys=0,00s Real=0,00s
[2021-12-03T02:32:49.896-0100][2,563s] GC(4) Concurrent Cleanup for Next Mark
[2021-12-03T02:32:49.897-0100][2,563s] GC(4) Concurrent Cleanup for Next Mark 0,663ms
[2021-12-03T02:32:49.897-0100][2,563s] GC(4) Concurrent Cycle 12,094ms
[2021-12-03T02:32:51.462-0100][4,128s] GC(5) Pause Young (Normal) (G1 Evacuation Pause)
[2021-12-03T02:32:51.462-0100][4,128s] GC(5) Using 10 workers of 10 for evacuation
[2021-12-03T02:32:51.476-0100][4,142s] GC(5)   Pre Evacuate Collection Set: 0,0ms
[2021-12-03T02:32:51.476-0100][4,142s] GC(5)   Evacuate Collection Set: 12,3ms
[2021-12-03T02:32:51.476-0100][4,142s] GC(5)   Post Evacuate Collection Set: 1,2ms
[2021-12-03T02:32:51.476-0100][4,142s] GC(5)   Other: 0,2ms
[2021-12-03T02:32:51.476-0100][4,142s] GC(5) Eden regions: 114->0(213)
[2021-12-03T02:32:51.476-0100][4,142s] GC(5) Survivor regions: 21->10(17)
[2021-12-03T02:32:51.476-0100][4,142s] GC(5) Old regions: 0->21
[2021-12-03T02:32:51.476-0100][4,142s] GC(5) Humongous regions: 4->4
[2021-12-03T02:32:51.476-0100][4,142s] GC(5) Metaspace: 46316K->46316K(1091584K)
[2021-12-03T02:32:51.476-0100][4,142s] GC(5) Pause Young (Normal) (G1 Evacuation Pause) 138M->34M(512M) 13,789ms
[2021-12-03T02:32:51.476-0100][4,142s] GC(5) User=0,14s Sys=0,00s Real=0,01s
[2021-12-03T02:32:52.615-0100][5,281s] GC(6) Pause Young (Normal) (G1 Evacuation Pause)
[2021-12-03T02:32:52.615-0100][5,281s] GC(6) Using 10 workers of 10 for evacuation
[2021-12-03T02:32:52.622-0100][5,288s] GC(6)   Pre Evacuate Collection Set: 0,0ms
[2021-12-03T02:32:52.622-0100][5,288s] GC(6)   Evacuate Collection Set: 5,7ms
[2021-12-03T02:32:52.622-0100][5,288s] GC(6)   Post Evacuate Collection Set: 1,0ms
[2021-12-03T02:32:52.622-0100][5,288s] GC(6)   Other: 0,2ms
[2021-12-03T02:32:52.622-0100][5,288s] GC(6) Eden regions: 213->0(265)
[2021-12-03T02:32:52.622-0100][5,288s] GC(6) Survivor regions: 10->16(28)
[2021-12-03T02:32:52.622-0100][5,288s] GC(6) Old regions: 21->21
[2021-12-03T02:32:52.622-0100][5,288s] GC(6) Humongous regions: 5->4
[2021-12-03T02:32:52.622-0100][5,288s] GC(6) Metaspace: 55944K->55944K(1099776K)
[2021-12-03T02:32:52.622-0100][5,288s] GC(6) Pause Young (Normal) (G1 Evacuation Pause) 248M->39M(512M) 7,121ms
[2021-12-03T02:32:52.622-0100][5,288s] GC(6) User=0,07s Sys=0,00s Real=0,01s
[2021-12-03T02:32:53.087-0100][5,754s] GC(7) Pause Young (Concurrent Start) (Metadata GC Threshold)
[2021-12-03T02:32:53.087-0100][5,754s] GC(7) Using 10 workers of 10 for evacuation
[2021-12-03T02:32:53.098-0100][5,765s] GC(7)   Pre Evacuate Collection Set: 0,1ms
[2021-12-03T02:32:53.098-0100][5,765s] GC(7)   Evacuate Collection Set: 10,4ms
[2021-12-03T02:32:53.098-0100][5,765s] GC(7)   Post Evacuate Collection Set: 0,4ms
[2021-12-03T02:32:53.099-0100][5,765s] GC(7)   Other: 0,2ms
[2021-12-03T02:32:53.099-0100][5,765s] GC(7) Eden regions: 133->0(284)
[2021-12-03T02:32:53.099-0100][5,765s] GC(7) Survivor regions: 16->23(36)
[2021-12-03T02:32:53.099-0100][5,765s] GC(7) Old regions: 21->21
[2021-12-03T02:32:53.099-0100][5,765s] GC(7) Humongous regions: 4->4
[2021-12-03T02:32:53.099-0100][5,765s] GC(7) Metaspace: 58553K->58553K(1101824K)
[2021-12-03T02:32:53.099-0100][5,765s] GC(7) Pause Young (Concurrent Start) (Metadata GC Threshold) 172M->47M(512M) 11,160ms
[2021-12-03T02:32:53.099-0100][5,765s] GC(7) User=0,07s Sys=0,00s Real=0,01s
[2021-12-03T02:32:53.099-0100][5,765s] GC(8) Concurrent Cycle
[2021-12-03T02:32:53.099-0100][5,765s] GC(8) Concurrent Clear Claimed Marks
[2021-12-03T02:32:53.099-0100][5,765s] GC(8) Concurrent Clear Claimed Marks 0,076ms
[2021-12-03T02:32:53.099-0100][5,765s] GC(8) Concurrent Scan Root Regions
[2021-12-03T02:32:53.103-0100][5,770s] GC(8) Concurrent Scan Root Regions 4,645ms
[2021-12-03T02:32:53.103-0100][5,770s] GC(8) Concurrent Mark (5,770s)
[2021-12-03T02:32:53.103-0100][5,770s] GC(8) Concurrent Mark From Roots
[2021-12-03T02:32:53.103-0100][5,770s] GC(8) Using 3 workers of 3 for marking
[2021-12-03T02:32:53.118-0100][5,784s] GC(8) Concurrent Mark From Roots 14,731ms
[2021-12-03T02:32:53.118-0100][5,784s] GC(8) Concurrent Preclean
[2021-12-03T02:32:53.118-0100][5,785s] GC(8) Concurrent Preclean 0,103ms
[2021-12-03T02:32:53.118-0100][5,785s] GC(8) Concurrent Mark (5,770s, 5,785s) 14,892ms
[2021-12-03T02:32:53.118-0100][5,785s] GC(8) Pause Remark
[2021-12-03T02:32:53.121-0100][5,788s] GC(8) Cleaned string and symbol table, strings: 28985 processed, 33 removed, symbols: 178220 processed, 634 removed
[2021-12-03T02:32:53.122-0100][5,788s] GC(8) Pause Remark 52M->52M(512M) 3,076ms
[2021-12-03T02:32:53.122-0100][5,788s] GC(8) User=0,03s Sys=0,00s Real=0,01s
[2021-12-03T02:32:53.122-0100][5,788s] GC(8) Concurrent Rebuild Remembered Sets
[2021-12-03T02:32:53.129-0100][5,795s] GC(8) Concurrent Rebuild Remembered Sets 7,380ms
[2021-12-03T02:32:53.129-0100][5,796s] GC(8) Pause Cleanup
[2021-12-03T02:32:53.130-0100][5,796s] GC(8) Pause Cleanup 54M->54M(512M) 0,110ms
[2021-12-03T02:32:53.130-0100][5,796s] GC(8) User=0,00s Sys=0,00s Real=0,01s
[2021-12-03T02:32:53.130-0100][5,796s] GC(8) Concurrent Cleanup for Next Mark
[2021-12-03T02:32:53.130-0100][5,797s] GC(8) Concurrent Cleanup for Next Mark 0,679ms
[2021-12-03T02:32:53.130-0100][5,797s] GC(8) Concurrent Cycle 31,759ms
[2021-12-03T02:32:55.286-0100][7,952s] GC(9) Pause Young (Normal) (G1 Evacuation Pause)
[2021-12-03T02:32:55.296-0100][7,963s] GC(9) Using 10 workers of 10 for evacuation
[2021-12-03T02:32:55.311-0100][7,977s] GC(9)   Pre Evacuate Collection Set: 0,0ms
[2021-12-03T02:32:55.311-0100][7,977s] GC(9)   Evacuate Collection Set: 14,0ms
[2021-12-03T02:32:55.311-0100][7,977s] GC(9)   Post Evacuate Collection Set: 0,7ms
[2021-12-03T02:32:55.311-0100][7,977s] GC(9)   Other: 10,7ms
[2021-12-03T02:32:55.311-0100][7,977s] GC(9) Eden regions: 284->0(268)
[2021-12-03T02:32:55.311-0100][7,977s] GC(9) Survivor regions: 23->39(39)
[2021-12-03T02:32:55.311-0100][7,977s] GC(9) Old regions: 21->29
[2021-12-03T02:32:55.311-0100][7,977s] GC(9) Humongous regions: 4->4
[2021-12-03T02:32:55.311-0100][7,977s] GC(9) Metaspace: 65374K->65374K(1107968K)
[2021-12-03T02:32:55.311-0100][7,977s] GC(9) Pause Young (Normal) (G1 Evacuation Pause) 331M->71M(512M) 25,424ms
[2021-12-03T02:32:55.311-0100][7,978s] GC(9) User=0,16s Sys=0,00s Real=0,03s
[2021-12-03T02:35:28.728-0100][161,399s] GC(10) Pause Young (Normal) (G1 Evacuation Pause)
[2021-12-03T02:35:28.729-0100][161,399s] GC(10) Using 10 workers of 10 for evacuation
[2021-12-03T02:35:28.742-0100][161,413s] GC(10)   Pre Evacuate Collection Set: 0,0ms
[2021-12-03T02:35:28.742-0100][161,413s] GC(10)   Evacuate Collection Set: 12,6ms
[2021-12-03T02:35:28.742-0100][161,413s] GC(10)   Post Evacuate Collection Set: 0,6ms
[2021-12-03T02:35:28.742-0100][161,413s] GC(10)   Other: 0,5ms
[2021-12-03T02:35:28.742-0100][161,413s] GC(10) Eden regions: 268->0(292)
[2021-12-03T02:35:28.742-0100][161,413s] GC(10) Survivor regions: 39->15(39)
[2021-12-03T02:35:28.742-0100][161,413s] GC(10) Old regions: 29->62
[2021-12-03T02:35:28.742-0100][161,413s] GC(10) Humongous regions: 7->7
[2021-12-03T02:35:28.742-0100][161,413s] GC(10) Metaspace: 71542K->71542K(1114112K)
[2021-12-03T02:35:28.742-0100][161,413s] GC(10) Pause Young (Normal) (G1 Evacuation Pause) 342M->83M(512M) 13,851ms
[2021-12-03T02:35:28.742-0100][161,413s] GC(10) User=0,14s Sys=0,01s Real=0,02s
[2021-12-03T02:36:10.936-0100][203,607s] GC(11) Pause Young (Normal) (G1 Evacuation Pause)
[2021-12-03T02:36:10.936-0100][203,607s] GC(11) Using 10 workers of 10 for evacuation
[2021-12-03T02:36:10.942-0100][203,613s] GC(11)   Pre Evacuate Collection Set: 0,0ms
[2021-12-03T02:36:10.942-0100][203,613s] GC(11)   Evacuate Collection Set: 5,2ms
[2021-12-03T02:36:10.942-0100][203,613s] GC(11)   Post Evacuate Collection Set: 0,4ms
[2021-12-03T02:36:10.942-0100][203,613s] GC(11)   Other: 0,2ms
[2021-12-03T02:36:10.942-0100][203,613s] GC(11) Eden regions: 292->0(292)
[2021-12-03T02:36:10.942-0100][203,613s] GC(11) Survivor regions: 15->15(39)
[2021-12-03T02:36:10.942-0100][203,613s] GC(11) Old regions: 62->62
[2021-12-03T02:36:10.942-0100][203,613s] GC(11) Humongous regions: 7->7
[2021-12-03T02:36:10.942-0100][203,613s] GC(11) Metaspace: 71834K->71834K(1114112K)
[2021-12-03T02:36:10.942-0100][203,613s] GC(11) Pause Young (Normal) (G1 Evacuation Pause) 375M->82M(512M) 5,938ms
[2021-12-03T02:36:10.942-0100][203,613s] GC(11) User=0,06s Sys=0,00s Real=0,01s
[2021-12-03T03:29:05.703-0100][1755,040s] GC(12) Pause Young (Normal) (G1 Evacuation Pause)
[2021-12-03T03:29:05.703-0100][1755,040s] GC(12) Using 10 workers of 10 for evacuation
[2021-12-03T03:29:05.712-0100][1755,049s] GC(12)   Pre Evacuate Collection Set: 0,0ms
[2021-12-03T03:29:05.712-0100][1755,049s] GC(12)   Evacuate Collection Set: 8,2ms
[2021-12-03T03:29:05.712-0100][1755,049s] GC(12)   Post Evacuate Collection Set: 0,6ms
[2021-12-03T03:29:05.712-0100][1755,049s] GC(12)   Other: 0,4ms
[2021-12-03T03:29:05.712-0100][1755,049s] GC(12) Eden regions: 292->0(291)
[2021-12-03T03:29:05.712-0100][1755,049s] GC(12) Survivor regions: 15->16(39)
[2021-12-03T03:29:05.712-0100][1755,049s] GC(12) Old regions: 62->62
[2021-12-03T03:29:05.712-0100][1755,049s] GC(12) Humongous regions: 7->7
[2021-12-03T03:29:05.712-0100][1755,049s] GC(12) Metaspace: 74338K->74338K(1116160K)
[2021-12-03T03:29:05.712-0100][1755,049s] GC(12) Pause Young (Normal) (G1 Evacuation Pause) 374M->84M(512M) 9,428ms
[2021-12-03T03:29:05.712-0100][1755,049s] GC(12) User=0,08s Sys=0,00s Real=0,01s
[2021-12-03T03:59:28.853-0100][3578,135s] GC(13) Pause Young (Normal) (G1 Evacuation Pause)
[2021-12-03T03:59:28.853-0100][3578,136s] GC(13) Using 10 workers of 10 for evacuation
[2021-12-03T03:59:28.919-0100][3578,202s] GC(13)   Pre Evacuate Collection Set: 0,1ms
[2021-12-03T03:59:28.919-0100][3578,202s] GC(13)   Evacuate Collection Set: 64,5ms
[2021-12-03T03:59:28.919-0100][3578,202s] GC(13)   Post Evacuate Collection Set: 1,2ms
[2021-12-03T03:59:28.919-0100][3578,202s] GC(13)   Other: 0,9ms
[2021-12-03T03:59:28.919-0100][3578,202s] GC(13) Eden regions: 291->0(292)
[2021-12-03T03:59:28.919-0100][3578,202s] GC(13) Survivor regions: 16->15(39)
[2021-12-03T03:59:28.919-0100][3578,202s] GC(13) Old regions: 62->62
[2021-12-03T03:59:28.919-0100][3578,202s] GC(13) Humongous regions: 7->7
[2021-12-03T03:59:28.919-0100][3578,202s] GC(13) Metaspace: 75316K->75316K(1118208K)
[2021-12-03T03:59:28.919-0100][3578,202s] GC(13) Pause Young (Normal) (G1 Evacuation Pause) 375M->83M(512M) 66,865ms
[2021-12-03T03:59:28.919-0100][3578,202s] GC(13) User=0,08s Sys=0,22s Real=0,06s
[2021-12-03T04:08:47.175-0100][4136,441s] GC(14) Pause Young (Normal) (G1 Evacuation Pause)
[2021-12-03T04:08:47.176-0100][4136,442s] GC(14) Using 10 workers of 10 for evacuation
[2021-12-03T04:08:47.184-0100][4136,450s] GC(14)   Pre Evacuate Collection Set: 0,0ms
[2021-12-03T04:08:47.185-0100][4136,450s] GC(14)   Evacuate Collection Set: 7,7ms
[2021-12-03T04:08:47.185-0100][4136,450s] GC(14)   Post Evacuate Collection Set: 0,6ms
[2021-12-03T04:08:47.185-0100][4136,450s] GC(14)   Other: 0,8ms
[2021-12-03T04:08:47.185-0100][4136,450s] GC(14) Eden regions: 292->0(290)
[2021-12-03T04:08:47.185-0100][4136,450s] GC(14) Survivor regions: 15->17(39)
[2021-12-03T04:08:47.185-0100][4136,450s] GC(14) Old regions: 62->62
[2021-12-03T04:08:47.185-0100][4136,450s] GC(14) Humongous regions: 7->7
[2021-12-03T04:08:47.185-0100][4136,450s] GC(14) Metaspace: 75665K->75665K(1118208K)
[2021-12-03T04:08:47.185-0100][4136,450s] GC(14) Pause Young (Normal) (G1 Evacuation Pause) 375M->84M(512M) 9,274ms
[2021-12-03T04:08:47.185-0100][4136,450s] GC(14) User=0,05s Sys=0,03s Real=0,01s
[2021-12-03T04:09:00.388-0100][4149,653s] GC(15) Pause Young (Normal) (G1 Evacuation Pause)
[2021-12-03T04:09:00.388-0100][4149,653s] GC(15) Using 10 workers of 10 for evacuation
[2021-12-03T04:09:00.394-0100][4149,659s] GC(15)   Pre Evacuate Collection Set: 0,0ms
[2021-12-03T04:09:00.394-0100][4149,659s] GC(15)   Evacuate Collection Set: 5,2ms
[2021-12-03T04:09:00.394-0100][4149,659s] GC(15)   Post Evacuate Collection Set: 0,5ms
[2021-12-03T04:09:00.394-0100][4149,659s] GC(15)   Other: 0,2ms
[2021-12-03T04:09:00.394-0100][4149,659s] GC(15) Eden regions: 290->0(290)
[2021-12-03T04:09:00.394-0100][4149,659s] GC(15) Survivor regions: 17->17(39)
[2021-12-03T04:09:00.394-0100][4149,659s] GC(15) Old regions: 62->62
[2021-12-03T04:09:00.394-0100][4149,659s] GC(15) Humongous regions: 7->7
[2021-12-03T04:09:00.394-0100][4149,659s] GC(15) Metaspace: 75702K->75702K(1118208K)
[2021-12-03T04:09:00.394-0100][4149,659s] GC(15) Pause Young (Normal) (G1 Evacuation Pause) 374M->85M(512M) 5,957ms
[2021-12-03T04:09:00.394-0100][4149,659s] GC(15) User=0,05s Sys=0,00s Real=0,01s
[2021-12-03T04:37:14.995-0100][5501,601s] GC(16) Pause Young (Normal) (G1 Evacuation Pause)
[2021-12-03T04:37:14.995-0100][5501,601s] GC(16) Using 10 workers of 10 for evacuation
[2021-12-03T04:37:15.052-0100][5501,658s] GC(16)   Pre Evacuate Collection Set: 0,2ms
[2021-12-03T04:37:15.052-0100][5501,658s] GC(16)   Evacuate Collection Set: 55,4ms
[2021-12-03T04:37:15.052-0100][5501,658s] GC(16)   Post Evacuate Collection Set: 0,9ms
[2021-12-03T04:37:15.052-0100][5501,658s] GC(16)   Other: 0,3ms
[2021-12-03T04:37:15.052-0100][5501,658s] GC(16) Eden regions: 290->0(289)
[2021-12-03T04:37:15.052-0100][5501,658s] GC(16) Survivor regions: 17->18(39)
[2021-12-03T04:37:15.052-0100][5501,658s] GC(16) Old regions: 62->62
[2021-12-03T04:37:15.052-0100][5501,658s] GC(16) Humongous regions: 7->7
[2021-12-03T04:37:15.052-0100][5501,658s] GC(16) Metaspace: 75873K->75873K(1118208K)
[2021-12-03T04:37:15.052-0100][5501,658s] GC(16) Pause Young (Normal) (G1 Evacuation Pause) 374M->86M(512M) 56,961ms
[2021-12-03T04:37:15.052-0100][5501,658s] GC(16) User=0,08s Sys=0,24s Real=0,06s
[2021-12-03T04:42:13.689-0100][5800,298s] Heap
[2021-12-03T04:42:13.689-0100][5800,298s]  garbage-first heap   total 524288K, used 150557K [0x00000007e0000000, 0x0000000800000000)
[2021-12-03T04:42:13.689-0100][5800,298s]   region size 1024K, 81 young (82944K), 18 survivors (18432K)
[2021-12-03T04:42:13.689-0100][5800,298s]  Metaspace       used 76174K, capacity 78270K, committed 78628K, reserved 1118208K
[2021-12-03T04:42:13.689-0100][5800,298s]   class space    used 8261K, capacity 9100K, committed 9216K, reserved 1048576K
