[2021-11-29T23:46:39.053-0100][0.010s] Heap region size: 1M
[2021-11-29T23:46:39.257-0100][0.214s] Using G1
[2021-11-29T23:46:39.257-0100][0.214s] Heap address: 0x00000007e0000000, size: 512 MB, Compressed Oops mode: Zero based, Oop shift amount: 3
[2021-11-29T23:46:39.678-0100][0,636s] GC(0) Pause Young (Normal) (G1 Evacuation Pause)
[2021-11-29T23:46:39.679-0100][0,636s] GC(0) Using 10 workers of 10 for evacuation
[2021-11-29T23:46:39.681-0100][0,638s] GC(0)   Pre Evacuate Collection Set: 0,0ms
[2021-11-29T23:46:39.681-0100][0,639s] GC(0)   Evacuate Collection Set: 1,9ms
[2021-11-29T23:46:39.681-0100][0,639s] GC(0)   Post Evacuate Collection Set: 0,3ms
[2021-11-29T23:46:39.681-0100][0,639s] GC(0)   Other: 0,6ms
[2021-11-29T23:46:39.681-0100][0,639s] GC(0) Eden regions: 30->0(304)
[2021-11-29T23:46:39.681-0100][0,639s] GC(0) Survivor regions: 0->3(4)
[2021-11-29T23:46:39.681-0100][0,639s] GC(0) Old regions: 0->0
[2021-11-29T23:46:39.681-0100][0,639s] GC(0) Humongous regions: 0->0
[2021-11-29T23:46:39.681-0100][0,639s] GC(0) Metaspace: 13243K->13243K(1060864K)
[2021-11-29T23:46:39.681-0100][0,639s] GC(0) Pause Young (Normal) (G1 Evacuation Pause) 30M->2M(512M) 2,916ms
[2021-11-29T23:46:39.681-0100][0,639s] GC(0) User=0,02s Sys=0,01s Real=0,01s
[2021-11-29T23:46:40.056-0100][1,013s] GC(1) Pause Young (Concurrent Start) (Metadata GC Threshold)
[2021-11-29T23:46:40.056-0100][1,013s] GC(1) Using 10 workers of 10 for evacuation
[2021-11-29T23:46:40.066-0100][1,024s] GC(1)   Pre Evacuate Collection Set: 0,0ms
[2021-11-29T23:46:40.066-0100][1,024s] GC(1)   Evacuate Collection Set: 9,7ms
[2021-11-29T23:46:40.066-0100][1,024s] GC(1)   Post Evacuate Collection Set: 0,5ms
[2021-11-29T23:46:40.066-0100][1,024s] GC(1)   Other: 0,2ms
[2021-11-29T23:46:40.066-0100][1,024s] GC(1) Eden regions: 24->0(62)
[2021-11-29T23:46:40.066-0100][1,024s] GC(1) Survivor regions: 3->12(39)
[2021-11-29T23:46:40.066-0100][1,024s] GC(1) Old regions: 0->0
[2021-11-29T23:46:40.066-0100][1,024s] GC(1) Humongous regions: 4->4
[2021-11-29T23:46:40.066-0100][1,024s] GC(1) Metaspace: 20570K->20570K(1069056K)
[2021-11-29T23:46:40.066-0100][1,024s] GC(1) Pause Young (Concurrent Start) (Metadata GC Threshold) 30M->15M(512M) 10,631ms
[2021-11-29T23:46:40.066-0100][1,024s] GC(1) User=0,06s Sys=0,01s Real=0,01s
[2021-11-29T23:46:40.067-0100][1,024s] GC(2) Concurrent Cycle
[2021-11-29T23:46:40.067-0100][1,024s] GC(2) Concurrent Clear Claimed Marks
[2021-11-29T23:46:40.067-0100][1,024s] GC(2) Concurrent Clear Claimed Marks 0,023ms
[2021-11-29T23:46:40.067-0100][1,024s] GC(2) Concurrent Scan Root Regions
[2021-11-29T23:46:40.069-0100][1,026s] GC(2) Concurrent Scan Root Regions 2,380ms
[2021-11-29T23:46:40.069-0100][1,026s] GC(2) Concurrent Mark (1,026s)
[2021-11-29T23:46:40.069-0100][1,026s] GC(2) Concurrent Mark From Roots
[2021-11-29T23:46:40.069-0100][1,026s] GC(2) Using 3 workers of 3 for marking
[2021-11-29T23:46:40.070-0100][1,027s] GC(2) Concurrent Mark From Roots 0,729ms
[2021-11-29T23:46:40.070-0100][1,027s] GC(2) Concurrent Preclean
[2021-11-29T23:46:40.070-0100][1,027s] GC(2) Concurrent Preclean 0,032ms
[2021-11-29T23:46:40.070-0100][1,027s] GC(2) Concurrent Mark (1,026s, 1,027s) 0,816ms
[2021-11-29T23:46:40.070-0100][1,027s] GC(2) Pause Remark
[2021-11-29T23:46:40.071-0100][1,028s] GC(2) Cleaned string and symbol table, strings: 9983 processed, 0 removed, symbols: 67358 processed, 22 removed
[2021-11-29T23:46:40.071-0100][1,028s] GC(2) Pause Remark 16M->16M(512M) 1,001ms
[2021-11-29T23:46:40.071-0100][1,028s] GC(2) User=0,01s Sys=0,00s Real=0,00s
[2021-11-29T23:46:40.071-0100][1,028s] GC(2) Concurrent Rebuild Remembered Sets
[2021-11-29T23:46:40.073-0100][1,031s] GC(2) Concurrent Rebuild Remembered Sets 2,300ms
[2021-11-29T23:46:40.073-0100][1,031s] GC(2) Pause Cleanup
[2021-11-29T23:46:40.074-0100][1,031s] GC(2) Pause Cleanup 16M->16M(512M) 0,099ms
[2021-11-29T23:46:40.074-0100][1,031s] GC(2) User=0,00s Sys=0,00s Real=0,00s
[2021-11-29T23:46:40.074-0100][1,031s] GC(2) Concurrent Cleanup for Next Mark
[2021-11-29T23:46:40.074-0100][1,031s] GC(2) Concurrent Cleanup for Next Mark 0,585ms
[2021-11-29T23:46:40.074-0100][1,032s] GC(2) Concurrent Cycle 7,662ms
[2021-11-29T23:46:40.519-0100][1,476s] GC(3) Pause Young (Normal) (G1 Evacuation Pause)
[2021-11-29T23:46:40.519-0100][1,476s] GC(3) Using 10 workers of 10 for evacuation
[2021-11-29T23:46:40.527-0100][1,485s] GC(3)   Pre Evacuate Collection Set: 0,0ms
[2021-11-29T23:46:40.527-0100][1,485s] GC(3)   Evacuate Collection Set: 8,1ms
[2021-11-29T23:46:40.527-0100][1,485s] GC(3)   Post Evacuate Collection Set: 0,5ms
[2021-11-29T23:46:40.527-0100][1,485s] GC(3)   Other: 0,1ms
[2021-11-29T23:46:40.527-0100][1,485s] GC(3) Eden regions: 39->0(65)
[2021-11-29T23:46:40.527-0100][1,485s] GC(3) Survivor regions: 12->7(7)
[2021-11-29T23:46:40.527-0100][1,485s] GC(3) Old regions: 0->14
[2021-11-29T23:46:40.527-0100][1,485s] GC(3) Humongous regions: 4->4
[2021-11-29T23:46:40.527-0100][1,485s] GC(3) Metaspace: 25269K->25269K(1073152K)
[2021-11-29T23:46:40.527-0100][1,485s] GC(3) Pause Young (Normal) (G1 Evacuation Pause) 54M->24M(512M) 8,835ms
[2021-11-29T23:46:40.527-0100][1,485s] GC(3) User=0,09s Sys=0,00s Real=0,01s
[2021-11-29T23:46:41.261-0100][2,218s] GC(4) Pause Young (Normal) (G1 Evacuation Pause)
[2021-11-29T23:46:41.261-0100][2,218s] GC(4) Using 10 workers of 10 for evacuation
[2021-11-29T23:46:41.263-0100][2,220s] GC(4)   Pre Evacuate Collection Set: 0,0ms
[2021-11-29T23:46:41.263-0100][2,220s] GC(4)   Evacuate Collection Set: 1,6ms
[2021-11-29T23:46:41.263-0100][2,220s] GC(4)   Post Evacuate Collection Set: 0,2ms
[2021-11-29T23:46:41.263-0100][2,220s] GC(4)   Other: 0,1ms
[2021-11-29T23:46:41.263-0100][2,220s] GC(4) Eden regions: 65->0(109)
[2021-11-29T23:46:41.263-0100][2,220s] GC(4) Survivor regions: 7->2(9)
[2021-11-29T23:46:41.263-0100][2,220s] GC(4) Old regions: 14->20
[2021-11-29T23:46:41.263-0100][2,220s] GC(4) Humongous regions: 4->4
[2021-11-29T23:46:41.263-0100][2,220s] GC(4) Metaspace: 33136K->33136K(1079296K)
[2021-11-29T23:46:41.263-0100][2,220s] GC(4) Pause Young (Normal) (G1 Evacuation Pause) 89M->25M(512M) 2,040ms
[2021-11-29T23:46:41.263-0100][2,220s] GC(4) User=0,02s Sys=0,00s Real=0,00s
[2021-11-29T23:46:41.397-0100][2,354s] GC(5) Pause Young (Concurrent Start) (Metadata GC Threshold)
[2021-11-29T23:46:41.397-0100][2,354s] GC(5) Using 10 workers of 10 for evacuation
[2021-11-29T23:46:41.400-0100][2,357s] GC(5)   Pre Evacuate Collection Set: 0,1ms
[2021-11-29T23:46:41.400-0100][2,357s] GC(5)   Evacuate Collection Set: 2,4ms
[2021-11-29T23:46:41.400-0100][2,357s] GC(5)   Post Evacuate Collection Set: 0,2ms
[2021-11-29T23:46:41.400-0100][2,357s] GC(5)   Other: 0,2ms
[2021-11-29T23:46:41.400-0100][2,357s] GC(5) Eden regions: 6->0(115)
[2021-11-29T23:46:41.400-0100][2,357s] GC(5) Survivor regions: 2->2(14)
[2021-11-29T23:46:41.400-0100][2,357s] GC(5) Old regions: 20->20
[2021-11-29T23:46:41.400-0100][2,357s] GC(5) Humongous regions: 4->4
[2021-11-29T23:46:41.400-0100][2,357s] GC(5) Metaspace: 34760K->34760K(1081344K)
[2021-11-29T23:46:41.400-0100][2,357s] GC(5) Pause Young (Concurrent Start) (Metadata GC Threshold) 30M->25M(512M) 2,939ms
[2021-11-29T23:46:41.400-0100][2,357s] GC(5) User=0,02s Sys=0,00s Real=0,01s
[2021-11-29T23:46:41.400-0100][2,357s] GC(6) Concurrent Cycle
[2021-11-29T23:46:41.400-0100][2,357s] GC(6) Concurrent Clear Claimed Marks
[2021-11-29T23:46:41.400-0100][2,357s] GC(6) Concurrent Clear Claimed Marks 0,022ms
[2021-11-29T23:46:41.400-0100][2,357s] GC(6) Concurrent Scan Root Regions
[2021-11-29T23:46:41.401-0100][2,358s] GC(6) Concurrent Scan Root Regions 1,055ms
[2021-11-29T23:46:41.401-0100][2,358s] GC(6) Concurrent Mark (2,358s)
[2021-11-29T23:46:41.401-0100][2,358s] GC(6) Concurrent Mark From Roots
[2021-11-29T23:46:41.401-0100][2,358s] GC(6) Using 3 workers of 3 for marking
[2021-11-29T23:46:41.412-0100][2,370s] GC(6) Concurrent Mark From Roots 11,382ms
[2021-11-29T23:46:41.412-0100][2,370s] GC(6) Concurrent Preclean
[2021-11-29T23:46:41.412-0100][2,370s] GC(6) Concurrent Preclean 0,098ms
[2021-11-29T23:46:41.412-0100][2,370s] GC(6) Concurrent Mark (2,358s, 2,370s) 11,546ms
[2021-11-29T23:46:41.413-0100][2,370s] GC(6) Pause Remark
[2021-11-29T23:46:41.416-0100][2,373s] GC(6) Cleaned string and symbol table, strings: 16584 processed, 25 removed, symbols: 114256 processed, 39 removed
[2021-11-29T23:46:41.416-0100][2,373s] GC(6) Pause Remark 26M->26M(512M) 3,212ms
[2021-11-29T23:46:41.416-0100][2,373s] GC(6) User=0,04s Sys=0,00s Real=0,00s
[2021-11-29T23:46:41.416-0100][2,373s] GC(6) Concurrent Rebuild Remembered Sets
[2021-11-29T23:46:41.423-0100][2,381s] GC(6) Concurrent Rebuild Remembered Sets 7,592ms
[2021-11-29T23:46:41.424-0100][2,381s] GC(6) Pause Cleanup
[2021-11-29T23:46:41.424-0100][2,381s] GC(6) Pause Cleanup 27M->27M(512M) 0,097ms
[2021-11-29T23:46:41.424-0100][2,381s] GC(6) User=0,00s Sys=0,00s Real=0,00s
[2021-11-29T23:46:41.424-0100][2,381s] GC(6) Concurrent Cleanup for Next Mark
[2021-11-29T23:46:41.425-0100][2,382s] GC(6) Concurrent Cleanup for Next Mark 0,821ms
[2021-11-29T23:46:41.425-0100][2,382s] GC(6) Concurrent Cycle 25,263ms
[2021-11-29T23:46:42.979-0100][3,936s] GC(7) Pause Young (Normal) (G1 Evacuation Pause)
[2021-11-29T23:46:42.979-0100][3,936s] GC(7) Using 10 workers of 10 for evacuation
[2021-11-29T23:46:42.985-0100][3,942s] GC(7)   Pre Evacuate Collection Set: 0,0ms
[2021-11-29T23:46:42.985-0100][3,942s] GC(7)   Evacuate Collection Set: 4,7ms
[2021-11-29T23:46:42.985-0100][3,942s] GC(7)   Post Evacuate Collection Set: 0,7ms
[2021-11-29T23:46:42.985-0100][3,942s] GC(7)   Other: 0,2ms
[2021-11-29T23:46:42.985-0100][3,942s] GC(7) Eden regions: 115->0(189)
[2021-11-29T23:46:42.985-0100][3,942s] GC(7) Survivor regions: 2->10(15)
[2021-11-29T23:46:42.985-0100][3,942s] GC(7) Old regions: 20->20
[2021-11-29T23:46:42.985-0100][3,942s] GC(7) Humongous regions: 4->4
[2021-11-29T23:46:42.985-0100][3,942s] GC(7) Metaspace: 46327K->46327K(1091584K)
[2021-11-29T23:46:42.985-0100][3,942s] GC(7) Pause Young (Normal) (G1 Evacuation Pause) 140M->33M(512M) 5,683ms
[2021-11-29T23:46:42.985-0100][3,942s] GC(7) User=0,06s Sys=0,00s Real=0,01s
[2021-11-29T23:46:44.008-0100][4,965s] GC(8) Pause Young (Normal) (G1 Evacuation Pause)
[2021-11-29T23:46:44.008-0100][4,965s] GC(8) Using 10 workers of 10 for evacuation
[2021-11-29T23:46:44.016-0100][4,973s] GC(8)   Pre Evacuate Collection Set: 0,0ms
[2021-11-29T23:46:44.016-0100][4,973s] GC(8)   Evacuate Collection Set: 6,8ms
[2021-11-29T23:46:44.016-0100][4,973s] GC(8)   Post Evacuate Collection Set: 1,0ms
[2021-11-29T23:46:44.016-0100][4,973s] GC(8)   Other: 0,2ms
[2021-11-29T23:46:44.016-0100][4,973s] GC(8) Eden regions: 189->0(245)
[2021-11-29T23:46:44.016-0100][4,973s] GC(8) Survivor regions: 10->17(25)
[2021-11-29T23:46:44.016-0100][4,973s] GC(8) Old regions: 20->20
[2021-11-29T23:46:44.016-0100][4,973s] GC(8) Humongous regions: 5->4
[2021-11-29T23:46:44.016-0100][4,973s] GC(8) Metaspace: 54545K->54545K(1099776K)
[2021-11-29T23:46:44.016-0100][4,973s] GC(8) Pause Young (Normal) (G1 Evacuation Pause) 223M->40M(512M) 8,206ms
[2021-11-29T23:46:44.016-0100][4,973s] GC(8) User=0,07s Sys=0,00s Real=0,01s
[2021-11-29T23:46:44.488-0100][5,445s] GC(9) Pause Young (Concurrent Start) (Metadata GC Threshold)
[2021-11-29T23:46:44.488-0100][5,445s] GC(9) Using 10 workers of 10 for evacuation
[2021-11-29T23:46:44.496-0100][5,454s] GC(9)   Pre Evacuate Collection Set: 0,1ms
[2021-11-29T23:46:44.496-0100][5,454s] GC(9)   Evacuate Collection Set: 8,0ms
[2021-11-29T23:46:44.497-0100][5,454s] GC(9)   Post Evacuate Collection Set: 0,5ms
[2021-11-29T23:46:44.497-0100][5,454s] GC(9)   Other: 0,2ms
[2021-11-29T23:46:44.497-0100][5,454s] GC(9) Eden regions: 140->0(248)
[2021-11-29T23:46:44.497-0100][5,454s] GC(9) Survivor regions: 17->22(33)
[2021-11-29T23:46:44.497-0100][5,454s] GC(9) Old regions: 20->20
[2021-11-29T23:46:44.497-0100][5,454s] GC(9) Humongous regions: 4->4
[2021-11-29T23:46:44.497-0100][5,454s] GC(9) Metaspace: 58399K->58399K(1101824K)
[2021-11-29T23:46:44.497-0100][5,454s] GC(9) Pause Young (Concurrent Start) (Metadata GC Threshold) 179M->45M(512M) 8,857ms
[2021-11-29T23:46:44.497-0100][5,454s] GC(9) User=0,08s Sys=0,00s Real=0,01s
[2021-11-29T23:46:44.497-0100][5,454s] GC(10) Concurrent Cycle
[2021-11-29T23:46:44.497-0100][5,454s] GC(10) Concurrent Clear Claimed Marks
[2021-11-29T23:46:44.497-0100][5,454s] GC(10) Concurrent Clear Claimed Marks 0,074ms
[2021-11-29T23:46:44.497-0100][5,454s] GC(10) Concurrent Scan Root Regions
[2021-11-29T23:46:44.502-0100][5,459s] GC(10) Concurrent Scan Root Regions 4,768ms
[2021-11-29T23:46:44.502-0100][5,459s] GC(10) Concurrent Mark (5,459s)
[2021-11-29T23:46:44.502-0100][5,459s] GC(10) Concurrent Mark From Roots
[2021-11-29T23:46:44.502-0100][5,459s] GC(10) Using 3 workers of 3 for marking
[2021-11-29T23:46:44.511-0100][5,468s] GC(10) Concurrent Mark From Roots 9,736ms
[2021-11-29T23:46:44.511-0100][5,469s] GC(10) Concurrent Preclean
[2021-11-29T23:46:44.512-0100][5,469s] GC(10) Concurrent Preclean 0,128ms
[2021-11-29T23:46:44.512-0100][5,469s] GC(10) Concurrent Mark (5,459s, 5,469s) 9,932ms
[2021-11-29T23:46:44.512-0100][5,469s] GC(10) Pause Remark
[2021-11-29T23:46:44.516-0100][5,473s] GC(10) Cleaned string and symbol table, strings: 28485 processed, 1 removed, symbols: 176916 processed, 594 removed
[2021-11-29T23:46:44.516-0100][5,474s] GC(10) Pause Remark 49M->49M(512M) 4,678ms
[2021-11-29T23:46:44.516-0100][5,474s] GC(10) User=0,04s Sys=0,00s Real=0,00s
[2021-11-29T23:46:44.517-0100][5,474s] GC(10) Concurrent Rebuild Remembered Sets
[2021-11-29T23:46:44.523-0100][5,480s] GC(10) Concurrent Rebuild Remembered Sets 6,590ms
[2021-11-29T23:46:44.523-0100][5,480s] GC(10) Pause Cleanup
[2021-11-29T23:46:44.523-0100][5,480s] GC(10) Pause Cleanup 50M->50M(512M) 0,101ms
[2021-11-29T23:46:44.523-0100][5,481s] GC(10) User=0,00s Sys=0,00s Real=0,00s
[2021-11-29T23:46:44.523-0100][5,481s] GC(10) Concurrent Cleanup for Next Mark
[2021-11-29T23:46:44.524-0100][5,481s] GC(10) Concurrent Cleanup for Next Mark 0,641ms
[2021-11-29T23:46:44.524-0100][5,481s] GC(10) Concurrent Cycle 27,470ms
[2021-11-29T23:46:45.989-0100][6,946s] GC(11) Pause Young (Normal) (G1 Evacuation Pause)
[2021-11-29T23:46:46.001-0100][6,958s] GC(11) Using 10 workers of 10 for evacuation
[2021-11-29T23:46:46.014-0100][6,971s] GC(11)   Pre Evacuate Collection Set: 0,0ms
[2021-11-29T23:46:46.014-0100][6,971s] GC(11)   Evacuate Collection Set: 11,9ms
[2021-11-29T23:46:46.014-0100][6,971s] GC(11)   Post Evacuate Collection Set: 0,7ms
[2021-11-29T23:46:46.014-0100][6,971s] GC(11)   Other: 12,4ms
[2021-11-29T23:46:46.014-0100][6,971s] GC(11) Eden regions: 248->0(273)
[2021-11-29T23:46:46.014-0100][6,971s] GC(11) Survivor regions: 22->34(34)
[2021-11-29T23:46:46.014-0100][6,971s] GC(11) Old regions: 20->30
[2021-11-29T23:46:46.014-0100][6,971s] GC(11) Humongous regions: 4->4
[2021-11-29T23:46:46.014-0100][6,971s] GC(11) Metaspace: 64661K->64661K(1107968K)
[2021-11-29T23:46:46.014-0100][6,971s] GC(11) Pause Young (Normal) (G1 Evacuation Pause) 293M->67M(512M) 25,130ms
[2021-11-29T23:46:46.014-0100][6,971s] GC(11) User=0,14s Sys=0,00s Real=0,03s
[2021-11-29T23:47:26.276-0100][47,232s] GC(12) Pause Young (Normal) (G1 Evacuation Pause)
[2021-11-29T23:47:26.277-0100][47,233s] GC(12) Using 10 workers of 10 for evacuation
[2021-11-29T23:47:26.294-0100][47,250s] GC(12)   Pre Evacuate Collection Set: 0,0ms
[2021-11-29T23:47:26.294-0100][47,251s] GC(12)   Evacuate Collection Set: 16,1ms
[2021-11-29T23:47:26.294-0100][47,251s] GC(12)   Post Evacuate Collection Set: 1,2ms
[2021-11-29T23:47:26.294-0100][47,251s] GC(12)   Other: 1,0ms
[2021-11-29T23:47:26.294-0100][47,251s] GC(12) Eden regions: 273->0(283)
[2021-11-29T23:47:26.294-0100][47,251s] GC(12) Survivor regions: 34->24(39)
[2021-11-29T23:47:26.294-0100][47,251s] GC(12) Old regions: 30->59
[2021-11-29T23:47:26.294-0100][47,251s] GC(12) Humongous regions: 7->7
[2021-11-29T23:47:26.294-0100][47,251s] GC(12) Metaspace: 70299K->70299K(1114112K)
[2021-11-29T23:47:26.294-0100][47,251s] GC(12) Pause Young (Normal) (G1 Evacuation Pause) 343M->89M(512M) 18,458ms
[2021-11-29T23:47:26.294-0100][47,251s] GC(12) User=0,20s Sys=0,01s Real=0,02s
[2021-11-29T23:47:39.409-0100][60,365s] GC(13) Pause Young (Normal) (G1 Evacuation Pause)
[2021-11-29T23:47:39.409-0100][60,365s] GC(13) Using 10 workers of 10 for evacuation
[2021-11-29T23:47:39.414-0100][60,371s] GC(13)   Pre Evacuate Collection Set: 0,0ms
[2021-11-29T23:47:39.414-0100][60,371s] GC(13)   Evacuate Collection Set: 4,6ms
[2021-11-29T23:47:39.414-0100][60,371s] GC(13)   Post Evacuate Collection Set: 0,4ms
[2021-11-29T23:47:39.414-0100][60,371s] GC(13)   Other: 0,2ms
[2021-11-29T23:47:39.414-0100][60,371s] GC(13) Eden regions: 283->0(303)
[2021-11-29T23:47:39.414-0100][60,371s] GC(13) Survivor regions: 24->4(39)
[2021-11-29T23:47:39.414-0100][60,371s] GC(13) Old regions: 59->69
[2021-11-29T23:47:39.414-0100][60,371s] GC(13) Humongous regions: 7->7
[2021-11-29T23:47:39.414-0100][60,371s] GC(13) Metaspace: 71424K->71424K(1114112K)
[2021-11-29T23:47:39.414-0100][60,371s] GC(13) Pause Young (Normal) (G1 Evacuation Pause) 372M->78M(512M) 5,377ms
[2021-11-29T23:47:39.414-0100][60,371s] GC(13) User=0,05s Sys=0,00s Real=0,01s
[2021-11-29T23:49:09.769-0100][150,726s] GC(14) Pause Young (Normal) (G1 Evacuation Pause)
[2021-11-29T23:49:09.770-0100][150,726s] GC(14) Using 10 workers of 10 for evacuation
[2021-11-29T23:49:09.779-0100][150,735s] GC(14)   Pre Evacuate Collection Set: 0,0ms
[2021-11-29T23:49:09.779-0100][150,735s] GC(14)   Evacuate Collection Set: 7,8ms
[2021-11-29T23:49:09.779-0100][150,735s] GC(14)   Post Evacuate Collection Set: 1,1ms
[2021-11-29T23:49:09.779-0100][150,736s] GC(14)   Other: 0,7ms
[2021-11-29T23:49:09.779-0100][150,736s] GC(14) Eden regions: 303->0(287)
[2021-11-29T23:49:09.779-0100][150,736s] GC(14) Survivor regions: 4->20(39)
[2021-11-29T23:49:09.779-0100][150,736s] GC(14) Old regions: 69->69
[2021-11-29T23:49:09.779-0100][150,736s] GC(14) Humongous regions: 7->7
[2021-11-29T23:49:09.779-0100][150,736s] GC(14) Metaspace: 72895K->72895K(1116160K)
[2021-11-29T23:49:09.779-0100][150,736s] GC(14) Pause Young (Normal) (G1 Evacuation Pause) 381M->94M(512M) 9,799ms
[2021-11-29T23:49:09.779-0100][150,736s] GC(14) User=0,08s Sys=0,00s Real=0,01s
[2021-11-29T23:51:20.776-0100][281,733s] Heap
[2021-11-29T23:51:20.776-0100][281,733s]  garbage-first heap   total 524288K, used 334571K [0x00000007e0000000, 0x0000000800000000)
[2021-11-29T23:51:20.776-0100][281,733s]   region size 1024K, 254 young (260096K), 20 survivors (20480K)
[2021-11-29T23:51:20.776-0100][281,733s]  Metaspace       used 73388K, capacity 75560K, committed 75812K, reserved 1116160K
[2021-11-29T23:51:20.776-0100][281,733s]   class space    used 8263K, capacity 9104K, committed 9180K, reserved 1048576K
