[2021-12-03T04:48:21.263-0100][0.014s] Heap region size: 1M
[2021-12-03T04:48:21.476-0100][0.227s] Using G1
[2021-12-03T04:48:21.476-0100][0.227s] Heap address: 0x00000007e0000000, size: 512 MB, Compressed Oops mode: Zero based, Oop shift amount: 3
[2021-12-03T04:48:21.897-0100][0,648s] GC(0) Pause Young (Normal) (G1 Evacuation Pause)
[2021-12-03T04:48:21.898-0100][0,648s] GC(0) Using 10 workers of 10 for evacuation
[2021-12-03T04:48:21.900-0100][0,651s] GC(0)   Pre Evacuate Collection Set: 0,0ms
[2021-12-03T04:48:21.900-0100][0,651s] GC(0)   Evacuate Collection Set: 1,8ms
[2021-12-03T04:48:21.900-0100][0,651s] GC(0)   Post Evacuate Collection Set: 0,3ms
[2021-12-03T04:48:21.900-0100][0,651s] GC(0)   Other: 0,6ms
[2021-12-03T04:48:21.900-0100][0,651s] GC(0) Eden regions: 30->0(304)
[2021-12-03T04:48:21.900-0100][0,651s] GC(0) Survivor regions: 0->3(4)
[2021-12-03T04:48:21.900-0100][0,651s] GC(0) Old regions: 0->0
[2021-12-03T04:48:21.900-0100][0,651s] GC(0) Humongous regions: 0->0
[2021-12-03T04:48:21.900-0100][0,651s] GC(0) Metaspace: 13249K->13249K(1060864K)
[2021-12-03T04:48:21.900-0100][0,651s] GC(0) Pause Young (Normal) (G1 Evacuation Pause) 30M->2M(512M) 2,874ms
[2021-12-03T04:48:21.900-0100][0,651s] GC(0) User=0,02s Sys=0,00s Real=0,01s
[2021-12-03T04:48:22.244-0100][0,995s] GC(1) Pause Young (Concurrent Start) (Metadata GC Threshold)
[2021-12-03T04:48:22.244-0100][0,995s] GC(1) Using 10 workers of 10 for evacuation
[2021-12-03T04:48:22.254-0100][1,004s] GC(1)   Pre Evacuate Collection Set: 0,0ms
[2021-12-03T04:48:22.254-0100][1,004s] GC(1)   Evacuate Collection Set: 8,9ms
[2021-12-03T04:48:22.254-0100][1,005s] GC(1)   Post Evacuate Collection Set: 0,5ms
[2021-12-03T04:48:22.254-0100][1,005s] GC(1)   Other: 0,2ms
[2021-12-03T04:48:22.254-0100][1,005s] GC(1) Eden regions: 25->0(63)
[2021-12-03T04:48:22.254-0100][1,005s] GC(1) Survivor regions: 3->12(39)
[2021-12-03T04:48:22.254-0100][1,005s] GC(1) Old regions: 0->0
[2021-12-03T04:48:22.254-0100][1,005s] GC(1) Humongous regions: 4->4
[2021-12-03T04:48:22.254-0100][1,005s] GC(1) Metaspace: 20570K->20570K(1069056K)
[2021-12-03T04:48:22.254-0100][1,005s] GC(1) Pause Young (Concurrent Start) (Metadata GC Threshold) 31M->15M(512M) 9,713ms
[2021-12-03T04:48:22.254-0100][1,005s] GC(1) User=0,05s Sys=0,00s Real=0,01s
[2021-12-03T04:48:22.254-0100][1,005s] GC(2) Concurrent Cycle
[2021-12-03T04:48:22.254-0100][1,005s] GC(2) Concurrent Clear Claimed Marks
[2021-12-03T04:48:22.254-0100][1,005s] GC(2) Concurrent Clear Claimed Marks 0,025ms
[2021-12-03T04:48:22.254-0100][1,005s] GC(2) Concurrent Scan Root Regions
[2021-12-03T04:48:22.256-0100][1,007s] GC(2) Concurrent Scan Root Regions 2,409ms
[2021-12-03T04:48:22.257-0100][1,007s] GC(2) Concurrent Mark (1,007s)
[2021-12-03T04:48:22.257-0100][1,007s] GC(2) Concurrent Mark From Roots
[2021-12-03T04:48:22.257-0100][1,007s] GC(2) Using 3 workers of 3 for marking
[2021-12-03T04:48:22.257-0100][1,008s] GC(2) Concurrent Mark From Roots 0,740ms
[2021-12-03T04:48:22.257-0100][1,008s] GC(2) Concurrent Preclean
[2021-12-03T04:48:22.257-0100][1,008s] GC(2) Concurrent Preclean 0,030ms
[2021-12-03T04:48:22.257-0100][1,008s] GC(2) Concurrent Mark (1,007s, 1,008s) 0,811ms
[2021-12-03T04:48:22.257-0100][1,008s] GC(2) Pause Remark
[2021-12-03T04:48:22.258-0100][1,009s] GC(2) Cleaned string and symbol table, strings: 9974 processed, 0 removed, symbols: 67359 processed, 22 removed
[2021-12-03T04:48:22.258-0100][1,009s] GC(2) Pause Remark 16M->16M(512M) 0,973ms
[2021-12-03T04:48:22.258-0100][1,009s] GC(2) User=0,00s Sys=0,00s Real=0,00s
[2021-12-03T04:48:22.258-0100][1,009s] GC(2) Concurrent Rebuild Remembered Sets
[2021-12-03T04:48:22.261-0100][1,012s] GC(2) Concurrent Rebuild Remembered Sets 2,417ms
[2021-12-03T04:48:22.261-0100][1,012s] GC(2) Pause Cleanup
[2021-12-03T04:48:22.261-0100][1,012s] GC(2) Pause Cleanup 16M->16M(512M) 0,089ms
[2021-12-03T04:48:22.261-0100][1,012s] GC(2) User=0,00s Sys=0,00s Real=0,00s
[2021-12-03T04:48:22.261-0100][1,012s] GC(2) Concurrent Cleanup for Next Mark
[2021-12-03T04:48:22.262-0100][1,012s] GC(2) Concurrent Cleanup for Next Mark 0,607ms
[2021-12-03T04:48:22.262-0100][1,012s] GC(2) Concurrent Cycle 7,772ms
[2021-12-03T04:48:22.673-0100][1,423s] GC(3) Pause Young (Normal) (G1 Evacuation Pause)
[2021-12-03T04:48:22.673-0100][1,423s] GC(3) Using 10 workers of 10 for evacuation
[2021-12-03T04:48:22.680-0100][1,431s] GC(3)   Pre Evacuate Collection Set: 0,0ms
[2021-12-03T04:48:22.680-0100][1,431s] GC(3)   Evacuate Collection Set: 6,7ms
[2021-12-03T04:48:22.680-0100][1,431s] GC(3)   Post Evacuate Collection Set: 0,5ms
[2021-12-03T04:48:22.680-0100][1,431s] GC(3)   Other: 0,1ms
[2021-12-03T04:48:22.680-0100][1,431s] GC(3) Eden regions: 41->0(64)
[2021-12-03T04:48:22.680-0100][1,431s] GC(3) Survivor regions: 12->7(7)
[2021-12-03T04:48:22.680-0100][1,431s] GC(3) Old regions: 0->13
[2021-12-03T04:48:22.680-0100][1,431s] GC(3) Humongous regions: 4->4
[2021-12-03T04:48:22.680-0100][1,431s] GC(3) Metaspace: 25392K->25392K(1073152K)
[2021-12-03T04:48:22.680-0100][1,431s] GC(3) Pause Young (Normal) (G1 Evacuation Pause) 56M->23M(512M) 7,413ms
[2021-12-03T04:48:22.680-0100][1,431s] GC(3) User=0,07s Sys=0,00s Real=0,01s
[2021-12-03T04:48:23.292-0100][2,043s] GC(4) Pause Young (Normal) (G1 Evacuation Pause)
[2021-12-03T04:48:23.292-0100][2,043s] GC(4) Using 10 workers of 10 for evacuation
[2021-12-03T04:48:23.298-0100][2,048s] GC(4)   Pre Evacuate Collection Set: 0,0ms
[2021-12-03T04:48:23.298-0100][2,048s] GC(4)   Evacuate Collection Set: 4,8ms
[2021-12-03T04:48:23.298-0100][2,049s] GC(4)   Post Evacuate Collection Set: 0,4ms
[2021-12-03T04:48:23.298-0100][2,049s] GC(4)   Other: 0,2ms
[2021-12-03T04:48:23.298-0100][2,049s] GC(4) Eden regions: 64->0(109)
[2021-12-03T04:48:23.298-0100][2,049s] GC(4) Survivor regions: 7->2(9)
[2021-12-03T04:48:23.298-0100][2,049s] GC(4) Old regions: 13->21
[2021-12-03T04:48:23.298-0100][2,049s] GC(4) Humongous regions: 4->4
[2021-12-03T04:48:23.298-0100][2,049s] GC(4) Metaspace: 32338K->32338K(1079296K)
[2021-12-03T04:48:23.298-0100][2,049s] GC(4) Pause Young (Normal) (G1 Evacuation Pause) 87M->25M(512M) 5,520ms
[2021-12-03T04:48:23.298-0100][2,049s] GC(4) User=0,03s Sys=0,00s Real=0,00s
[2021-12-03T04:48:23.541-0100][2,292s] GC(5) Pause Young (Concurrent Start) (Metadata GC Threshold)
[2021-12-03T04:48:23.541-0100][2,292s] GC(5) Using 10 workers of 10 for evacuation
[2021-12-03T04:48:23.544-0100][2,294s] GC(5)   Pre Evacuate Collection Set: 0,1ms
[2021-12-03T04:48:23.544-0100][2,295s] GC(5)   Evacuate Collection Set: 2,4ms
[2021-12-03T04:48:23.544-0100][2,295s] GC(5)   Post Evacuate Collection Set: 0,2ms
[2021-12-03T04:48:23.544-0100][2,295s] GC(5)   Other: 0,3ms
[2021-12-03T04:48:23.544-0100][2,295s] GC(5) Eden regions: 11->0(120)
[2021-12-03T04:48:23.544-0100][2,295s] GC(5) Survivor regions: 2->2(14)
[2021-12-03T04:48:23.544-0100][2,295s] GC(5) Old regions: 21->21
[2021-12-03T04:48:23.544-0100][2,295s] GC(5) Humongous regions: 4->4
[2021-12-03T04:48:23.544-0100][2,295s] GC(5) Metaspace: 34683K->34683K(1081344K)
[2021-12-03T04:48:23.544-0100][2,295s] GC(5) Pause Young (Concurrent Start) (Metadata GC Threshold) 36M->26M(512M) 3,109ms
[2021-12-03T04:48:23.544-0100][2,295s] GC(5) User=0,02s Sys=0,00s Real=0,00s
[2021-12-03T04:48:23.544-0100][2,295s] GC(6) Concurrent Cycle
[2021-12-03T04:48:23.544-0100][2,295s] GC(6) Concurrent Clear Claimed Marks
[2021-12-03T04:48:23.544-0100][2,295s] GC(6) Concurrent Clear Claimed Marks 0,039ms
[2021-12-03T04:48:23.544-0100][2,295s] GC(6) Concurrent Scan Root Regions
[2021-12-03T04:48:23.546-0100][2,296s] GC(6) Concurrent Scan Root Regions 1,399ms
[2021-12-03T04:48:23.546-0100][2,296s] GC(6) Concurrent Mark (2,296s)
[2021-12-03T04:48:23.546-0100][2,296s] GC(6) Concurrent Mark From Roots
[2021-12-03T04:48:23.546-0100][2,296s] GC(6) Using 3 workers of 3 for marking
[2021-12-03T04:48:23.561-0100][2,312s] GC(6) Concurrent Mark From Roots 15,208ms
[2021-12-03T04:48:23.561-0100][2,312s] GC(6) Concurrent Preclean
[2021-12-03T04:48:23.561-0100][2,312s] GC(6) Concurrent Preclean 0,149ms
[2021-12-03T04:48:23.561-0100][2,312s] GC(6) Concurrent Mark (2,296s, 2,312s) 15,463ms
[2021-12-03T04:48:23.561-0100][2,312s] GC(6) Pause Remark
[2021-12-03T04:48:23.564-0100][2,315s] GC(6) Cleaned string and symbol table, strings: 16512 processed, 25 removed, symbols: 113651 processed, 39 removed
[2021-12-03T04:48:23.564-0100][2,315s] GC(6) Pause Remark 26M->26M(512M) 2,972ms
[2021-12-03T04:48:23.564-0100][2,315s] GC(6) User=0,02s Sys=0,00s Real=0,00s
[2021-12-03T04:48:23.564-0100][2,315s] GC(6) Concurrent Rebuild Remembered Sets
[2021-12-03T04:48:23.573-0100][2,323s] GC(6) Concurrent Rebuild Remembered Sets 8,283ms
[2021-12-03T04:48:23.573-0100][2,324s] GC(6) Pause Cleanup
[2021-12-03T04:48:23.573-0100][2,324s] GC(6) Pause Cleanup 27M->27M(512M) 0,124ms
[2021-12-03T04:48:23.573-0100][2,324s] GC(6) User=0,00s Sys=0,00s Real=0,00s
[2021-12-03T04:48:23.573-0100][2,324s] GC(6) Concurrent Cleanup for Next Mark
[2021-12-03T04:48:23.574-0100][2,325s] GC(6) Concurrent Cleanup for Next Mark 0,912ms
[2021-12-03T04:48:23.574-0100][2,325s] GC(6) Concurrent Cycle 30,138ms
[2021-12-03T04:48:25.144-0100][3,895s] GC(7) Pause Young (Normal) (G1 Evacuation Pause)
[2021-12-03T04:48:25.144-0100][3,895s] GC(7) Using 10 workers of 10 for evacuation
[2021-12-03T04:48:25.149-0100][3,900s] GC(7)   Pre Evacuate Collection Set: 0,0ms
[2021-12-03T04:48:25.149-0100][3,900s] GC(7)   Evacuate Collection Set: 4,0ms
[2021-12-03T04:48:25.149-0100][3,900s] GC(7)   Post Evacuate Collection Set: 0,4ms
[2021-12-03T04:48:25.149-0100][3,900s] GC(7)   Other: 0,2ms
[2021-12-03T04:48:25.149-0100][3,900s] GC(7) Eden regions: 120->0(202)
[2021-12-03T04:48:25.149-0100][3,900s] GC(7) Survivor regions: 2->12(16)
[2021-12-03T04:48:25.149-0100][3,900s] GC(7) Old regions: 21->21
[2021-12-03T04:48:25.149-0100][3,900s] GC(7) Humongous regions: 4->4
[2021-12-03T04:48:25.149-0100][3,900s] GC(7) Metaspace: 46324K->46324K(1091584K)
[2021-12-03T04:48:25.149-0100][3,900s] GC(7) Pause Young (Normal) (G1 Evacuation Pause) 146M->35M(512M) 4,810ms
[2021-12-03T04:48:25.149-0100][3,900s] GC(7) User=0,06s Sys=0,00s Real=0,00s
[2021-12-03T04:48:26.168-0100][4,919s] GC(8) Pause Young (Normal) (G1 Evacuation Pause)
[2021-12-03T04:48:26.168-0100][4,919s] GC(8) Using 10 workers of 10 for evacuation
[2021-12-03T04:48:26.174-0100][4,925s] GC(8)   Pre Evacuate Collection Set: 0,0ms
[2021-12-03T04:48:26.174-0100][4,925s] GC(8)   Evacuate Collection Set: 5,4ms
[2021-12-03T04:48:26.174-0100][4,925s] GC(8)   Post Evacuate Collection Set: 0,7ms
[2021-12-03T04:48:26.174-0100][4,925s] GC(8)   Other: 0,2ms
[2021-12-03T04:48:26.174-0100][4,925s] GC(8) Eden regions: 202->0(290)
[2021-12-03T04:48:26.174-0100][4,925s] GC(8) Survivor regions: 12->17(27)
[2021-12-03T04:48:26.174-0100][4,925s] GC(8) Old regions: 21->21
[2021-12-03T04:48:26.174-0100][4,925s] GC(8) Humongous regions: 5->4
[2021-12-03T04:48:26.174-0100][4,925s] GC(8) Metaspace: 54951K->54951K(1099776K)
[2021-12-03T04:48:26.174-0100][4,925s] GC(8) Pause Young (Normal) (G1 Evacuation Pause) 238M->41M(512M) 6,399ms
[2021-12-03T04:48:26.174-0100][4,925s] GC(8) User=0,07s Sys=0,00s Real=0,01s
[2021-12-03T04:48:26.696-0100][5,447s] GC(9) Pause Young (Concurrent Start) (Metadata GC Threshold)
[2021-12-03T04:48:26.696-0100][5,447s] GC(9) Using 10 workers of 10 for evacuation
[2021-12-03T04:48:26.704-0100][5,454s] GC(9)   Pre Evacuate Collection Set: 0,1ms
[2021-12-03T04:48:26.704-0100][5,454s] GC(9)   Evacuate Collection Set: 7,1ms
[2021-12-03T04:48:26.704-0100][5,454s] GC(9)   Post Evacuate Collection Set: 0,5ms
[2021-12-03T04:48:26.704-0100][5,454s] GC(9)   Other: 0,2ms
[2021-12-03T04:48:26.704-0100][5,454s] GC(9) Eden regions: 130->0(285)
[2021-12-03T04:48:26.704-0100][5,454s] GC(9) Survivor regions: 17->22(39)
[2021-12-03T04:48:26.704-0100][5,454s] GC(9) Old regions: 21->21
[2021-12-03T04:48:26.704-0100][5,454s] GC(9) Humongous regions: 4->4
[2021-12-03T04:48:26.704-0100][5,454s] GC(9) Metaspace: 58495K->58495K(1101824K)
[2021-12-03T04:48:26.704-0100][5,454s] GC(9) Pause Young (Concurrent Start) (Metadata GC Threshold) 171M->45M(512M) 7,940ms
[2021-12-03T04:48:26.704-0100][5,454s] GC(9) User=0,06s Sys=0,00s Real=0,01s
[2021-12-03T04:48:26.704-0100][5,455s] GC(10) Concurrent Cycle
[2021-12-03T04:48:26.704-0100][5,455s] GC(10) Concurrent Clear Claimed Marks
[2021-12-03T04:48:26.704-0100][5,455s] GC(10) Concurrent Clear Claimed Marks 0,058ms
[2021-12-03T04:48:26.704-0100][5,455s] GC(10) Concurrent Scan Root Regions
[2021-12-03T04:48:26.709-0100][5,460s] GC(10) Concurrent Scan Root Regions 5,139ms
[2021-12-03T04:48:26.709-0100][5,460s] GC(10) Concurrent Mark (5,460s)
[2021-12-03T04:48:26.709-0100][5,460s] GC(10) Concurrent Mark From Roots
[2021-12-03T04:48:26.709-0100][5,460s] GC(10) Using 3 workers of 3 for marking
[2021-12-03T04:48:26.722-0100][5,472s] GC(10) Concurrent Mark From Roots 12,496ms
[2021-12-03T04:48:26.722-0100][5,472s] GC(10) Concurrent Preclean
[2021-12-03T04:48:26.722-0100][5,473s] GC(10) Concurrent Preclean 0,123ms
[2021-12-03T04:48:26.722-0100][5,473s] GC(10) Concurrent Mark (5,460s, 5,473s) 12,715ms
[2021-12-03T04:48:26.722-0100][5,473s] GC(10) Pause Remark
[2021-12-03T04:48:26.726-0100][5,477s] GC(10) Cleaned string and symbol table, strings: 28756 processed, 1 removed, symbols: 176946 processed, 621 removed
[2021-12-03T04:48:26.726-0100][5,477s] GC(10) Pause Remark 54M->54M(512M) 4,197ms
[2021-12-03T04:48:26.726-0100][5,477s] GC(10) User=0,04s Sys=0,00s Real=0,00s
[2021-12-03T04:48:26.726-0100][5,477s] GC(10) Concurrent Rebuild Remembered Sets
[2021-12-03T04:48:26.733-0100][5,484s] GC(10) Concurrent Rebuild Remembered Sets 7,069ms
[2021-12-03T04:48:26.734-0100][5,484s] GC(10) Pause Cleanup
[2021-12-03T04:48:26.734-0100][5,484s] GC(10) Pause Cleanup 58M->58M(512M) 0,100ms
[2021-12-03T04:48:26.734-0100][5,484s] GC(10) User=0,00s Sys=0,00s Real=0,00s
[2021-12-03T04:48:26.734-0100][5,484s] GC(10) Concurrent Cleanup for Next Mark
[2021-12-03T04:48:26.734-0100][5,485s] GC(10) Concurrent Cleanup for Next Mark 0,691ms
[2021-12-03T04:48:26.734-0100][5,485s] GC(10) Concurrent Cycle 30,625ms
[2021-12-03T04:48:28.759-0100][7,509s] GC(11) Pause Young (Normal) (G1 Evacuation Pause)
[2021-12-03T04:48:28.777-0100][7,528s] GC(11) Using 10 workers of 10 for evacuation
[2021-12-03T04:48:28.795-0100][7,546s] GC(11)   Pre Evacuate Collection Set: 0,0ms
[2021-12-03T04:48:28.795-0100][7,546s] GC(11)   Evacuate Collection Set: 17,1ms
[2021-12-03T04:48:28.795-0100][7,546s] GC(11)   Post Evacuate Collection Set: 0,8ms
[2021-12-03T04:48:28.795-0100][7,546s] GC(11)   Other: 18,7ms
[2021-12-03T04:48:28.795-0100][7,546s] GC(11) Eden regions: 285->0(268)
[2021-12-03T04:48:28.795-0100][7,546s] GC(11) Survivor regions: 22->39(39)
[2021-12-03T04:48:28.795-0100][7,546s] GC(11) Old regions: 21->28
[2021-12-03T04:48:28.795-0100][7,546s] GC(11) Humongous regions: 4->4
[2021-12-03T04:48:28.795-0100][7,546s] GC(11) Metaspace: 64112K->64112K(1107968K)
[2021-12-03T04:48:28.795-0100][7,546s] GC(11) Pause Young (Normal) (G1 Evacuation Pause) 330M->70M(512M) 36,724ms
[2021-12-03T04:48:28.795-0100][7,546s] GC(11) User=0,17s Sys=0,00s Real=0,04s
[2021-12-03T04:51:17.387-0100][176,138s] Heap
[2021-12-03T04:51:17.388-0100][176,139s]  garbage-first heap   total 524288K, used 203357K [0x00000007e0000000, 0x0000000800000000)
[2021-12-03T04:51:17.388-0100][176,139s]   region size 1024K, 168 young (172032K), 39 survivors (39936K)
[2021-12-03T04:51:17.388-0100][176,139s]  Metaspace       used 68761K, capacity 70765K, committed 71024K, reserved 1112064K
[2021-12-03T04:51:17.388-0100][176,139s]   class space    used 7901K, capacity 8661K, committed 8780K, reserved 1048576K
