[2021-12-03T23:18:12.966-0100][0.010s] Heap region size: 1M
[2021-12-03T23:18:13.152-0100][0.196s] Using G1
[2021-12-03T23:18:13.152-0100][0.196s] Heap address: 0x00000007e0000000, size: 512 MB, Compressed Oops mode: Zero based, Oop shift amount: 3
[2021-12-03T23:18:13.570-0100][0,614s] GC(0) Pause Young (Normal) (G1 Evacuation Pause)
[2021-12-03T23:18:13.571-0100][0,614s] GC(0) Using 10 workers of 10 for evacuation
[2021-12-03T23:18:13.575-0100][0,618s] GC(0)   Pre Evacuate Collection Set: 0,0ms
[2021-12-03T23:18:13.575-0100][0,618s] GC(0)   Evacuate Collection Set: 2,9ms
[2021-12-03T23:18:13.575-0100][0,618s] GC(0)   Post Evacuate Collection Set: 1,0ms
[2021-12-03T23:18:13.575-0100][0,618s] GC(0)   Other: 0,7ms
[2021-12-03T23:18:13.575-0100][0,618s] GC(0) Eden regions: 30->0(304)
[2021-12-03T23:18:13.575-0100][0,618s] GC(0) Survivor regions: 0->3(4)
[2021-12-03T23:18:13.575-0100][0,618s] GC(0) Old regions: 0->0
[2021-12-03T23:18:13.575-0100][0,618s] GC(0) Humongous regions: 0->0
[2021-12-03T23:18:13.575-0100][0,618s] GC(0) Metaspace: 12846K->12846K(1060864K)
[2021-12-03T23:18:13.575-0100][0,618s] GC(0) Pause Young (Normal) (G1 Evacuation Pause) 30M->2M(512M) 4,749ms
[2021-12-03T23:18:13.575-0100][0,618s] GC(0) User=0,04s Sys=0,00s Real=0,00s
[2021-12-03T23:18:13.961-0100][1,005s] GC(1) Pause Young (Concurrent Start) (Metadata GC Threshold)
[2021-12-03T23:18:13.961-0100][1,005s] GC(1) Using 10 workers of 10 for evacuation
[2021-12-03T23:18:13.971-0100][1,015s] GC(1)   Pre Evacuate Collection Set: 0,0ms
[2021-12-03T23:18:13.971-0100][1,015s] GC(1)   Evacuate Collection Set: 9,2ms
[2021-12-03T23:18:13.971-0100][1,015s] GC(1)   Post Evacuate Collection Set: 0,4ms
[2021-12-03T23:18:13.971-0100][1,015s] GC(1)   Other: 0,2ms
[2021-12-03T23:18:13.971-0100][1,015s] GC(1) Eden regions: 25->0(67)
[2021-12-03T23:18:13.971-0100][1,015s] GC(1) Survivor regions: 3->12(39)
[2021-12-03T23:18:13.971-0100][1,015s] GC(1) Old regions: 0->0
[2021-12-03T23:18:13.971-0100][1,015s] GC(1) Humongous regions: 4->4
[2021-12-03T23:18:13.971-0100][1,015s] GC(1) Metaspace: 20616K->20616K(1069056K)
[2021-12-03T23:18:13.971-0100][1,015s] GC(1) Pause Young (Concurrent Start) (Metadata GC Threshold) 31M->15M(512M) 9,957ms
[2021-12-03T23:18:13.971-0100][1,015s] GC(1) User=0,06s Sys=0,00s Real=0,01s
[2021-12-03T23:18:13.971-0100][1,015s] GC(2) Concurrent Cycle
[2021-12-03T23:18:13.971-0100][1,015s] GC(2) Concurrent Clear Claimed Marks
[2021-12-03T23:18:13.971-0100][1,015s] GC(2) Concurrent Clear Claimed Marks 0,020ms
[2021-12-03T23:18:13.971-0100][1,015s] GC(2) Concurrent Scan Root Regions
[2021-12-03T23:18:13.974-0100][1,017s] GC(2) Concurrent Scan Root Regions 2,243ms
[2021-12-03T23:18:13.974-0100][1,017s] GC(2) Concurrent Mark (1,017s)
[2021-12-03T23:18:13.974-0100][1,017s] GC(2) Concurrent Mark From Roots
[2021-12-03T23:18:13.974-0100][1,017s] GC(2) Using 3 workers of 3 for marking
[2021-12-03T23:18:13.974-0100][1,018s] GC(2) Concurrent Mark From Roots 0,663ms
[2021-12-03T23:18:13.974-0100][1,018s] GC(2) Concurrent Preclean
[2021-12-03T23:18:13.974-0100][1,018s] GC(2) Concurrent Preclean 0,032ms
[2021-12-03T23:18:13.974-0100][1,018s] GC(2) Concurrent Mark (1,017s, 1,018s) 0,748ms
[2021-12-03T23:18:13.974-0100][1,018s] GC(2) Pause Remark
[2021-12-03T23:18:13.975-0100][1,019s] GC(2) Cleaned string and symbol table, strings: 9982 processed, 0 removed, symbols: 67370 processed, 22 removed
[2021-12-03T23:18:13.975-0100][1,019s] GC(2) Pause Remark 16M->16M(512M) 0,968ms
[2021-12-03T23:18:13.975-0100][1,019s] GC(2) User=0,01s Sys=0,01s Real=0,00s
[2021-12-03T23:18:13.976-0100][1,019s] GC(2) Concurrent Rebuild Remembered Sets
[2021-12-03T23:18:13.978-0100][1,021s] GC(2) Concurrent Rebuild Remembered Sets 2,139ms
[2021-12-03T23:18:13.978-0100][1,021s] GC(2) Pause Cleanup
[2021-12-03T23:18:13.978-0100][1,021s] GC(2) Pause Cleanup 16M->16M(512M) 0,088ms
[2021-12-03T23:18:13.978-0100][1,021s] GC(2) User=0,00s Sys=0,00s Real=0,00s
[2021-12-03T23:18:13.978-0100][1,021s] GC(2) Concurrent Cleanup for Next Mark
[2021-12-03T23:18:13.978-0100][1,022s] GC(2) Concurrent Cleanup for Next Mark 0,599ms
[2021-12-03T23:18:13.979-0100][1,022s] GC(2) Concurrent Cycle 7,188ms
[2021-12-03T23:18:14.439-0100][1,483s] GC(3) Pause Young (Normal) (G1 Evacuation Pause)
[2021-12-03T23:18:14.440-0100][1,483s] GC(3) Using 10 workers of 10 for evacuation
[2021-12-03T23:18:14.449-0100][1,493s] GC(3)   Pre Evacuate Collection Set: 0,0ms
[2021-12-03T23:18:14.449-0100][1,493s] GC(3)   Evacuate Collection Set: 9,3ms
[2021-12-03T23:18:14.449-0100][1,493s] GC(3)   Post Evacuate Collection Set: 0,6ms
[2021-12-03T23:18:14.449-0100][1,493s] GC(3)   Other: 0,1ms
[2021-12-03T23:18:14.449-0100][1,493s] GC(3) Eden regions: 42->0(67)
[2021-12-03T23:18:14.449-0100][1,493s] GC(3) Survivor regions: 12->7(7)
[2021-12-03T23:18:14.449-0100][1,493s] GC(3) Old regions: 0->13
[2021-12-03T23:18:14.450-0100][1,493s] GC(3) Humongous regions: 4->4
[2021-12-03T23:18:14.450-0100][1,493s] GC(3) Metaspace: 25391K->25391K(1073152K)
[2021-12-03T23:18:14.450-0100][1,493s] GC(3) Pause Young (Normal) (G1 Evacuation Pause) 57M->23M(512M) 10,068ms
[2021-12-03T23:18:14.450-0100][1,493s] GC(3) User=0,11s Sys=0,01s Real=0,02s
[2021-12-03T23:18:15.179-0100][2,222s] GC(4) Pause Young (Normal) (G1 Evacuation Pause)
[2021-12-03T23:18:15.183-0100][2,227s] GC(4) Using 10 workers of 10 for evacuation
[2021-12-03T23:18:15.186-0100][2,229s] GC(4)   Pre Evacuate Collection Set: 0,0ms
[2021-12-03T23:18:15.186-0100][2,229s] GC(4)   Evacuate Collection Set: 2,1ms
[2021-12-03T23:18:15.186-0100][2,229s] GC(4)   Post Evacuate Collection Set: 0,3ms
[2021-12-03T23:18:15.186-0100][2,229s] GC(4)   Other: 4,6ms
[2021-12-03T23:18:15.186-0100][2,229s] GC(4) Eden regions: 67->0(111)
[2021-12-03T23:18:15.186-0100][2,229s] GC(4) Survivor regions: 7->2(10)
[2021-12-03T23:18:15.186-0100][2,229s] GC(4) Old regions: 13->20
[2021-12-03T23:18:15.186-0100][2,229s] GC(4) Humongous regions: 4->4
[2021-12-03T23:18:15.186-0100][2,229s] GC(4) Metaspace: 32067K->32067K(1079296K)
[2021-12-03T23:18:15.186-0100][2,229s] GC(4) Pause Young (Normal) (G1 Evacuation Pause) 90M->25M(512M) 7,169ms
[2021-12-03T23:18:15.186-0100][2,229s] GC(4) User=0,03s Sys=0,00s Real=0,01s
[2021-12-03T23:18:15.428-0100][2,472s] GC(5) Pause Young (Concurrent Start) (Metadata GC Threshold)
[2021-12-03T23:18:15.428-0100][2,472s] GC(5) Using 10 workers of 10 for evacuation
[2021-12-03T23:18:15.430-0100][2,474s] GC(5)   Pre Evacuate Collection Set: 0,0ms
[2021-12-03T23:18:15.430-0100][2,474s] GC(5)   Evacuate Collection Set: 1,6ms
[2021-12-03T23:18:15.430-0100][2,474s] GC(5)   Post Evacuate Collection Set: 0,1ms
[2021-12-03T23:18:15.430-0100][2,474s] GC(5)   Other: 0,2ms
[2021-12-03T23:18:15.430-0100][2,474s] GC(5) Eden regions: 14->0(122)
[2021-12-03T23:18:15.430-0100][2,474s] GC(5) Survivor regions: 2->2(15)
[2021-12-03T23:18:15.430-0100][2,474s] GC(5) Old regions: 20->20
[2021-12-03T23:18:15.430-0100][2,474s] GC(5) Humongous regions: 4->4
[2021-12-03T23:18:15.430-0100][2,474s] GC(5) Metaspace: 34710K->34710K(1081344K)
[2021-12-03T23:18:15.430-0100][2,474s] GC(5) Pause Young (Concurrent Start) (Metadata GC Threshold) 39M->25M(512M) 2,097ms
[2021-12-03T23:18:15.430-0100][2,474s] GC(5) User=0,01s Sys=0,00s Real=0,01s
[2021-12-03T23:18:15.430-0100][2,474s] GC(6) Concurrent Cycle
[2021-12-03T23:18:15.430-0100][2,474s] GC(6) Concurrent Clear Claimed Marks
[2021-12-03T23:18:15.430-0100][2,474s] GC(6) Concurrent Clear Claimed Marks 0,026ms
[2021-12-03T23:18:15.430-0100][2,474s] GC(6) Concurrent Scan Root Regions
[2021-12-03T23:18:15.431-0100][2,475s] GC(6) Concurrent Scan Root Regions 1,055ms
[2021-12-03T23:18:15.431-0100][2,475s] GC(6) Concurrent Mark (2,475s)
[2021-12-03T23:18:15.431-0100][2,475s] GC(6) Concurrent Mark From Roots
[2021-12-03T23:18:15.431-0100][2,475s] GC(6) Using 3 workers of 3 for marking
[2021-12-03T23:18:15.443-0100][2,487s] GC(6) Concurrent Mark From Roots 11,732ms
[2021-12-03T23:18:15.443-0100][2,487s] GC(6) Concurrent Preclean
[2021-12-03T23:18:15.443-0100][2,487s] GC(6) Concurrent Preclean 0,083ms
[2021-12-03T23:18:15.443-0100][2,487s] GC(6) Concurrent Mark (2,475s, 2,487s) 11,881ms
[2021-12-03T23:18:15.443-0100][2,487s] GC(6) Pause Remark
[2021-12-03T23:18:15.445-0100][2,488s] GC(6) Cleaned string and symbol table, strings: 16490 processed, 26 removed, symbols: 113657 processed, 39 removed
[2021-12-03T23:18:15.445-0100][2,489s] GC(6) Pause Remark 26M->26M(512M) 1,680ms
[2021-12-03T23:18:15.445-0100][2,489s] GC(6) User=0,02s Sys=0,00s Real=0,00s
[2021-12-03T23:18:15.445-0100][2,489s] GC(6) Concurrent Rebuild Remembered Sets
[2021-12-03T23:18:15.452-0100][2,495s] GC(6) Concurrent Rebuild Remembered Sets 6,711ms
[2021-12-03T23:18:15.452-0100][2,495s] GC(6) Pause Cleanup
[2021-12-03T23:18:15.452-0100][2,496s] GC(6) Pause Cleanup 26M->26M(512M) 0,102ms
[2021-12-03T23:18:15.452-0100][2,496s] GC(6) User=0,00s Sys=0,00s Real=0,00s
[2021-12-03T23:18:15.452-0100][2,496s] GC(6) Concurrent Cleanup for Next Mark
[2021-12-03T23:18:15.453-0100][2,496s] GC(6) Concurrent Cleanup for Next Mark 0,833ms
[2021-12-03T23:18:15.453-0100][2,496s] GC(6) Concurrent Cycle 22,734ms
[2021-12-03T23:18:47.068-0100][34,113s] GC(7) Pause Young (Normal) (G1 Evacuation Pause)
[2021-12-03T23:18:47.068-0100][34,113s] GC(7) Using 10 workers of 10 for evacuation
[2021-12-03T23:18:47.072-0100][34,118s] GC(7)   Pre Evacuate Collection Set: 0,0ms
[2021-12-03T23:18:47.072-0100][34,118s] GC(7)   Evacuate Collection Set: 3,7ms
[2021-12-03T23:18:47.072-0100][34,118s] GC(7)   Post Evacuate Collection Set: 0,6ms
[2021-12-03T23:18:47.073-0100][34,118s] GC(7)   Other: 0,2ms
[2021-12-03T23:18:47.073-0100][34,118s] GC(7) Eden regions: 122->0(215)
[2021-12-03T23:18:47.073-0100][34,118s] GC(7) Survivor regions: 2->10(16)
[2021-12-03T23:18:47.073-0100][34,118s] GC(7) Old regions: 20->20
[2021-12-03T23:18:47.073-0100][34,118s] GC(7) Humongous regions: 4->4
[2021-12-03T23:18:47.073-0100][34,118s] GC(7) Metaspace: 45995K->45995K(1091584K)
[2021-12-03T23:18:47.073-0100][34,118s] GC(7) Pause Young (Normal) (G1 Evacuation Pause) 147M->33M(512M) 4,632ms
[2021-12-03T23:18:47.073-0100][34,118s] GC(7) User=0,04s Sys=0,00s Real=0,01s
[2021-12-03T23:18:48.396-0100][35,442s] GC(8) Pause Young (Concurrent Start) (Metadata GC Threshold)
[2021-12-03T23:18:48.396-0100][35,442s] GC(8) Using 10 workers of 10 for evacuation
[2021-12-03T23:18:48.405-0100][35,451s] GC(8)   Pre Evacuate Collection Set: 0,1ms
[2021-12-03T23:18:48.405-0100][35,451s] GC(8)   Evacuate Collection Set: 8,4ms
[2021-12-03T23:18:48.405-0100][35,451s] GC(8)   Post Evacuate Collection Set: 0,5ms
[2021-12-03T23:18:48.405-0100][35,451s] GC(8)   Other: 0,2ms
[2021-12-03T23:18:48.405-0100][35,451s] GC(8) Eden regions: 208->0(259)
[2021-12-03T23:18:48.405-0100][35,451s] GC(8) Survivor regions: 10->18(29)
[2021-12-03T23:18:48.405-0100][35,451s] GC(8) Old regions: 20->20
[2021-12-03T23:18:48.405-0100][35,451s] GC(8) Humongous regions: 5->4
[2021-12-03T23:18:48.405-0100][35,451s] GC(8) Metaspace: 58584K->58584K(1101824K)
[2021-12-03T23:18:48.405-0100][35,451s] GC(8) Pause Young (Concurrent Start) (Metadata GC Threshold) 242M->41M(512M) 9,258ms
[2021-12-03T23:18:48.406-0100][35,451s] GC(8) User=0,07s Sys=0,00s Real=0,01s
[2021-12-03T23:18:48.406-0100][35,451s] GC(9) Concurrent Cycle
[2021-12-03T23:18:48.406-0100][35,451s] GC(9) Concurrent Clear Claimed Marks
[2021-12-03T23:18:48.406-0100][35,451s] GC(9) Concurrent Clear Claimed Marks 0,062ms
[2021-12-03T23:18:48.406-0100][35,451s] GC(9) Concurrent Scan Root Regions
[2021-12-03T23:18:48.409-0100][35,455s] GC(9) Concurrent Scan Root Regions 3,750ms
[2021-12-03T23:18:48.409-0100][35,455s] GC(9) Concurrent Mark (35,455s)
[2021-12-03T23:18:48.409-0100][35,455s] GC(9) Concurrent Mark From Roots
[2021-12-03T23:18:48.409-0100][35,455s] GC(9) Using 3 workers of 3 for marking
[2021-12-03T23:18:48.419-0100][35,464s] GC(9) Concurrent Mark From Roots 9,436ms
[2021-12-03T23:18:48.419-0100][35,464s] GC(9) Concurrent Preclean
[2021-12-03T23:18:48.419-0100][35,465s] GC(9) Concurrent Preclean 0,086ms
[2021-12-03T23:18:48.419-0100][35,465s] GC(9) Concurrent Mark (35,455s, 35,465s) 9,590ms
[2021-12-03T23:18:48.419-0100][35,465s] GC(9) Pause Remark
[2021-12-03T23:18:48.423-0100][35,469s] GC(9) Cleaned string and symbol table, strings: 27928 processed, 0 removed, symbols: 179752 processed, 630 removed
[2021-12-03T23:18:48.423-0100][35,469s] GC(9) Pause Remark 43M->43M(512M) 4,225ms
[2021-12-03T23:18:48.423-0100][35,469s] GC(9) User=0,04s Sys=0,00s Real=0,01s
[2021-12-03T23:18:48.424-0100][35,469s] GC(9) Concurrent Rebuild Remembered Sets
[2021-12-03T23:18:48.430-0100][35,476s] GC(9) Concurrent Rebuild Remembered Sets 6,532ms
[2021-12-03T23:18:48.430-0100][35,476s] GC(9) Pause Cleanup
[2021-12-03T23:18:48.430-0100][35,476s] GC(9) Pause Cleanup 44M->44M(512M) 0,136ms
[2021-12-03T23:18:48.430-0100][35,476s] GC(9) User=0,00s Sys=0,00s Real=0,00s
[2021-12-03T23:18:48.430-0100][35,476s] GC(9) Concurrent Cleanup for Next Mark
[2021-12-03T23:18:48.431-0100][35,477s] GC(9) Concurrent Cleanup for Next Mark 0,680ms
[2021-12-03T23:18:48.431-0100][35,477s] GC(9) Concurrent Cycle 25,579ms
[2021-12-03T23:20:15.277-0100][122,328s] Heap
[2021-12-03T23:20:15.277-0100][122,328s]  garbage-first heap   total 524288K, used 229116K [0x00000007e0000000, 0x0000000800000000)
[2021-12-03T23:20:15.277-0100][122,328s]   region size 1024K, 198 young (202752K), 18 survivors (18432K)
[2021-12-03T23:20:15.277-0100][122,328s]  Metaspace       used 66668K, capacity 68206K, committed 68424K, reserved 1110016K
[2021-12-03T23:20:15.277-0100][122,328s]   class space    used 7535K, capacity 8176K, committed 8192K, reserved 1048576K
