[2021-11-27T10:31:50.547-0100][0.012s] Heap region size: 1M
[2021-11-27T10:31:50.728-0100][0.193s] Using G1
[2021-11-27T10:31:50.728-0100][0.193s] Heap address: 0x00000007e0000000, size: 512 MB, Compressed Oops mode: Zero based, Oop shift amount: 3
[2021-11-27T10:31:51.170-0100][0,634s] GC(0) Pause Young (Normal) (G1 Evacuation Pause)
[2021-11-27T10:31:51.170-0100][0,635s] GC(0) Using 10 workers of 10 for evacuation
[2021-11-27T10:31:51.172-0100][0,637s] GC(0)   Pre Evacuate Collection Set: 0,0ms
[2021-11-27T10:31:51.172-0100][0,637s] GC(0)   Evacuate Collection Set: 1,7ms
[2021-11-27T10:31:51.172-0100][0,637s] GC(0)   Post Evacuate Collection Set: 0,3ms
[2021-11-27T10:31:51.172-0100][0,637s] GC(0)   Other: 0,5ms
[2021-11-27T10:31:51.172-0100][0,637s] GC(0) Eden regions: 30->0(304)
[2021-11-27T10:31:51.172-0100][0,637s] GC(0) Survivor regions: 0->3(4)
[2021-11-27T10:31:51.173-0100][0,637s] GC(0) Old regions: 0->0
[2021-11-27T10:31:51.173-0100][0,637s] GC(0) Humongous regions: 0->0
[2021-11-27T10:31:51.173-0100][0,637s] GC(0) Metaspace: 13250K->13250K(1060864K)
[2021-11-27T10:31:51.173-0100][0,637s] GC(0) Pause Young (Normal) (G1 Evacuation Pause) 30M->2M(512M) 2,739ms
[2021-11-27T10:31:51.173-0100][0,637s] GC(0) User=0,01s Sys=0,00s Real=0,00s
[2021-11-27T10:31:51.543-0100][1,008s] GC(1) Pause Young (Concurrent Start) (Metadata GC Threshold)
[2021-11-27T10:31:51.543-0100][1,008s] GC(1) Using 10 workers of 10 for evacuation
[2021-11-27T10:31:51.551-0100][1,016s] GC(1)   Pre Evacuate Collection Set: 0,0ms
[2021-11-27T10:31:51.551-0100][1,016s] GC(1)   Evacuate Collection Set: 7,6ms
[2021-11-27T10:31:51.551-0100][1,016s] GC(1)   Post Evacuate Collection Set: 0,4ms
[2021-11-27T10:31:51.551-0100][1,016s] GC(1)   Other: 0,2ms
[2021-11-27T10:31:51.551-0100][1,016s] GC(1) Eden regions: 25->0(64)
[2021-11-27T10:31:51.551-0100][1,016s] GC(1) Survivor regions: 3->12(39)
[2021-11-27T10:31:51.551-0100][1,016s] GC(1) Old regions: 0->0
[2021-11-27T10:31:51.551-0100][1,016s] GC(1) Humongous regions: 4->4
[2021-11-27T10:31:51.551-0100][1,016s] GC(1) Metaspace: 20558K->20558K(1069056K)
[2021-11-27T10:31:51.551-0100][1,016s] GC(1) Pause Young (Concurrent Start) (Metadata GC Threshold) 31M->15M(512M) 8,317ms
[2021-11-27T10:31:51.552-0100][1,016s] GC(1) User=0,04s Sys=0,00s Real=0,01s
[2021-11-27T10:31:51.552-0100][1,016s] GC(2) Concurrent Cycle
[2021-11-27T10:31:51.552-0100][1,016s] GC(2) Concurrent Clear Claimed Marks
[2021-11-27T10:31:51.552-0100][1,016s] GC(2) Concurrent Clear Claimed Marks 0,024ms
[2021-11-27T10:31:51.552-0100][1,016s] GC(2) Concurrent Scan Root Regions
[2021-11-27T10:31:51.554-0100][1,019s] GC(2) Concurrent Scan Root Regions 2,503ms
[2021-11-27T10:31:51.554-0100][1,019s] GC(2) Concurrent Mark (1,019s)
[2021-11-27T10:31:51.554-0100][1,019s] GC(2) Concurrent Mark From Roots
[2021-11-27T10:31:51.554-0100][1,019s] GC(2) Using 3 workers of 3 for marking
[2021-11-27T10:31:51.555-0100][1,020s] GC(2) Concurrent Mark From Roots 0,838ms
[2021-11-27T10:31:51.555-0100][1,020s] GC(2) Concurrent Preclean
[2021-11-27T10:31:51.555-0100][1,020s] GC(2) Concurrent Preclean 0,031ms
[2021-11-27T10:31:51.555-0100][1,020s] GC(2) Concurrent Mark (1,019s, 1,020s) 0,911ms
[2021-11-27T10:31:51.555-0100][1,020s] GC(2) Pause Remark
[2021-11-27T10:31:51.556-0100][1,021s] GC(2) Cleaned string and symbol table, strings: 9965 processed, 0 removed, symbols: 67367 processed, 20 removed
[2021-11-27T10:31:51.556-0100][1,021s] GC(2) Pause Remark 16M->16M(512M) 0,964ms
[2021-11-27T10:31:51.556-0100][1,021s] GC(2) User=0,01s Sys=0,00s Real=0,00s
[2021-11-27T10:31:51.556-0100][1,021s] GC(2) Concurrent Rebuild Remembered Sets
[2021-11-27T10:31:51.558-0100][1,023s] GC(2) Concurrent Rebuild Remembered Sets 2,040ms
[2021-11-27T10:31:51.558-0100][1,023s] GC(2) Pause Cleanup
[2021-11-27T10:31:51.558-0100][1,023s] GC(2) Pause Cleanup 16M->16M(512M) 0,091ms
[2021-11-27T10:31:51.558-0100][1,023s] GC(2) User=0,00s Sys=0,00s Real=0,00s
[2021-11-27T10:31:51.558-0100][1,023s] GC(2) Concurrent Cleanup for Next Mark
[2021-11-27T10:31:51.559-0100][1,024s] GC(2) Concurrent Cleanup for Next Mark 0,548ms
[2021-11-27T10:31:51.559-0100][1,024s] GC(2) Concurrent Cycle 7,470ms
[2021-11-27T10:31:52.082-0100][1,546s] GC(3) Pause Young (Normal) (G1 Evacuation Pause)
[2021-11-27T10:31:52.082-0100][1,546s] GC(3) Using 10 workers of 10 for evacuation
[2021-11-27T10:31:52.089-0100][1,553s] GC(3)   Pre Evacuate Collection Set: 0,0ms
[2021-11-27T10:31:52.089-0100][1,553s] GC(3)   Evacuate Collection Set: 6,3ms
[2021-11-27T10:31:52.089-0100][1,553s] GC(3)   Post Evacuate Collection Set: 0,5ms
[2021-11-27T10:31:52.089-0100][1,553s] GC(3)   Other: 0,1ms
[2021-11-27T10:31:52.089-0100][1,553s] GC(3) Eden regions: 41->0(67)
[2021-11-27T10:31:52.089-0100][1,553s] GC(3) Survivor regions: 12->7(7)
[2021-11-27T10:31:52.089-0100][1,553s] GC(3) Old regions: 0->13
[2021-11-27T10:31:52.089-0100][1,553s] GC(3) Humongous regions: 4->4
[2021-11-27T10:31:52.089-0100][1,553s] GC(3) Metaspace: 25486K->25486K(1073152K)
[2021-11-27T10:31:52.089-0100][1,553s] GC(3) Pause Young (Normal) (G1 Evacuation Pause) 56M->23M(512M) 7,031ms
[2021-11-27T10:31:52.089-0100][1,553s] GC(3) User=0,07s Sys=0,00s Real=0,00s
[2021-11-27T10:31:52.858-0100][2,323s] GC(4) Pause Young (Normal) (G1 Evacuation Pause)
[2021-11-27T10:31:52.858-0100][2,323s] GC(4) Using 10 workers of 10 for evacuation
[2021-11-27T10:31:52.861-0100][2,326s] GC(4)   Pre Evacuate Collection Set: 0,0ms
[2021-11-27T10:31:52.861-0100][2,326s] GC(4)   Evacuate Collection Set: 2,3ms
[2021-11-27T10:31:52.861-0100][2,326s] GC(4)   Post Evacuate Collection Set: 0,2ms
[2021-11-27T10:31:52.861-0100][2,326s] GC(4)   Other: 0,1ms
[2021-11-27T10:31:52.861-0100][2,326s] GC(4) Eden regions: 67->0(305)
[2021-11-27T10:31:52.861-0100][2,326s] GC(4) Survivor regions: 7->2(10)
[2021-11-27T10:31:52.861-0100][2,326s] GC(4) Old regions: 13->21
[2021-11-27T10:31:52.861-0100][2,326s] GC(4) Humongous regions: 4->4
[2021-11-27T10:31:52.861-0100][2,326s] GC(4) Metaspace: 32877K->32877K(1079296K)
[2021-11-27T10:31:52.861-0100][2,326s] GC(4) Pause Young (Normal) (G1 Evacuation Pause) 90M->25M(512M) 2,797ms
[2021-11-27T10:31:52.861-0100][2,326s] GC(4) User=0,02s Sys=0,00s Real=0,01s
[2021-11-27T10:31:53.009-0100][2,474s] GC(5) Pause Young (Concurrent Start) (Metadata GC Threshold)
[2021-11-27T10:31:53.009-0100][2,474s] GC(5) Using 10 workers of 10 for evacuation
[2021-11-27T10:31:53.011-0100][2,476s] GC(5)   Pre Evacuate Collection Set: 0,1ms
[2021-11-27T10:31:53.011-0100][2,476s] GC(5)   Evacuate Collection Set: 1,6ms
[2021-11-27T10:31:53.011-0100][2,476s] GC(5)   Post Evacuate Collection Set: 0,2ms
[2021-11-27T10:31:53.011-0100][2,476s] GC(5)   Other: 0,1ms
[2021-11-27T10:31:53.011-0100][2,476s] GC(5) Eden regions: 8->0(305)
[2021-11-27T10:31:53.011-0100][2,476s] GC(5) Survivor regions: 2->2(39)
[2021-11-27T10:31:53.011-0100][2,476s] GC(5) Old regions: 21->21
[2021-11-27T10:31:53.011-0100][2,476s] GC(5) Humongous regions: 4->4
[2021-11-27T10:31:53.011-0100][2,476s] GC(5) Metaspace: 34694K->34694K(1081344K)
[2021-11-27T10:31:53.012-0100][2,476s] GC(5) Pause Young (Concurrent Start) (Metadata GC Threshold) 33M->25M(512M) 2,068ms
[2021-11-27T10:31:53.012-0100][2,476s] GC(5) User=0,01s Sys=0,00s Real=0,01s
[2021-11-27T10:31:53.012-0100][2,476s] GC(6) Concurrent Cycle
[2021-11-27T10:31:53.012-0100][2,476s] GC(6) Concurrent Clear Claimed Marks
[2021-11-27T10:31:53.012-0100][2,476s] GC(6) Concurrent Clear Claimed Marks 0,023ms
[2021-11-27T10:31:53.012-0100][2,476s] GC(6) Concurrent Scan Root Regions
[2021-11-27T10:31:53.013-0100][2,477s] GC(6) Concurrent Scan Root Regions 1,031ms
[2021-11-27T10:31:53.013-0100][2,477s] GC(6) Concurrent Mark (2,477s)
[2021-11-27T10:31:53.013-0100][2,477s] GC(6) Concurrent Mark From Roots
[2021-11-27T10:31:53.013-0100][2,477s] GC(6) Using 3 workers of 3 for marking
[2021-11-27T10:31:53.024-0100][2,489s] GC(6) Concurrent Mark From Roots 11,232ms
[2021-11-27T10:31:53.024-0100][2,489s] GC(6) Concurrent Preclean
[2021-11-27T10:31:53.024-0100][2,489s] GC(6) Concurrent Preclean 0,133ms
[2021-11-27T10:31:53.024-0100][2,489s] GC(6) Concurrent Mark (2,477s, 2,489s) 11,452ms
[2021-11-27T10:31:53.024-0100][2,489s] GC(6) Pause Remark
[2021-11-27T10:31:53.026-0100][2,491s] GC(6) Cleaned string and symbol table, strings: 16478 processed, 25 removed, symbols: 113646 processed, 39 removed
[2021-11-27T10:31:53.027-0100][2,491s] GC(6) Pause Remark 26M->26M(512M) 2,378ms
[2021-11-27T10:31:53.027-0100][2,491s] GC(6) User=0,02s Sys=0,00s Real=0,00s
[2021-11-27T10:31:53.027-0100][2,491s] GC(6) Concurrent Rebuild Remembered Sets
[2021-11-27T10:31:53.034-0100][2,499s] GC(6) Concurrent Rebuild Remembered Sets 7,201ms
[2021-11-27T10:31:53.034-0100][2,499s] GC(6) Pause Cleanup
[2021-11-27T10:31:53.034-0100][2,499s] GC(6) Pause Cleanup 26M->26M(512M) 0,109ms
[2021-11-27T10:31:53.034-0100][2,499s] GC(6) User=0,00s Sys=0,00s Real=0,00s
[2021-11-27T10:31:53.034-0100][2,499s] GC(6) Concurrent Cleanup for Next Mark
[2021-11-27T10:31:53.035-0100][2,500s] GC(6) Concurrent Cleanup for Next Mark 0,766ms
[2021-11-27T10:31:53.035-0100][2,500s] GC(6) Concurrent Cycle 23,459ms
[2021-11-27T10:31:55.919-0100][5,383s] GC(7) Pause Young (Normal) (G1 Evacuation Pause)
[2021-11-27T10:31:55.919-0100][5,383s] GC(7) Using 10 workers of 10 for evacuation
[2021-11-27T10:31:55.926-0100][5,390s] GC(7)   Pre Evacuate Collection Set: 0,0ms
[2021-11-27T10:31:55.926-0100][5,390s] GC(7)   Evacuate Collection Set: 5,5ms
[2021-11-27T10:31:55.926-0100][5,390s] GC(7)   Post Evacuate Collection Set: 1,2ms
[2021-11-27T10:31:55.926-0100][5,390s] GC(7)   Other: 0,2ms
[2021-11-27T10:31:55.926-0100][5,390s] GC(7) Eden regions: 305->0(291)
[2021-11-27T10:31:55.926-0100][5,390s] GC(7) Survivor regions: 2->16(39)
[2021-11-27T10:31:55.926-0100][5,390s] GC(7) Old regions: 21->21
[2021-11-27T10:31:55.926-0100][5,390s] GC(7) Humongous regions: 5->4
[2021-11-27T10:31:55.926-0100][5,390s] GC(7) Metaspace: 53724K->53724K(1097728K)
[2021-11-27T10:31:55.926-0100][5,390s] GC(7) Pause Young (Normal) (G1 Evacuation Pause) 331M->39M(512M) 7,043ms
[2021-11-27T10:31:55.926-0100][5,391s] GC(7) User=0,07s Sys=0,00s Real=0,01s
[2021-11-27T10:31:56.770-0100][6,235s] GC(8) Pause Young (Concurrent Start) (Metadata GC Threshold)
[2021-11-27T10:31:56.770-0100][6,235s] GC(8) Using 10 workers of 10 for evacuation
[2021-11-27T10:31:56.782-0100][6,247s] GC(8)   Pre Evacuate Collection Set: 0,1ms
[2021-11-27T10:31:56.782-0100][6,247s] GC(8)   Evacuate Collection Set: 10,7ms
[2021-11-27T10:31:56.782-0100][6,247s] GC(8)   Post Evacuate Collection Set: 0,5ms
[2021-11-27T10:31:56.782-0100][6,247s] GC(8)   Other: 0,2ms
[2021-11-27T10:31:56.782-0100][6,247s] GC(8) Eden regions: 177->0(280)
[2021-11-27T10:31:56.782-0100][6,247s] GC(8) Survivor regions: 16->27(39)
[2021-11-27T10:31:56.782-0100][6,247s] GC(8) Old regions: 21->21
[2021-11-27T10:31:56.782-0100][6,247s] GC(8) Humongous regions: 4->4
[2021-11-27T10:31:56.782-0100][6,247s] GC(8) Metaspace: 58514K->58514K(1101824K)
[2021-11-27T10:31:56.782-0100][6,247s] GC(8) Pause Young (Concurrent Start) (Metadata GC Threshold) 216M->50M(512M) 11,600ms
[2021-11-27T10:31:56.782-0100][6,247s] GC(8) User=0,08s Sys=0,01s Real=0,01s
[2021-11-27T10:31:56.782-0100][6,247s] GC(9) Concurrent Cycle
[2021-11-27T10:31:56.782-0100][6,247s] GC(9) Concurrent Clear Claimed Marks
[2021-11-27T10:31:56.782-0100][6,247s] GC(9) Concurrent Clear Claimed Marks 0,084ms
[2021-11-27T10:31:56.782-0100][6,247s] GC(9) Concurrent Scan Root Regions
[2021-11-27T10:31:56.788-0100][6,252s] GC(9) Concurrent Scan Root Regions 5,404ms
[2021-11-27T10:31:56.788-0100][6,252s] GC(9) Concurrent Mark (6,252s)
[2021-11-27T10:31:56.788-0100][6,252s] GC(9) Concurrent Mark From Roots
[2021-11-27T10:31:56.788-0100][6,252s] GC(9) Using 3 workers of 3 for marking
[2021-11-27T10:31:56.798-0100][6,263s] GC(9) Concurrent Mark From Roots 10,674ms
[2021-11-27T10:31:56.798-0100][6,263s] GC(9) Concurrent Preclean
[2021-11-27T10:31:56.798-0100][6,263s] GC(9) Concurrent Preclean 0,118ms
[2021-11-27T10:31:56.798-0100][6,263s] GC(9) Concurrent Mark (6,252s, 6,263s) 10,870ms
[2021-11-27T10:31:56.799-0100][6,264s] GC(9) Pause Remark
[2021-11-27T10:31:56.802-0100][6,267s] GC(9) Cleaned string and symbol table, strings: 28738 processed, 1 removed, symbols: 178247 processed, 633 removed
[2021-11-27T10:31:56.802-0100][6,267s] GC(9) Pause Remark 52M->52M(512M) 2,998ms
[2021-11-27T10:31:56.802-0100][6,267s] GC(9) User=0,02s Sys=0,00s Real=0,01s
[2021-11-27T10:31:56.802-0100][6,267s] GC(9) Concurrent Rebuild Remembered Sets
[2021-11-27T10:31:56.811-0100][6,276s] GC(9) Concurrent Rebuild Remembered Sets 8,680ms
[2021-11-27T10:31:56.811-0100][6,276s] GC(9) Pause Cleanup
[2021-11-27T10:31:56.811-0100][6,276s] GC(9) Pause Cleanup 53M->53M(512M) 0,123ms
[2021-11-27T10:31:56.811-0100][6,276s] GC(9) User=0,01s Sys=0,00s Real=0,00s
[2021-11-27T10:31:56.811-0100][6,276s] GC(9) Concurrent Cleanup for Next Mark
[2021-11-27T10:31:56.812-0100][6,277s] GC(9) Concurrent Cleanup for Next Mark 1,008ms
[2021-11-27T10:31:56.812-0100][6,277s] GC(9) Concurrent Cycle 30,239ms
[2021-11-27T10:32:14.363-0100][23,829s] GC(10) Pause Young (Normal) (G1 Evacuation Pause)
[2021-11-27T10:32:14.363-0100][23,829s] GC(10) Using 10 workers of 10 for evacuation
[2021-11-27T10:32:14.379-0100][23,844s] GC(10)   Pre Evacuate Collection Set: 0,0ms
[2021-11-27T10:32:14.379-0100][23,844s] GC(10)   Evacuate Collection Set: 14,6ms
[2021-11-27T10:32:14.379-0100][23,844s] GC(10)   Post Evacuate Collection Set: 0,7ms
[2021-11-27T10:32:14.379-0100][23,844s] GC(10)   Other: 0,2ms
[2021-11-27T10:32:14.379-0100][23,844s] GC(10) Eden regions: 280->0(276)
[2021-11-27T10:32:14.379-0100][23,844s] GC(10) Survivor regions: 27->31(39)
[2021-11-27T10:32:14.379-0100][23,844s] GC(10) Old regions: 21->36
[2021-11-27T10:32:14.379-0100][23,844s] GC(10) Humongous regions: 4->4
[2021-11-27T10:32:14.379-0100][23,844s] GC(10) Metaspace: 67611K->67611K(1110016K)
[2021-11-27T10:32:14.379-0100][23,844s] GC(10) Pause Young (Normal) (G1 Evacuation Pause) 330M->70M(512M) 15,683ms
[2021-11-27T10:32:14.379-0100][23,844s] GC(10) User=0,16s Sys=0,00s Real=0,01s
[2021-11-27T11:04:12.201-0100][1391,022s] GC(11) Pause Young (Normal) (G1 Evacuation Pause)
[2021-11-27T11:04:12.201-0100][1391,022s] GC(11) Using 10 workers of 10 for evacuation
[2021-11-27T11:04:12.253-0100][1391,074s] GC(11)   Pre Evacuate Collection Set: 0,0ms
[2021-11-27T11:04:12.253-0100][1391,074s] GC(11)   Evacuate Collection Set: 50,4ms
[2021-11-27T11:04:12.253-0100][1391,074s] GC(11)   Post Evacuate Collection Set: 1,4ms
[2021-11-27T11:04:12.253-0100][1391,074s] GC(11)   Other: 0,3ms
[2021-11-27T11:04:12.253-0100][1391,074s] GC(11) Eden regions: 276->0(291)
[2021-11-27T11:04:12.253-0100][1391,074s] GC(11) Survivor regions: 31->8(39)
[2021-11-27T11:04:12.253-0100][1391,074s] GC(11) Old regions: 36->64
[2021-11-27T11:04:12.253-0100][1391,074s] GC(11) Humongous regions: 4->4
[2021-11-27T11:04:12.253-0100][1391,074s] GC(11) Metaspace: 72351K->72351K(1116160K)
[2021-11-27T11:04:12.253-0100][1391,074s] GC(11) Pause Young (Normal) (G1 Evacuation Pause) 346M->75M(512M) 52,319ms
[2021-11-27T11:04:12.253-0100][1391,074s] GC(11) User=0,12s Sys=0,15s Real=0,05s
[2021-11-27T11:32:01.120-0100][3025,446s] GC(12) Pause Young (Normal) (G1 Evacuation Pause)
[2021-11-27T11:32:01.120-0100][3025,446s] GC(12) Using 10 workers of 10 for evacuation
[2021-11-27T11:32:01.133-0100][3025,459s] GC(12)   Pre Evacuate Collection Set: 0,0ms
[2021-11-27T11:32:01.133-0100][3025,460s] GC(12)   Evacuate Collection Set: 12,9ms
[2021-11-27T11:32:01.133-0100][3025,460s] GC(12)   Post Evacuate Collection Set: 0,7ms
[2021-11-27T11:32:01.133-0100][3025,460s] GC(12)   Other: 0,2ms
[2021-11-27T11:32:01.133-0100][3025,460s] GC(12) Eden regions: 291->0(299)
[2021-11-27T11:32:01.133-0100][3025,460s] GC(12) Survivor regions: 8->8(38)
[2021-11-27T11:32:01.133-0100][3025,460s] GC(12) Old regions: 64->64
[2021-11-27T11:32:01.133-0100][3025,460s] GC(12) Humongous regions: 7->7
[2021-11-27T11:32:01.133-0100][3025,460s] GC(12) Metaspace: 74501K->74501K(1118208K)
[2021-11-27T11:32:01.134-0100][3025,460s] GC(12) Pause Young (Normal) (G1 Evacuation Pause) 369M->78M(512M) 13,964ms
[2021-11-27T11:32:01.134-0100][3025,460s] GC(12) User=0,04s Sys=0,05s Real=0,01s
[2021-11-27T12:05:18.880-0100][5023,208s] GC(13) Pause Young (Normal) (G1 Evacuation Pause)
[2021-11-27T12:05:18.880-0100][5023,208s] GC(13) Using 10 workers of 10 for evacuation
[2021-11-27T12:05:18.885-0100][5023,214s] GC(13)   Pre Evacuate Collection Set: 0,0ms
[2021-11-27T12:05:18.885-0100][5023,214s] GC(13)   Evacuate Collection Set: 4,5ms
[2021-11-27T12:05:18.885-0100][5023,214s] GC(13)   Post Evacuate Collection Set: 0,7ms
[2021-11-27T12:05:18.885-0100][5023,214s] GC(13)   Other: 0,2ms
[2021-11-27T12:05:18.885-0100][5023,214s] GC(13) Eden regions: 299->0(299)
[2021-11-27T12:05:18.885-0100][5023,214s] GC(13) Survivor regions: 8->8(39)
[2021-11-27T12:05:18.885-0100][5023,214s] GC(13) Old regions: 64->64
[2021-11-27T12:05:18.885-0100][5023,214s] GC(13) Humongous regions: 7->7
[2021-11-27T12:05:18.885-0100][5023,214s] GC(13) Metaspace: 75190K->75190K(1118208K)
[2021-11-27T12:05:18.885-0100][5023,214s] GC(13) Pause Young (Normal) (G1 Evacuation Pause) 377M->78M(512M) 5,558ms
[2021-11-27T12:05:18.885-0100][5023,214s] GC(13) User=0,05s Sys=0,00s Real=0,00s
[2021-11-27T12:41:57.369-0100][7137,931s] GC(14) Pause Young (Normal) (G1 Evacuation Pause)
[2021-11-27T12:41:57.369-0100][7137,931s] GC(14) Using 10 workers of 10 for evacuation
[2021-11-27T12:41:57.377-0100][7137,938s] GC(14)   Pre Evacuate Collection Set: 0,0ms
[2021-11-27T12:41:57.377-0100][7137,939s] GC(14)   Evacuate Collection Set: 6,3ms
[2021-11-27T12:41:57.377-0100][7137,939s] GC(14)   Post Evacuate Collection Set: 0,8ms
[2021-11-27T12:41:57.377-0100][7137,939s] GC(14)   Other: 0,5ms
[2021-11-27T12:41:57.377-0100][7137,939s] GC(14) Eden regions: 299->0(298)
[2021-11-27T12:41:57.377-0100][7137,939s] GC(14) Survivor regions: 8->9(39)
[2021-11-27T12:41:57.377-0100][7137,939s] GC(14) Old regions: 64->64
[2021-11-27T12:41:57.377-0100][7137,939s] GC(14) Humongous regions: 7->7
[2021-11-27T12:41:57.377-0100][7137,939s] GC(14) Metaspace: 75442K->75442K(1118208K)
[2021-11-27T12:41:57.377-0100][7137,939s] GC(14) Pause Young (Normal) (G1 Evacuation Pause) 377M->79M(512M) 7,754ms
[2021-11-27T12:41:57.377-0100][7137,939s] GC(14) User=0,05s Sys=0,01s Real=0,01s
[2021-11-27T13:25:23.360-0100][9132,245s] GC(15) Pause Young (Normal) (G1 Evacuation Pause)
[2021-11-27T13:25:23.361-0100][9132,245s] GC(15) Using 10 workers of 10 for evacuation
[2021-11-27T13:25:23.374-0100][9132,258s] GC(15)   Pre Evacuate Collection Set: 0,0ms
[2021-11-27T13:25:23.374-0100][9132,258s] GC(15)   Evacuate Collection Set: 12,1ms
[2021-11-27T13:25:23.374-0100][9132,258s] GC(15)   Post Evacuate Collection Set: 0,8ms
[2021-11-27T13:25:23.374-0100][9132,258s] GC(15)   Other: 0,9ms
[2021-11-27T13:25:23.374-0100][9132,258s] GC(15) Eden regions: 298->0(297)
[2021-11-27T13:25:23.374-0100][9132,258s] GC(15) Survivor regions: 9->10(39)
[2021-11-27T13:25:23.374-0100][9132,258s] GC(15) Old regions: 64->64
[2021-11-27T13:25:23.374-0100][9132,258s] GC(15) Humongous regions: 7->7
[2021-11-27T13:25:23.374-0100][9132,258s] GC(15) Metaspace: 76259K->76259K(1118208K)
[2021-11-27T13:25:23.374-0100][9132,258s] GC(15) Pause Young (Normal) (G1 Evacuation Pause) 377M->80M(512M) 13,944ms
[2021-11-27T13:25:23.374-0100][9132,258s] GC(15) User=0,06s Sys=0,05s Real=0,01s
[2021-11-27T13:52:34.673-0100][10763,556s] GC(16) Pause Young (Normal) (G1 Evacuation Pause)
[2021-11-27T13:52:34.673-0100][10763,556s] GC(16) Using 10 workers of 10 for evacuation
[2021-11-27T13:52:34.681-0100][10763,563s] GC(16)   Pre Evacuate Collection Set: 0,0ms
[2021-11-27T13:52:34.681-0100][10763,563s] GC(16)   Evacuate Collection Set: 6,3ms
[2021-11-27T13:52:34.681-0100][10763,563s] GC(16)   Post Evacuate Collection Set: 0,7ms
[2021-11-27T13:52:34.681-0100][10763,563s] GC(16)   Other: 0,7ms
[2021-11-27T13:52:34.681-0100][10763,563s] GC(16) Eden regions: 297->0(297)
[2021-11-27T13:52:34.681-0100][10763,563s] GC(16) Survivor regions: 10->10(39)
[2021-11-27T13:52:34.681-0100][10763,563s] GC(16) Old regions: 64->64
[2021-11-27T13:52:34.681-0100][10763,563s] GC(16) Humongous regions: 7->7
[2021-11-27T13:52:34.681-0100][10763,563s] GC(16) Metaspace: 77013K->77013K(1120256K)
[2021-11-27T13:52:34.681-0100][10763,563s] GC(16) Pause Young (Normal) (G1 Evacuation Pause) 377M->79M(512M) 7,802ms
[2021-11-27T13:52:34.681-0100][10763,564s] GC(16) User=0,07s Sys=0,00s Real=0,01s
[2021-11-27T14:43:08.077-0100][12635,389s] GC(17) Pause Young (Normal) (G1 Evacuation Pause)
[2021-11-27T14:43:08.077-0100][12635,389s] GC(17) Using 10 workers of 10 for evacuation
[2021-11-27T14:43:08.084-0100][12635,396s] GC(17)   Pre Evacuate Collection Set: 0,0ms
[2021-11-27T14:43:08.084-0100][12635,396s] GC(17)   Evacuate Collection Set: 5,5ms
[2021-11-27T14:43:08.084-0100][12635,396s] GC(17)   Post Evacuate Collection Set: 0,7ms
[2021-11-27T14:43:08.084-0100][12635,396s] GC(17)   Other: 0,6ms
[2021-11-27T14:43:08.084-0100][12635,396s] GC(17) Eden regions: 297->0(297)
[2021-11-27T14:43:08.084-0100][12635,396s] GC(17) Survivor regions: 10->10(39)
[2021-11-27T14:43:08.084-0100][12635,396s] GC(17) Old regions: 64->64
[2021-11-27T14:43:08.084-0100][12635,396s] GC(17) Humongous regions: 7->7
[2021-11-27T14:43:08.084-0100][12635,396s] GC(17) Metaspace: 77286K->77286K(1120256K)
[2021-11-27T14:43:08.084-0100][12635,396s] GC(17) Pause Young (Normal) (G1 Evacuation Pause) 376M->80M(512M) 6,966ms
[2021-11-27T14:43:08.084-0100][12635,396s] GC(17) User=0,07s Sys=0,00s Real=0,01s
[2021-11-27T15:10:19.621-0100][14266,952s] GC(18) Pause Young (Normal) (G1 Evacuation Pause)
[2021-11-27T15:10:19.622-0100][14266,953s] GC(18) Using 10 workers of 10 for evacuation
[2021-11-27T15:10:19.628-0100][14266,959s] GC(18)   Pre Evacuate Collection Set: 0,0ms
[2021-11-27T15:10:19.628-0100][14266,959s] GC(18)   Evacuate Collection Set: 5,8ms
[2021-11-27T15:10:19.628-0100][14266,959s] GC(18)   Post Evacuate Collection Set: 0,8ms
[2021-11-27T15:10:19.628-0100][14266,959s] GC(18)   Other: 0,6ms
[2021-11-27T15:10:19.628-0100][14266,959s] GC(18) Eden regions: 297->0(296)
[2021-11-27T15:10:19.628-0100][14266,959s] GC(18) Survivor regions: 10->11(39)
[2021-11-27T15:10:19.628-0100][14266,959s] GC(18) Old regions: 64->64
[2021-11-27T15:10:19.628-0100][14266,959s] GC(18) Humongous regions: 7->7
[2021-11-27T15:10:19.628-0100][14266,959s] GC(18) Metaspace: 77501K->77501K(1120256K)
[2021-11-27T15:10:19.628-0100][14266,959s] GC(18) Pause Young (Normal) (G1 Evacuation Pause) 377M->81M(512M) 7,282ms
[2021-11-27T15:10:19.628-0100][14266,959s] GC(18) User=0,05s Sys=0,00s Real=0,00s
[2021-11-27T15:42:31.699-0100][16199,034s] GC(19) Pause Young (Normal) (G1 Evacuation Pause)
[2021-11-27T15:42:31.700-0100][16199,035s] GC(19) Using 10 workers of 10 for evacuation
[2021-11-27T15:42:31.707-0100][16199,042s] GC(19)   Pre Evacuate Collection Set: 0,0ms
[2021-11-27T15:42:31.707-0100][16199,042s] GC(19)   Evacuate Collection Set: 6,5ms
[2021-11-27T15:42:31.707-0100][16199,042s] GC(19)   Post Evacuate Collection Set: 0,8ms
[2021-11-27T15:42:31.707-0100][16199,042s] GC(19)   Other: 0,6ms
[2021-11-27T15:42:31.707-0100][16199,042s] GC(19) Eden regions: 296->0(295)
[2021-11-27T15:42:31.707-0100][16199,042s] GC(19) Survivor regions: 11->12(39)
[2021-11-27T15:42:31.707-0100][16199,042s] GC(19) Old regions: 64->64
[2021-11-27T15:42:31.707-0100][16199,042s] GC(19) Humongous regions: 7->7
[2021-11-27T15:42:31.707-0100][16199,042s] GC(19) Metaspace: 77812K->77812K(1120256K)
[2021-11-27T15:42:31.707-0100][16199,042s] GC(19) Pause Young (Normal) (G1 Evacuation Pause) 377M->81M(512M) 7,979ms
[2021-11-27T15:42:31.707-0100][16199,043s] GC(19) User=0,06s Sys=0,00s Real=0,01s
[2021-11-27T16:16:46.125-0100][18253,478s] GC(20) Pause Young (Normal) (G1 Evacuation Pause)
[2021-11-27T16:16:46.125-0100][18253,478s] GC(20) Using 10 workers of 10 for evacuation
[2021-11-27T16:16:46.133-0100][18253,485s] GC(20)   Pre Evacuate Collection Set: 0,0ms
[2021-11-27T16:16:46.133-0100][18253,485s] GC(20)   Evacuate Collection Set: 6,3ms
[2021-11-27T16:16:46.133-0100][18253,485s] GC(20)   Post Evacuate Collection Set: 0,8ms
[2021-11-27T16:16:46.133-0100][18253,485s] GC(20)   Other: 0,6ms
[2021-11-27T16:16:46.133-0100][18253,485s] GC(20) Eden regions: 295->0(295)
[2021-11-27T16:16:46.133-0100][18253,485s] GC(20) Survivor regions: 12->12(39)
[2021-11-27T16:16:46.133-0100][18253,485s] GC(20) Old regions: 64->64
[2021-11-27T16:16:46.133-0100][18253,485s] GC(20) Humongous regions: 7->7
[2021-11-27T16:16:46.133-0100][18253,485s] GC(20) Metaspace: 77922K->77922K(1120256K)
[2021-11-27T16:16:46.133-0100][18253,485s] GC(20) Pause Young (Normal) (G1 Evacuation Pause) 376M->82M(512M) 7,821ms
[2021-11-27T16:16:46.133-0100][18253,485s] GC(20) User=0,06s Sys=0,00s Real=0,01s
[2021-11-27T16:48:59.031-0100][20186,351s] GC(21) Pause Young (Normal) (G1 Evacuation Pause)
[2021-11-27T16:48:59.031-0100][20186,352s] GC(21) Using 10 workers of 10 for evacuation
[2021-11-27T16:48:59.056-0100][20186,376s] GC(21)   Pre Evacuate Collection Set: 0,0ms
[2021-11-27T16:48:59.056-0100][20186,376s] GC(21)   Evacuate Collection Set: 23,3ms
[2021-11-27T16:48:59.056-0100][20186,376s] GC(21)   Post Evacuate Collection Set: 0,8ms
[2021-11-27T16:48:59.056-0100][20186,376s] GC(21)   Other: 0,9ms
[2021-11-27T16:48:59.056-0100][20186,376s] GC(21) Eden regions: 295->0(295)
[2021-11-27T16:48:59.056-0100][20186,376s] GC(21) Survivor regions: 12->12(39)
[2021-11-27T16:48:59.056-0100][20186,376s] GC(21) Old regions: 64->64
[2021-11-27T16:48:59.056-0100][20186,376s] GC(21) Humongous regions: 7->7
[2021-11-27T16:48:59.056-0100][20186,376s] GC(21) Metaspace: 77962K->77962K(1120256K)
[2021-11-27T16:48:59.056-0100][20186,376s] GC(21) Pause Young (Normal) (G1 Evacuation Pause) 377M->82M(512M) 25,051ms
[2021-11-27T16:48:59.056-0100][20186,376s] GC(21) User=0,06s Sys=0,09s Real=0,02s
[2021-11-27T21:59:29.200-0100][22184,873s] GC(22) Pause Young (Normal) (G1 Evacuation Pause)
[2021-11-27T21:59:29.201-0100][22184,873s] GC(22) Using 10 workers of 10 for evacuation
[2021-11-27T21:59:29.239-0100][22184,912s] GC(22)   Pre Evacuate Collection Set: 0,2ms
[2021-11-27T21:59:29.254-0100][22184,927s] GC(22)   Evacuate Collection Set: 34,4ms
[2021-11-27T21:59:29.254-0100][22184,927s] GC(22)   Post Evacuate Collection Set: 2,5ms
[2021-11-27T21:59:29.254-0100][22184,927s] GC(22)   Other: 2,1ms
[2021-11-27T21:59:29.255-0100][22184,927s] GC(22) Eden regions: 295->0(295)
[2021-11-27T21:59:29.255-0100][22184,927s] GC(22) Survivor regions: 12->12(39)
[2021-11-27T21:59:29.255-0100][22184,927s] GC(22) Old regions: 64->64
[2021-11-27T21:59:29.255-0100][22184,927s] GC(22) Humongous regions: 7->7
[2021-11-27T21:59:29.255-0100][22184,927s] GC(22) Metaspace: 77986K->77986K(1120256K)
[2021-11-27T21:59:29.255-0100][22184,927s] GC(22) Pause Young (Normal) (G1 Evacuation Pause) 377M->82M(512M) 54,709ms
[2021-11-27T21:59:29.255-0100][22184,927s] GC(22) User=0,06s Sys=0,17s Real=0,05s
[2021-11-27T22:49:48.812-0100][24299,347s] GC(23) Pause Young (Normal) (G1 Evacuation Pause)
[2021-11-27T22:49:48.812-0100][24299,347s] GC(23) Using 10 workers of 10 for evacuation
[2021-11-27T22:49:48.819-0100][24299,355s] GC(23)   Pre Evacuate Collection Set: 0,0ms
[2021-11-27T22:49:48.819-0100][24299,355s] GC(23)   Evacuate Collection Set: 6,3ms
[2021-11-27T22:49:48.819-0100][24299,355s] GC(23)   Post Evacuate Collection Set: 0,8ms
[2021-11-27T22:49:48.819-0100][24299,355s] GC(23)   Other: 0,2ms
[2021-11-27T22:49:48.819-0100][24299,355s] GC(23) Eden regions: 295->0(296)
[2021-11-27T22:49:48.819-0100][24299,355s] GC(23) Survivor regions: 12->11(39)
[2021-11-27T22:49:48.819-0100][24299,355s] GC(23) Old regions: 64->64
[2021-11-27T22:49:48.819-0100][24299,355s] GC(23) Humongous regions: 7->7
[2021-11-27T22:49:48.819-0100][24299,355s] GC(23) Metaspace: 78035K->78035K(1120256K)
[2021-11-27T22:49:48.820-0100][24299,355s] GC(23) Pause Young (Normal) (G1 Evacuation Pause) 377M->81M(512M) 7,404ms
[2021-11-27T22:49:48.820-0100][24299,355s] GC(23) User=0,05s Sys=0,00s Real=0,01s
[2021-11-28T02:30:28.216-0100][26316,841s] GC(24) Pause Young (Normal) (G1 Evacuation Pause)
[2021-11-28T02:30:28.217-0100][26316,842s] GC(24) Using 10 workers of 10 for evacuation
[2021-11-28T02:30:28.254-0100][26316,878s] GC(24)   Pre Evacuate Collection Set: 0,3ms
[2021-11-28T02:30:28.254-0100][26316,879s] GC(24)   Evacuate Collection Set: 34,7ms
[2021-11-28T02:30:28.254-0100][26316,879s] GC(24)   Post Evacuate Collection Set: 1,6ms
[2021-11-28T02:30:28.254-0100][26316,879s] GC(24)   Other: 0,9ms
[2021-11-28T02:30:28.254-0100][26316,879s] GC(24) Eden regions: 296->0(296)
[2021-11-28T02:30:28.254-0100][26316,879s] GC(24) Survivor regions: 11->11(39)
[2021-11-28T02:30:28.254-0100][26316,879s] GC(24) Old regions: 64->64
[2021-11-28T02:30:28.254-0100][26316,879s] GC(24) Humongous regions: 7->7
[2021-11-28T02:30:28.254-0100][26316,879s] GC(24) Metaspace: 78085K->78085K(1120256K)
[2021-11-28T02:30:28.254-0100][26316,879s] GC(24) Pause Young (Normal) (G1 Evacuation Pause) 377M->81M(512M) 37,630ms
[2021-11-28T02:30:28.254-0100][26316,879s] GC(24) User=0,06s Sys=0,16s Real=0,04s
[2021-11-28T05:51:04.790-0100][28385,807s] GC(25) Pause Young (Normal) (G1 Evacuation Pause)
[2021-11-28T05:51:04.790-0100][28385,807s] GC(25) Using 10 workers of 10 for evacuation
[2021-11-28T05:51:04.799-0100][28385,816s] GC(25)   Pre Evacuate Collection Set: 0,0ms
[2021-11-28T05:51:04.799-0100][28385,816s] GC(25)   Evacuate Collection Set: 6,6ms
[2021-11-28T05:51:04.799-0100][28385,816s] GC(25)   Post Evacuate Collection Set: 1,7ms
[2021-11-28T05:51:04.799-0100][28385,816s] GC(25)   Other: 0,7ms
[2021-11-28T05:51:04.799-0100][28385,816s] GC(25) Eden regions: 296->0(294)
[2021-11-28T05:51:04.799-0100][28385,816s] GC(25) Survivor regions: 11->13(39)
[2021-11-28T05:51:04.799-0100][28385,816s] GC(25) Old regions: 64->64
[2021-11-28T05:51:04.799-0100][28385,816s] GC(25) Humongous regions: 7->7
[2021-11-28T05:51:04.799-0100][28385,816s] GC(25) Metaspace: 78169K->78169K(1120256K)
[2021-11-28T05:51:04.799-0100][28385,816s] GC(25) Pause Young (Normal) (G1 Evacuation Pause) 377M->83M(512M) 9,143ms
[2021-11-28T05:51:04.799-0100][28385,816s] GC(25) User=0,05s Sys=0,01s Real=0,00s
[2021-11-28T11:36:34.056-0100][30452,187s] GC(26) Pause Young (Normal) (G1 Evacuation Pause)
[2021-11-28T11:36:34.057-0100][30452,188s] GC(26) Using 10 workers of 10 for evacuation
[2021-11-28T11:36:34.066-0100][30452,197s] GC(26)   Pre Evacuate Collection Set: 0,0ms
[2021-11-28T11:36:34.066-0100][30452,197s] GC(26)   Evacuate Collection Set: 7,7ms
[2021-11-28T11:36:34.066-0100][30452,197s] GC(26)   Post Evacuate Collection Set: 1,0ms
[2021-11-28T11:36:34.066-0100][30452,197s] GC(26)   Other: 1,4ms
[2021-11-28T11:36:34.066-0100][30452,197s] GC(26) Eden regions: 294->0(300)
[2021-11-28T11:36:34.066-0100][30452,197s] GC(26) Survivor regions: 13->7(39)
[2021-11-28T11:36:34.066-0100][30452,197s] GC(26) Old regions: 64->68
[2021-11-28T11:36:34.066-0100][30452,197s] GC(26) Humongous regions: 7->7
[2021-11-28T11:36:34.066-0100][30452,197s] GC(26) Metaspace: 78185K->78185K(1120256K)
[2021-11-28T11:36:34.066-0100][30452,197s] GC(26) Pause Young (Normal) (G1 Evacuation Pause) 377M->81M(512M) 10,224ms
[2021-11-28T11:36:34.066-0100][30452,197s] GC(26) User=0,06s Sys=0,01s Real=0,01s
[2021-11-28T21:21:14.959-0100][32633,770s] GC(27) Pause Young (Normal) (G1 Evacuation Pause)
[2021-11-28T21:21:14.959-0100][32633,771s] GC(27) Using 10 workers of 10 for evacuation
[2021-11-28T21:21:14.964-0100][32633,775s] GC(27)   Pre Evacuate Collection Set: 0,0ms
[2021-11-28T21:21:14.964-0100][32633,775s] GC(27)   Evacuate Collection Set: 3,9ms
[2021-11-28T21:21:14.964-0100][32633,775s] GC(27)   Post Evacuate Collection Set: 0,6ms
[2021-11-28T21:21:14.964-0100][32633,775s] GC(27)   Other: 0,9ms
[2021-11-28T21:21:14.964-0100][32633,775s] GC(27) Eden regions: 300->0(301)
[2021-11-28T21:21:14.964-0100][32633,775s] GC(27) Survivor regions: 7->6(39)
[2021-11-28T21:21:14.964-0100][32633,775s] GC(27) Old regions: 68->69
[2021-11-28T21:21:14.964-0100][32633,776s] GC(27) Humongous regions: 7->7
[2021-11-28T21:21:14.964-0100][32633,776s] GC(27) Metaspace: 78198K->78198K(1120256K)
[2021-11-28T21:21:14.964-0100][32633,776s] GC(27) Pause Young (Normal) (G1 Evacuation Pause) 381M->81M(512M) 5,581ms
[2021-11-28T21:21:14.964-0100][32633,776s] GC(27) User=0,04s Sys=0,00s Real=0,01s
[2021-11-29T11:22:47.606-0100][34753,227s] GC(28) Pause Young (Normal) (G1 Evacuation Pause)
[2021-11-29T11:22:47.607-0100][34753,228s] GC(28) Using 10 workers of 10 for evacuation
[2021-11-29T11:22:47.657-0100][34753,278s] GC(28)   Pre Evacuate Collection Set: 1,6ms
[2021-11-29T11:22:47.657-0100][34753,278s] GC(28)   Evacuate Collection Set: 43,5ms
[2021-11-29T11:22:47.657-0100][34753,278s] GC(28)   Post Evacuate Collection Set: 3,4ms
[2021-11-29T11:22:47.657-0100][34753,278s] GC(28)   Other: 3,6ms
[2021-11-29T11:22:47.657-0100][34753,278s] GC(28) Eden regions: 301->0(301)
[2021-11-29T11:22:47.657-0100][34753,278s] GC(28) Survivor regions: 6->6(39)
[2021-11-29T11:22:47.657-0100][34753,278s] GC(28) Old regions: 69->69
[2021-11-29T11:22:47.657-0100][34753,278s] GC(28) Humongous regions: 7->7
[2021-11-29T11:22:47.657-0100][34753,278s] GC(28) Metaspace: 78198K->78198K(1120256K)
[2021-11-29T11:22:47.657-0100][34753,278s] GC(28) Pause Young (Normal) (G1 Evacuation Pause) 382M->81M(512M) 51,592ms
[2021-11-29T11:22:47.657-0100][34753,278s] GC(28) User=0,08s Sys=0,22s Real=0,05s
[2021-11-29T12:02:43.178-0100][36930,915s] GC(29) Pause Young (Normal) (G1 Evacuation Pause)
[2021-11-29T12:02:43.178-0100][36930,915s] GC(29) Using 10 workers of 10 for evacuation
[2021-11-29T12:02:43.183-0100][36930,920s] GC(29)   Pre Evacuate Collection Set: 0,0ms
[2021-11-29T12:02:43.183-0100][36930,920s] GC(29)   Evacuate Collection Set: 4,2ms
[2021-11-29T12:02:43.183-0100][36930,920s] GC(29)   Post Evacuate Collection Set: 0,6ms
[2021-11-29T12:02:43.183-0100][36930,920s] GC(29)   Other: 0,7ms
[2021-11-29T12:02:43.183-0100][36930,921s] GC(29) Eden regions: 301->0(301)
[2021-11-29T12:02:43.183-0100][36930,921s] GC(29) Survivor regions: 6->6(39)
[2021-11-29T12:02:43.183-0100][36930,921s] GC(29) Old regions: 69->70
[2021-11-29T12:02:43.183-0100][36930,921s] GC(29) Humongous regions: 7->7
[2021-11-29T12:02:43.183-0100][36930,921s] GC(29) Metaspace: 78202K->78202K(1120256K)
[2021-11-29T12:02:43.183-0100][36930,921s] GC(29) Pause Young (Normal) (G1 Evacuation Pause) 382M->81M(512M) 5,627ms
[2021-11-29T12:02:43.183-0100][36930,921s] GC(29) User=0,02s Sys=0,01s Real=0,01s
[2021-11-29T12:40:00.223-0100][39062,976s] GC(30) Pause Young (Normal) (G1 Evacuation Pause)
[2021-11-29T12:40:00.225-0100][39062,978s] GC(30) Using 10 workers of 10 for evacuation
[2021-11-29T12:40:00.230-0100][39062,983s] GC(30)   Pre Evacuate Collection Set: 0,0ms
[2021-11-29T12:40:00.230-0100][39062,983s] GC(30)   Evacuate Collection Set: 4,2ms
[2021-11-29T12:40:00.230-0100][39062,983s] GC(30)   Post Evacuate Collection Set: 0,7ms
[2021-11-29T12:40:00.230-0100][39062,983s] GC(30)   Other: 2,1ms
[2021-11-29T12:40:00.230-0100][39062,983s] GC(30) Eden regions: 301->0(302)
[2021-11-29T12:40:00.230-0100][39062,983s] GC(30) Survivor regions: 6->5(39)
[2021-11-29T12:40:00.230-0100][39062,983s] GC(30) Old regions: 70->70
[2021-11-29T12:40:00.230-0100][39062,983s] GC(30) Humongous regions: 7->7
[2021-11-29T12:40:00.230-0100][39062,983s] GC(30) Metaspace: 78202K->78202K(1120256K)
[2021-11-29T12:40:00.230-0100][39062,983s] GC(30) Pause Young (Normal) (G1 Evacuation Pause) 382M->80M(512M) 7,176ms
[2021-11-29T12:40:00.231-0100][39062,983s] GC(30) User=0,04s Sys=0,00s Real=0,01s
[2021-11-29T13:22:33.417-0100][41224,132s] GC(31) Pause Young (Normal) (G1 Evacuation Pause)
[2021-11-29T13:22:33.417-0100][41224,132s] GC(31) Using 10 workers of 10 for evacuation
[2021-11-29T13:22:33.420-0100][41224,135s] GC(31)   Pre Evacuate Collection Set: 0,0ms
[2021-11-29T13:22:33.420-0100][41224,135s] GC(31)   Evacuate Collection Set: 2,4ms
[2021-11-29T13:22:33.420-0100][41224,135s] GC(31)   Post Evacuate Collection Set: 0,6ms
[2021-11-29T13:22:33.420-0100][41224,135s] GC(31)   Other: 0,8ms
[2021-11-29T13:22:33.420-0100][41224,135s] GC(31) Eden regions: 302->0(302)
[2021-11-29T13:22:33.420-0100][41224,135s] GC(31) Survivor regions: 5->5(39)
[2021-11-29T13:22:33.420-0100][41224,135s] GC(31) Old regions: 70->70
[2021-11-29T13:22:33.420-0100][41224,135s] GC(31) Humongous regions: 7->7
[2021-11-29T13:22:33.420-0100][41224,135s] GC(31) Metaspace: 78202K->78202K(1120256K)
[2021-11-29T13:22:33.420-0100][41224,136s] GC(31) Pause Young (Normal) (G1 Evacuation Pause) 382M->81M(512M) 3,890ms
[2021-11-29T13:22:33.420-0100][41224,136s] GC(31) User=0,02s Sys=0,00s Real=0,01s
[2021-11-29T19:17:01.817-0100][49604,607s] GC(32) Pause Young (Normal) (G1 Evacuation Pause)
[2021-11-29T19:17:01.818-0100][49604,608s] GC(32) Using 10 workers of 10 for evacuation
[2021-11-29T19:17:01.840-0100][49604,629s] GC(32)   Pre Evacuate Collection Set: 0,2ms
[2021-11-29T19:17:01.840-0100][49604,629s] GC(32)   Evacuate Collection Set: 19,1ms
[2021-11-29T19:17:01.840-0100][49604,629s] GC(32)   Post Evacuate Collection Set: 1,5ms
[2021-11-29T19:17:01.840-0100][49604,629s] GC(32)   Other: 1,7ms
[2021-11-29T19:17:01.840-0100][49604,629s] GC(32) Eden regions: 302->0(302)
[2021-11-29T19:17:01.840-0100][49604,629s] GC(32) Survivor regions: 5->5(39)
[2021-11-29T19:17:01.840-0100][49604,629s] GC(32) Old regions: 70->70
[2021-11-29T19:17:01.840-0100][49604,629s] GC(32) Humongous regions: 7->7
[2021-11-29T19:17:01.840-0100][49604,629s] GC(32) Metaspace: 78302K->78302K(1120256K)
[2021-11-29T19:17:01.840-0100][49604,629s] GC(32) Pause Young (Normal) (G1 Evacuation Pause) 383M->81M(512M) 22,612ms
[2021-11-29T19:17:01.840-0100][49604,630s] GC(32) User=0,03s Sys=0,09s Real=0,03s
[2021-11-29T20:45:07.716-0100][54383,507s] GC(33) Pause Young (Normal) (G1 Evacuation Pause)
[2021-11-29T20:45:07.717-0100][54383,507s] GC(33) Using 10 workers of 10 for evacuation
[2021-11-29T20:45:07.742-0100][54383,533s] GC(33)   Pre Evacuate Collection Set: 0,0ms
[2021-11-29T20:45:07.742-0100][54383,533s] GC(33)   Evacuate Collection Set: 24,4ms
[2021-11-29T20:45:07.742-0100][54383,533s] GC(33)   Post Evacuate Collection Set: 0,8ms
[2021-11-29T20:45:07.742-0100][54383,533s] GC(33)   Other: 0,9ms
[2021-11-29T20:45:07.742-0100][54383,533s] GC(33) Eden regions: 302->0(292)
[2021-11-29T20:45:07.742-0100][54383,533s] GC(33) Survivor regions: 5->15(39)
[2021-11-29T20:45:07.742-0100][54383,533s] GC(33) Old regions: 70->71
[2021-11-29T20:45:07.742-0100][54383,533s] GC(33) Humongous regions: 7->7
[2021-11-29T20:45:07.742-0100][54383,533s] GC(33) Metaspace: 78681K->78681K(1122304K)
[2021-11-29T20:45:07.742-0100][54383,533s] GC(33) Pause Young (Normal) (G1 Evacuation Pause) 383M->91M(512M) 26,391ms
[2021-11-29T20:45:07.742-0100][54383,533s] GC(33) User=0,10s Sys=0,12s Real=0,03s
[2021-11-29T20:46:51.808-0100][54487,598s] GC(34) Pause Young (Normal) (G1 Evacuation Pause)
[2021-11-29T20:46:51.809-0100][54487,599s] GC(34) Using 10 workers of 10 for evacuation
[2021-11-29T20:46:51.812-0100][54487,601s] GC(34)   Pre Evacuate Collection Set: 0,0ms
[2021-11-29T20:46:51.812-0100][54487,601s] GC(34)   Evacuate Collection Set: 1,9ms
[2021-11-29T20:46:51.812-0100][54487,601s] GC(34)   Post Evacuate Collection Set: 0,5ms
[2021-11-29T20:46:51.812-0100][54487,601s] GC(34)   Other: 0,6ms
[2021-11-29T20:46:51.812-0100][54487,601s] GC(34) Eden regions: 292->0(301)
[2021-11-29T20:46:51.812-0100][54487,601s] GC(34) Survivor regions: 15->6(39)
[2021-11-29T20:46:51.812-0100][54487,601s] GC(34) Old regions: 71->71
[2021-11-29T20:46:51.812-0100][54487,601s] GC(34) Humongous regions: 7->7
[2021-11-29T20:46:51.812-0100][54487,601s] GC(34) Metaspace: 78985K->78985K(1122304K)
[2021-11-29T20:46:51.812-0100][54487,601s] GC(34) Pause Young (Normal) (G1 Evacuation Pause) 383M->82M(512M) 3,206ms
[2021-11-29T20:46:51.812-0100][54487,601s] GC(34) User=0,02s Sys=0,00s Real=0,01s
[2021-11-29T21:40:11.009-0100][57686,738s] GC(35) Pause Young (Normal) (G1 Evacuation Pause)
[2021-11-29T21:40:11.010-0100][57686,739s] GC(35) Using 10 workers of 10 for evacuation
[2021-11-29T21:40:11.014-0100][57686,743s] GC(35)   Pre Evacuate Collection Set: 0,0ms
[2021-11-29T21:40:11.014-0100][57686,743s] GC(35)   Evacuate Collection Set: 2,8ms
[2021-11-29T21:40:11.014-0100][57686,743s] GC(35)   Post Evacuate Collection Set: 1,7ms
[2021-11-29T21:40:11.014-0100][57686,743s] GC(35)   Other: 0,6ms
[2021-11-29T21:40:11.014-0100][57686,743s] GC(35) Eden regions: 301->0(301)
[2021-11-29T21:40:11.014-0100][57686,743s] GC(35) Survivor regions: 6->6(39)
[2021-11-29T21:40:11.014-0100][57686,743s] GC(35) Old regions: 71->71
[2021-11-29T21:40:11.014-0100][57686,743s] GC(35) Humongous regions: 7->7
[2021-11-29T21:40:11.014-0100][57686,743s] GC(35) Metaspace: 79108K->79108K(1122304K)
[2021-11-29T21:40:11.014-0100][57686,744s] GC(35) Pause Young (Normal) (G1 Evacuation Pause) 383M->82M(512M) 5,196ms
[2021-11-29T21:40:11.014-0100][57686,744s] GC(35) User=0,03s Sys=0,00s Real=0,01s
[2021-11-29T22:30:18.068-0100][60693,887s] GC(36) Pause Young (Normal) (G1 Evacuation Pause)
[2021-11-29T22:30:18.069-0100][60693,887s] GC(36) Using 10 workers of 10 for evacuation
[2021-11-29T22:30:18.073-0100][60693,892s] GC(36)   Pre Evacuate Collection Set: 0,0ms
[2021-11-29T22:30:18.073-0100][60693,892s] GC(36)   Evacuate Collection Set: 3,6ms
[2021-11-29T22:30:18.073-0100][60693,892s] GC(36)   Post Evacuate Collection Set: 0,5ms
[2021-11-29T22:30:18.073-0100][60693,892s] GC(36)   Other: 1,1ms
[2021-11-29T22:30:18.074-0100][60693,892s] GC(36) Eden regions: 301->0(301)
[2021-11-29T22:30:18.074-0100][60693,892s] GC(36) Survivor regions: 6->6(39)
[2021-11-29T22:30:18.074-0100][60693,892s] GC(36) Old regions: 71->71
[2021-11-29T22:30:18.074-0100][60693,892s] GC(36) Humongous regions: 7->7
[2021-11-29T22:30:18.074-0100][60693,892s] GC(36) Metaspace: 79141K->79141K(1122304K)
[2021-11-29T22:30:18.074-0100][60693,892s] GC(36) Pause Young (Normal) (G1 Evacuation Pause) 383M->82M(512M) 5,375ms
[2021-11-29T22:30:18.074-0100][60693,892s] GC(36) User=0,03s Sys=0,00s Real=0,01s
[2021-11-29T22:53:02.149-0100][62057,983s] GC(37) Pause Young (Normal) (G1 Evacuation Pause)
[2021-11-29T22:53:02.151-0100][62057,985s] GC(37) Using 10 workers of 10 for evacuation
[2021-11-29T22:53:02.156-0100][62057,989s] GC(37)   Pre Evacuate Collection Set: 0,0ms
[2021-11-29T22:53:02.156-0100][62057,989s] GC(37)   Evacuate Collection Set: 3,4ms
[2021-11-29T22:53:02.156-0100][62057,989s] GC(37)   Post Evacuate Collection Set: 0,6ms
[2021-11-29T22:53:02.156-0100][62057,989s] GC(37)   Other: 2,1ms
[2021-11-29T22:53:02.156-0100][62057,989s] GC(37) Eden regions: 301->0(301)
[2021-11-29T22:53:02.156-0100][62057,989s] GC(37) Survivor regions: 6->6(39)
[2021-11-29T22:53:02.156-0100][62057,989s] GC(37) Old regions: 71->71
[2021-11-29T22:53:02.156-0100][62057,989s] GC(37) Humongous regions: 7->7
[2021-11-29T22:53:02.156-0100][62057,989s] GC(37) Metaspace: 79152K->79152K(1122304K)
[2021-11-29T22:53:02.156-0100][62057,990s] GC(37) Pause Young (Normal) (G1 Evacuation Pause) 383M->82M(512M) 6,336ms
[2021-11-29T22:53:02.156-0100][62057,990s] GC(37) User=0,03s Sys=0,00s Real=0,01s
[2021-11-29T23:46:24.972-0100][64877,607s] Heap
[2021-11-29T23:46:24.972-0100][64877,608s]  garbage-first heap   total 524288K, used 324592K [0x00000007e0000000, 0x0000000800000000)
[2021-11-29T23:46:24.972-0100][64877,608s]   region size 1024K, 242 young (247808K), 6 survivors (6144K)
[2021-11-29T23:46:24.972-0100][64877,608s]  Metaspace       used 79523K, capacity 81746K, committed 81956K, reserved 1122304K
[2021-11-29T23:46:24.972-0100][64877,608s]   class space    used 8456K, capacity 9312K, committed 9436K, reserved 1048576K
