[2021-11-29T23:54:07.049-0100][0.010s] Heap region size: 1M
[2021-11-29T23:54:07.261-0100][0.222s] Using G1
[2021-11-29T23:54:07.261-0100][0.222s] Heap address: 0x00000007e0000000, size: 512 MB, Compressed Oops mode: Zero based, Oop shift amount: 3
[2021-11-29T23:54:07.649-0100][0,610s] GC(0) Pause Young (Normal) (G1 Evacuation Pause)
[2021-11-29T23:54:07.650-0100][0,611s] GC(0) Using 10 workers of 10 for evacuation
[2021-11-29T23:54:07.652-0100][0,613s] GC(0)   Pre Evacuate Collection Set: 0,0ms
[2021-11-29T23:54:07.652-0100][0,613s] GC(0)   Evacuate Collection Set: 1,7ms
[2021-11-29T23:54:07.652-0100][0,613s] GC(0)   Post Evacuate Collection Set: 0,5ms
[2021-11-29T23:54:07.652-0100][0,613s] GC(0)   Other: 0,7ms
[2021-11-29T23:54:07.652-0100][0,613s] GC(0) Eden regions: 30->0(304)
[2021-11-29T23:54:07.652-0100][0,613s] GC(0) Survivor regions: 0->3(4)
[2021-11-29T23:54:07.652-0100][0,613s] GC(0) Old regions: 0->0
[2021-11-29T23:54:07.652-0100][0,613s] GC(0) Humongous regions: 0->0
[2021-11-29T23:54:07.652-0100][0,613s] GC(0) Metaspace: 12863K->12863K(1060864K)
[2021-11-29T23:54:07.652-0100][0,613s] GC(0) Pause Young (Normal) (G1 Evacuation Pause) 30M->2M(512M) 3,171ms
[2021-11-29T23:54:07.652-0100][0,613s] GC(0) User=0,02s Sys=0,00s Real=0,01s
[2021-11-29T23:54:08.011-0100][0,972s] GC(1) Pause Young (Concurrent Start) (Metadata GC Threshold)
[2021-11-29T23:54:08.011-0100][0,972s] GC(1) Using 10 workers of 10 for evacuation
[2021-11-29T23:54:08.021-0100][0,982s] GC(1)   Pre Evacuate Collection Set: 0,0ms
[2021-11-29T23:54:08.021-0100][0,982s] GC(1)   Evacuate Collection Set: 9,0ms
[2021-11-29T23:54:08.021-0100][0,982s] GC(1)   Post Evacuate Collection Set: 0,4ms
[2021-11-29T23:54:08.021-0100][0,982s] GC(1)   Other: 0,2ms
[2021-11-29T23:54:08.021-0100][0,982s] GC(1) Eden regions: 25->0(66)
[2021-11-29T23:54:08.021-0100][0,982s] GC(1) Survivor regions: 3->12(39)
[2021-11-29T23:54:08.021-0100][0,982s] GC(1) Old regions: 0->0
[2021-11-29T23:54:08.021-0100][0,982s] GC(1) Humongous regions: 4->4
[2021-11-29T23:54:08.021-0100][0,982s] GC(1) Metaspace: 20567K->20567K(1069056K)
[2021-11-29T23:54:08.021-0100][0,982s] GC(1) Pause Young (Concurrent Start) (Metadata GC Threshold) 31M->15M(512M) 9,845ms
[2021-11-29T23:54:08.021-0100][0,982s] GC(1) User=0,05s Sys=0,00s Real=0,01s
[2021-11-29T23:54:08.021-0100][0,982s] GC(2) Concurrent Cycle
[2021-11-29T23:54:08.021-0100][0,982s] GC(2) Concurrent Clear Claimed Marks
[2021-11-29T23:54:08.021-0100][0,982s] GC(2) Concurrent Clear Claimed Marks 0,022ms
[2021-11-29T23:54:08.021-0100][0,982s] GC(2) Concurrent Scan Root Regions
[2021-11-29T23:54:08.023-0100][0,984s] GC(2) Concurrent Scan Root Regions 2,463ms
[2021-11-29T23:54:08.023-0100][0,984s] GC(2) Concurrent Mark (0,984s)
[2021-11-29T23:54:08.023-0100][0,985s] GC(2) Concurrent Mark From Roots
[2021-11-29T23:54:08.023-0100][0,985s] GC(2) Using 3 workers of 3 for marking
[2021-11-29T23:54:08.024-0100][0,985s] GC(2) Concurrent Mark From Roots 0,683ms
[2021-11-29T23:54:08.024-0100][0,985s] GC(2) Concurrent Preclean
[2021-11-29T23:54:08.024-0100][0,985s] GC(2) Concurrent Preclean 0,029ms
[2021-11-29T23:54:08.024-0100][0,985s] GC(2) Concurrent Mark (0,984s, 0,985s) 0,753ms
[2021-11-29T23:54:08.024-0100][0,985s] GC(2) Pause Remark
[2021-11-29T23:54:08.025-0100][0,986s] GC(2) Cleaned string and symbol table, strings: 9985 processed, 0 removed, symbols: 67363 processed, 20 removed
[2021-11-29T23:54:08.025-0100][0,986s] GC(2) Pause Remark 16M->16M(512M) 0,958ms
[2021-11-29T23:54:08.025-0100][0,986s] GC(2) User=0,01s Sys=0,00s Real=0,00s
[2021-11-29T23:54:08.025-0100][0,986s] GC(2) Concurrent Rebuild Remembered Sets
[2021-11-29T23:54:08.028-0100][0,989s] GC(2) Concurrent Rebuild Remembered Sets 2,342ms
[2021-11-29T23:54:08.028-0100][0,989s] GC(2) Pause Cleanup
[2021-11-29T23:54:08.028-0100][0,989s] GC(2) Pause Cleanup 16M->16M(512M) 0,099ms
[2021-11-29T23:54:08.028-0100][0,989s] GC(2) User=0,00s Sys=0,00s Real=0,00s
[2021-11-29T23:54:08.028-0100][0,989s] GC(2) Concurrent Cleanup for Next Mark
[2021-11-29T23:54:08.028-0100][0,990s] GC(2) Concurrent Cleanup for Next Mark 0,603ms
[2021-11-29T23:54:08.028-0100][0,990s] GC(2) Concurrent Cycle 7,689ms
[2021-11-29T23:54:08.450-0100][1,411s] GC(3) Pause Young (Normal) (G1 Evacuation Pause)
[2021-11-29T23:54:08.450-0100][1,411s] GC(3) Using 10 workers of 10 for evacuation
[2021-11-29T23:54:08.457-0100][1,418s] GC(3)   Pre Evacuate Collection Set: 0,0ms
[2021-11-29T23:54:08.457-0100][1,418s] GC(3)   Evacuate Collection Set: 6,6ms
[2021-11-29T23:54:08.457-0100][1,418s] GC(3)   Post Evacuate Collection Set: 0,5ms
[2021-11-29T23:54:08.457-0100][1,418s] GC(3)   Other: 0,1ms
[2021-11-29T23:54:08.457-0100][1,418s] GC(3) Eden regions: 42->0(66)
[2021-11-29T23:54:08.457-0100][1,418s] GC(3) Survivor regions: 12->7(7)
[2021-11-29T23:54:08.457-0100][1,418s] GC(3) Old regions: 0->13
[2021-11-29T23:54:08.457-0100][1,418s] GC(3) Humongous regions: 4->4
[2021-11-29T23:54:08.457-0100][1,418s] GC(3) Metaspace: 25585K->25585K(1073152K)
[2021-11-29T23:54:08.457-0100][1,418s] GC(3) Pause Young (Normal) (G1 Evacuation Pause) 57M->23M(512M) 7,346ms
[2021-11-29T23:54:08.457-0100][1,418s] GC(3) User=0,06s Sys=0,00s Real=0,00s
[2021-11-29T23:54:09.023-0100][1,984s] GC(4) Pause Young (Normal) (G1 Evacuation Pause)
[2021-11-29T23:54:09.023-0100][1,984s] GC(4) Using 10 workers of 10 for evacuation
[2021-11-29T23:54:09.026-0100][1,987s] GC(4)   Pre Evacuate Collection Set: 0,0ms
[2021-11-29T23:54:09.026-0100][1,987s] GC(4)   Evacuate Collection Set: 2,7ms
[2021-11-29T23:54:09.026-0100][1,987s] GC(4)   Post Evacuate Collection Set: 0,2ms
[2021-11-29T23:54:09.026-0100][1,987s] GC(4)   Other: 0,1ms
[2021-11-29T23:54:09.026-0100][1,987s] GC(4) Eden regions: 66->0(305)
[2021-11-29T23:54:09.026-0100][1,987s] GC(4) Survivor regions: 7->2(10)
[2021-11-29T23:54:09.026-0100][1,987s] GC(4) Old regions: 13->20
[2021-11-29T23:54:09.026-0100][1,987s] GC(4) Humongous regions: 4->4
[2021-11-29T23:54:09.026-0100][1,987s] GC(4) Metaspace: 33392K->33392K(1079296K)
[2021-11-29T23:54:09.026-0100][1,987s] GC(4) Pause Young (Normal) (G1 Evacuation Pause) 89M->25M(512M) 3,144ms
[2021-11-29T23:54:09.026-0100][1,987s] GC(4) User=0,03s Sys=0,00s Real=0,00s
[2021-11-29T23:54:09.124-0100][2,085s] GC(5) Pause Young (Concurrent Start) (Metadata GC Threshold)
[2021-11-29T23:54:09.124-0100][2,085s] GC(5) Using 10 workers of 10 for evacuation
[2021-11-29T23:54:09.138-0100][2,099s] GC(5)   Pre Evacuate Collection Set: 0,1ms
[2021-11-29T23:54:09.157-0100][2,118s] GC(5)   Evacuate Collection Set: 13,1ms
[2021-11-29T23:54:09.157-0100][2,118s] GC(5)   Post Evacuate Collection Set: 0,3ms
[2021-11-29T23:54:09.157-0100][2,118s] GC(5)   Other: 0,2ms
[2021-11-29T23:54:09.157-0100][2,118s] GC(5) Eden regions: 4->0(301)
[2021-11-29T23:54:09.157-0100][2,118s] GC(5) Survivor regions: 2->2(39)
[2021-11-29T23:54:09.157-0100][2,118s] GC(5) Old regions: 20->20
[2021-11-29T23:54:09.157-0100][2,118s] GC(5) Humongous regions: 4->4
[2021-11-29T23:54:09.157-0100][2,118s] GC(5) Metaspace: 34711K->34711K(1081344K)
[2021-11-29T23:54:09.157-0100][2,118s] GC(5) Pause Young (Concurrent Start) (Metadata GC Threshold) 29M->25M(512M) 32,997ms
[2021-11-29T23:54:09.158-0100][2,119s] GC(5) User=0,06s Sys=0,00s Real=0,03s
[2021-11-29T23:54:09.158-0100][2,119s] GC(6) Concurrent Cycle
[2021-11-29T23:54:09.158-0100][2,119s] GC(6) Concurrent Clear Claimed Marks
[2021-11-29T23:54:09.158-0100][2,119s] GC(6) Concurrent Clear Claimed Marks 0,086ms
[2021-11-29T23:54:09.158-0100][2,119s] GC(6) Concurrent Scan Root Regions
[2021-11-29T23:54:09.160-0100][2,121s] GC(6) Concurrent Scan Root Regions 1,584ms
[2021-11-29T23:54:09.160-0100][2,121s] GC(6) Concurrent Mark (2,121s)
[2021-11-29T23:54:09.160-0100][2,121s] GC(6) Concurrent Mark From Roots
[2021-11-29T23:54:09.160-0100][2,121s] GC(6) Using 3 workers of 3 for marking
[2021-11-29T23:54:09.175-0100][2,136s] GC(6) Concurrent Mark From Roots 14,892ms
[2021-11-29T23:54:09.175-0100][2,136s] GC(6) Concurrent Preclean
[2021-11-29T23:54:09.175-0100][2,136s] GC(6) Concurrent Preclean 0,149ms
[2021-11-29T23:54:09.175-0100][2,136s] GC(6) Concurrent Mark (2,121s, 2,136s) 15,125ms
[2021-11-29T23:54:09.175-0100][2,136s] GC(6) Pause Remark
[2021-11-29T23:54:09.177-0100][2,138s] GC(6) Cleaned string and symbol table, strings: 16609 processed, 25 removed, symbols: 114402 processed, 39 removed
[2021-11-29T23:54:09.177-0100][2,138s] GC(6) Pause Remark 26M->26M(512M) 2,152ms
[2021-11-29T23:54:09.177-0100][2,139s] GC(6) User=0,02s Sys=0,00s Real=0,00s
[2021-11-29T23:54:09.177-0100][2,139s] GC(6) Concurrent Rebuild Remembered Sets
[2021-11-29T23:54:09.186-0100][2,148s] GC(6) Concurrent Rebuild Remembered Sets 9,071ms
[2021-11-29T23:54:09.187-0100][2,148s] GC(6) Pause Cleanup
[2021-11-29T23:54:09.187-0100][2,148s] GC(6) Pause Cleanup 27M->27M(512M) 0,111ms
[2021-11-29T23:54:09.187-0100][2,148s] GC(6) User=0,00s Sys=0,00s Real=0,00s
[2021-11-29T23:54:09.187-0100][2,148s] GC(6) Concurrent Cleanup for Next Mark
[2021-11-29T23:54:09.188-0100][2,149s] GC(6) Concurrent Cleanup for Next Mark 0,909ms
[2021-11-29T23:54:09.188-0100][2,149s] GC(6) Concurrent Cycle 29,716ms
[2021-11-29T23:54:11.712-0100][4,673s] GC(7) Pause Young (Normal) (G1 Evacuation Pause)
[2021-11-29T23:54:11.712-0100][4,673s] GC(7) Using 10 workers of 10 for evacuation
[2021-11-29T23:54:11.719-0100][4,680s] GC(7)   Pre Evacuate Collection Set: 0,0ms
[2021-11-29T23:54:11.719-0100][4,680s] GC(7)   Evacuate Collection Set: 6,1ms
[2021-11-29T23:54:11.719-0100][4,680s] GC(7)   Post Evacuate Collection Set: 0,6ms
[2021-11-29T23:54:11.719-0100][4,680s] GC(7)   Other: 0,2ms
[2021-11-29T23:54:11.719-0100][4,680s] GC(7) Eden regions: 301->0(291)
[2021-11-29T23:54:11.719-0100][4,680s] GC(7) Survivor regions: 2->16(38)
[2021-11-29T23:54:11.719-0100][4,680s] GC(7) Old regions: 20->20
[2021-11-29T23:54:11.719-0100][4,680s] GC(7) Humongous regions: 5->4
[2021-11-29T23:54:11.719-0100][4,680s] GC(7) Metaspace: 53468K->53468K(1097728K)
[2021-11-29T23:54:11.719-0100][4,680s] GC(7) Pause Young (Normal) (G1 Evacuation Pause) 327M->39M(512M) 7,087ms
[2021-11-29T23:54:11.719-0100][4,680s] GC(7) User=0,07s Sys=0,01s Real=0,00s
[2021-11-29T23:54:12.277-0100][5,238s] GC(8) Pause Young (Concurrent Start) (Metadata GC Threshold)
[2021-11-29T23:54:12.277-0100][5,238s] GC(8) Using 10 workers of 10 for evacuation
[2021-11-29T23:54:12.286-0100][5,247s] GC(8)   Pre Evacuate Collection Set: 0,1ms
[2021-11-29T23:54:12.286-0100][5,247s] GC(8)   Evacuate Collection Set: 7,8ms
[2021-11-29T23:54:12.286-0100][5,247s] GC(8)   Post Evacuate Collection Set: 0,5ms
[2021-11-29T23:54:12.286-0100][5,247s] GC(8)   Other: 0,2ms
[2021-11-29T23:54:12.286-0100][5,247s] GC(8) Eden regions: 163->0(275)
[2021-11-29T23:54:12.286-0100][5,247s] GC(8) Survivor regions: 16->21(39)
[2021-11-29T23:54:12.286-0100][5,247s] GC(8) Old regions: 20->20
[2021-11-29T23:54:12.286-0100][5,247s] GC(8) Humongous regions: 4->4
[2021-11-29T23:54:12.286-0100][5,247s] GC(8) Metaspace: 58494K->58494K(1101824K)
[2021-11-29T23:54:12.286-0100][5,247s] GC(8) Pause Young (Concurrent Start) (Metadata GC Threshold) 202M->44M(512M) 8,667ms
[2021-11-29T23:54:12.286-0100][5,247s] GC(8) User=0,07s Sys=0,00s Real=0,01s
[2021-11-29T23:54:12.286-0100][5,247s] GC(9) Concurrent Cycle
[2021-11-29T23:54:12.286-0100][5,247s] GC(9) Concurrent Clear Claimed Marks
[2021-11-29T23:54:12.286-0100][5,247s] GC(9) Concurrent Clear Claimed Marks 0,051ms
[2021-11-29T23:54:12.286-0100][5,247s] GC(9) Concurrent Scan Root Regions
[2021-11-29T23:54:12.291-0100][5,252s] GC(9) Concurrent Scan Root Regions 4,532ms
[2021-11-29T23:54:12.291-0100][5,252s] GC(9) Concurrent Mark (5,252s)
[2021-11-29T23:54:12.291-0100][5,252s] GC(9) Concurrent Mark From Roots
[2021-11-29T23:54:12.291-0100][5,252s] GC(9) Using 3 workers of 3 for marking
[2021-11-29T23:54:12.303-0100][5,264s] GC(9) Concurrent Mark From Roots 11,913ms
[2021-11-29T23:54:12.303-0100][5,264s] GC(9) Concurrent Preclean
[2021-11-29T23:54:12.303-0100][5,264s] GC(9) Concurrent Preclean 0,218ms
[2021-11-29T23:54:12.303-0100][5,264s] GC(9) Concurrent Mark (5,252s, 5,264s) 12,244ms
[2021-11-29T23:54:12.303-0100][5,264s] GC(9) Pause Remark
[2021-11-29T23:54:12.306-0100][5,267s] GC(9) Cleaned string and symbol table, strings: 28931 processed, 1 removed, symbols: 177697 processed, 632 removed
[2021-11-29T23:54:12.306-0100][5,267s] GC(9) Pause Remark 56M->56M(512M) 2,981ms
[2021-11-29T23:54:12.306-0100][5,267s] GC(9) User=0,03s Sys=0,00s Real=0,00s
[2021-11-29T23:54:12.306-0100][5,267s] GC(9) Concurrent Rebuild Remembered Sets
[2021-11-29T23:54:12.313-0100][5,274s] GC(9) Concurrent Rebuild Remembered Sets 6,635ms
[2021-11-29T23:54:12.313-0100][5,274s] GC(9) Pause Cleanup
[2021-11-29T23:54:12.313-0100][5,274s] GC(9) Pause Cleanup 56M->56M(512M) 0,111ms
[2021-11-29T23:54:12.313-0100][5,274s] GC(9) User=0,00s Sys=0,00s Real=0,00s
[2021-11-29T23:54:12.313-0100][5,274s] GC(9) Concurrent Cleanup for Next Mark
[2021-11-29T23:54:12.314-0100][5,275s] GC(9) Concurrent Cleanup for Next Mark 0,661ms
[2021-11-29T23:54:12.314-0100][5,275s] GC(9) Concurrent Cycle 27,971ms
[2021-11-29T23:54:34.257-0100][27,218s] GC(10) Pause Young (Normal) (G1 Evacuation Pause)
[2021-11-29T23:54:34.257-0100][27,218s] GC(10) Using 10 workers of 10 for evacuation
[2021-11-29T23:54:34.272-0100][27,233s] GC(10)   Pre Evacuate Collection Set: 0,0ms
[2021-11-29T23:54:34.272-0100][27,233s] GC(10)   Evacuate Collection Set: 14,7ms
[2021-11-29T23:54:34.272-0100][27,233s] GC(10)   Post Evacuate Collection Set: 0,7ms
[2021-11-29T23:54:34.272-0100][27,233s] GC(10)   Other: 0,2ms
[2021-11-29T23:54:34.272-0100][27,233s] GC(10) Eden regions: 275->0(272)
[2021-11-29T23:54:34.272-0100][27,233s] GC(10) Survivor regions: 21->32(37)
[2021-11-29T23:54:34.272-0100][27,233s] GC(10) Old regions: 20->36
[2021-11-29T23:54:34.272-0100][27,233s] GC(10) Humongous regions: 4->4
[2021-11-29T23:54:34.272-0100][27,234s] GC(10) Metaspace: 67667K->67667K(1110016K)
[2021-11-29T23:54:34.272-0100][27,234s] GC(10) Pause Young (Normal) (G1 Evacuation Pause) 319M->71M(512M) 15,737ms
[2021-11-29T23:54:34.272-0100][27,234s] GC(10) User=0,16s Sys=0,00s Real=0,02s
[2021-11-29T23:54:56.054-0100][49,015s] GC(11) Pause Young (Normal) (G1 Evacuation Pause)
[2021-11-29T23:54:56.054-0100][49,016s] GC(11) Using 10 workers of 10 for evacuation
[2021-11-29T23:54:56.067-0100][49,029s] GC(11)   Pre Evacuate Collection Set: 0,0ms
[2021-11-29T23:54:56.067-0100][49,029s] GC(11)   Evacuate Collection Set: 12,4ms
[2021-11-29T23:54:56.067-0100][49,029s] GC(11)   Post Evacuate Collection Set: 0,5ms
[2021-11-29T23:54:56.068-0100][49,029s] GC(11)   Other: 0,6ms
[2021-11-29T23:54:56.068-0100][49,029s] GC(11) Eden regions: 272->0(271)
[2021-11-29T23:54:56.068-0100][49,029s] GC(11) Survivor regions: 32->18(38)
[2021-11-29T23:54:56.068-0100][49,029s] GC(11) Old regions: 36->66
[2021-11-29T23:54:56.068-0100][49,029s] GC(11) Humongous regions: 7->7
[2021-11-29T23:54:56.068-0100][49,029s] GC(11) Metaspace: 70115K->70115K(1114112K)
[2021-11-29T23:54:56.068-0100][49,029s] GC(11) Pause Young (Normal) (G1 Evacuation Pause) 346M->90M(512M) 13,567ms
[2021-11-29T23:54:56.068-0100][49,029s] GC(11) User=0,15s Sys=0,01s Real=0,01s
[2021-11-29T23:54:58.244-0100][51,205s] GC(12) Pause Young (Normal) (G1 Evacuation Pause)
[2021-11-29T23:54:58.244-0100][51,205s] GC(12) Using 10 workers of 10 for evacuation
[2021-11-29T23:54:58.250-0100][51,211s] GC(12)   Pre Evacuate Collection Set: 0,0ms
[2021-11-29T23:54:58.250-0100][51,211s] GC(12)   Evacuate Collection Set: 5,3ms
[2021-11-29T23:54:58.250-0100][51,211s] GC(12)   Post Evacuate Collection Set: 0,4ms
[2021-11-29T23:54:58.250-0100][51,211s] GC(12)   Other: 0,2ms
[2021-11-29T23:54:58.250-0100][51,211s] GC(12) Eden regions: 271->0(274)
[2021-11-29T23:54:58.250-0100][51,211s] GC(12) Survivor regions: 18->27(37)
[2021-11-29T23:54:58.250-0100][51,211s] GC(12) Old regions: 66->66
[2021-11-29T23:54:58.250-0100][51,211s] GC(12) Humongous regions: 7->7
[2021-11-29T23:54:58.250-0100][51,211s] GC(12) Metaspace: 71090K->71090K(1114112K)
[2021-11-29T23:54:58.250-0100][51,211s] GC(12) Pause Young (Normal) (G1 Evacuation Pause) 361M->99M(512M) 5,995ms
[2021-11-29T23:54:58.250-0100][51,211s] GC(12) User=0,06s Sys=0,00s Real=0,01s
[2021-11-30T00:04:13.277-0100][606,239s] GC(13) Pause Young (Normal) (G1 Evacuation Pause)
[2021-11-30T00:04:13.277-0100][606,240s] GC(13) Using 10 workers of 10 for evacuation
[2021-11-30T00:04:13.284-0100][606,246s] GC(13)   Pre Evacuate Collection Set: 0,0ms
[2021-11-30T00:04:13.284-0100][606,246s] GC(13)   Evacuate Collection Set: 5,7ms
[2021-11-30T00:04:13.284-0100][606,246s] GC(13)   Post Evacuate Collection Set: 0,6ms
[2021-11-30T00:04:13.284-0100][606,246s] GC(13)   Other: 0,7ms
[2021-11-30T00:04:13.284-0100][606,246s] GC(13) Eden regions: 274->0(292)
[2021-11-30T00:04:13.284-0100][606,246s] GC(13) Survivor regions: 27->7(38)
[2021-11-30T00:04:13.284-0100][606,246s] GC(13) Old regions: 66->74
[2021-11-30T00:04:13.284-0100][606,246s] GC(13) Humongous regions: 7->7
[2021-11-30T00:04:13.284-0100][606,246s] GC(13) Metaspace: 74265K->74265K(1116160K)
[2021-11-30T00:04:13.284-0100][606,246s] GC(13) Pause Young (Normal) (G1 Evacuation Pause) 373M->87M(512M) 7,095ms
[2021-11-30T00:04:13.284-0100][606,246s] GC(13) User=0,05s Sys=0,01s Real=0,01s
[2021-11-30T00:32:11.487-0100][2284,462s] GC(14) Pause Young (Normal) (G1 Evacuation Pause)
[2021-11-30T00:32:11.487-0100][2284,462s] GC(14) Using 10 workers of 10 for evacuation
[2021-11-30T00:32:11.490-0100][2284,465s] GC(14)   Pre Evacuate Collection Set: 0,0ms
[2021-11-30T00:32:11.490-0100][2284,465s] GC(14)   Evacuate Collection Set: 2,5ms
[2021-11-30T00:32:11.490-0100][2284,465s] GC(14)   Post Evacuate Collection Set: 0,6ms
[2021-11-30T00:32:11.490-0100][2284,465s] GC(14)   Other: 0,2ms
[2021-11-30T00:32:11.490-0100][2284,465s] GC(14) Eden regions: 292->0(301)
[2021-11-30T00:32:11.490-0100][2284,465s] GC(14) Survivor regions: 7->6(38)
[2021-11-30T00:32:11.490-0100][2284,465s] GC(14) Old regions: 74->74
[2021-11-30T00:32:11.490-0100][2284,465s] GC(14) Humongous regions: 7->7
[2021-11-30T00:32:11.490-0100][2284,465s] GC(14) Metaspace: 75551K->75551K(1118208K)
[2021-11-30T00:32:11.490-0100][2284,465s] GC(14) Pause Young (Normal) (G1 Evacuation Pause) 379M->86M(512M) 3,446ms
[2021-11-30T00:32:11.490-0100][2284,465s] GC(14) User=0,03s Sys=0,01s Real=0,01s
[2021-11-30T00:44:57.991-0100][3050,956s] GC(15) Pause Young (Normal) (G1 Evacuation Pause)
[2021-11-30T00:44:57.991-0100][3050,956s] GC(15) Using 10 workers of 10 for evacuation
[2021-11-30T00:44:58.022-0100][3050,987s] GC(15)   Pre Evacuate Collection Set: 0,1ms
[2021-11-30T00:44:58.022-0100][3050,987s] GC(15)   Evacuate Collection Set: 29,7ms
[2021-11-30T00:44:58.022-0100][3050,987s] GC(15)   Post Evacuate Collection Set: 0,8ms
[2021-11-30T00:44:58.022-0100][3050,987s] GC(15)   Other: 0,3ms
[2021-11-30T00:44:58.022-0100][3050,987s] GC(15) Eden regions: 301->0(290)
[2021-11-30T00:44:58.022-0100][3050,987s] GC(15) Survivor regions: 6->17(39)
[2021-11-30T00:44:58.022-0100][3050,987s] GC(15) Old regions: 74->74
[2021-11-30T00:44:58.022-0100][3050,987s] GC(15) Humongous regions: 7->7
[2021-11-30T00:44:58.022-0100][3050,987s] GC(15) Metaspace: 76096K->76096K(1118208K)
[2021-11-30T00:44:58.022-0100][3050,987s] GC(15) Pause Young (Normal) (G1 Evacuation Pause) 387M->97M(512M) 31,085ms
[2021-11-30T00:44:58.022-0100][3050,987s] GC(15) User=0,03s Sys=0,14s Real=0,03s
[2021-11-30T00:44:59.730-0100][3052,695s] GC(16) Pause Young (Normal) (G1 Evacuation Pause)
[2021-11-30T00:44:59.730-0100][3052,695s] GC(16) Using 10 workers of 10 for evacuation
[2021-11-30T00:44:59.752-0100][3052,716s] GC(16)   Pre Evacuate Collection Set: 0,0ms
[2021-11-30T00:44:59.752-0100][3052,716s] GC(16)   Evacuate Collection Set: 20,6ms
[2021-11-30T00:44:59.752-0100][3052,716s] GC(16)   Post Evacuate Collection Set: 0,5ms
[2021-11-30T00:44:59.752-0100][3052,716s] GC(16)   Other: 0,2ms
[2021-11-30T00:44:59.752-0100][3052,716s] GC(16) Eden regions: 290->0(271)
[2021-11-30T00:44:59.752-0100][3052,716s] GC(16) Survivor regions: 17->36(39)
[2021-11-30T00:44:59.752-0100][3052,716s] GC(16) Old regions: 74->74
[2021-11-30T00:44:59.752-0100][3052,716s] GC(16) Humongous regions: 7->7
[2021-11-30T00:44:59.752-0100][3052,716s] GC(16) Metaspace: 76098K->76098K(1118208K)
[2021-11-30T00:44:59.752-0100][3052,716s] GC(16) Pause Young (Normal) (G1 Evacuation Pause) 387M->116M(512M) 21,466ms
[2021-11-30T00:44:59.752-0100][3052,716s] GC(16) User=0,04s Sys=0,09s Real=0,02s
[2021-11-30T00:45:00.694-0100][3053,659s] GC(17) Pause Young (Normal) (G1 Evacuation Pause)
[2021-11-30T00:45:00.694-0100][3053,659s] GC(17) Using 10 workers of 10 for evacuation
[2021-11-30T00:45:00.719-0100][3053,684s] GC(17)   Pre Evacuate Collection Set: 0,0ms
[2021-11-30T00:45:00.719-0100][3053,684s] GC(17)   Evacuate Collection Set: 24,3ms
[2021-11-30T00:45:00.719-0100][3053,684s] GC(17)   Post Evacuate Collection Set: 0,4ms
[2021-11-30T00:45:00.719-0100][3053,684s] GC(17)   Other: 0,2ms
[2021-11-30T00:45:00.719-0100][3053,684s] GC(17) Eden regions: 271->0(273)
[2021-11-30T00:45:00.719-0100][3053,684s] GC(17) Survivor regions: 36->18(39)
[2021-11-30T00:45:00.719-0100][3053,684s] GC(17) Old regions: 74->105
[2021-11-30T00:45:00.719-0100][3053,684s] GC(17) Humongous regions: 8->8
[2021-11-30T00:45:00.719-0100][3053,684s] GC(17) Metaspace: 76180K->76180K(1118208K)
[2021-11-30T00:45:00.719-0100][3053,684s] GC(17) Pause Young (Normal) (G1 Evacuation Pause) 388M->129M(512M) 25,003ms
[2021-11-30T00:45:00.719-0100][3053,684s] GC(17) User=0,05s Sys=0,11s Real=0,02s
[2021-11-30T00:45:02.699-0100][3055,663s] GC(18) Pause Young (Normal) (G1 Evacuation Pause)
[2021-11-30T00:45:02.699-0100][3055,663s] GC(18) Using 10 workers of 10 for evacuation
[2021-11-30T00:45:02.701-0100][3055,666s] GC(18)   Pre Evacuate Collection Set: 0,0ms
[2021-11-30T00:45:02.701-0100][3055,666s] GC(18)   Evacuate Collection Set: 2,1ms
[2021-11-30T00:45:02.702-0100][3055,666s] GC(18)   Post Evacuate Collection Set: 0,3ms
[2021-11-30T00:45:02.702-0100][3055,666s] GC(18)   Other: 0,2ms
[2021-11-30T00:45:02.702-0100][3055,666s] GC(18) Eden regions: 273->0(282)
[2021-11-30T00:45:02.702-0100][3055,666s] GC(18) Survivor regions: 18->17(37)
[2021-11-30T00:45:02.702-0100][3055,666s] GC(18) Old regions: 105->105
[2021-11-30T00:45:02.702-0100][3055,666s] GC(18) Humongous regions: 8->8
[2021-11-30T00:45:02.702-0100][3055,666s] GC(18) Metaspace: 76199K->76199K(1118208K)
[2021-11-30T00:45:02.702-0100][3055,666s] GC(18) Pause Young (Normal) (G1 Evacuation Pause) 402M->128M(512M) 2,708ms
[2021-11-30T00:45:02.702-0100][3055,666s] GC(18) User=0,02s Sys=0,00s Real=0,01s
[2021-11-30T00:52:41.212-0100][3514,180s] GC(19) Pause Young (Normal) (G1 Evacuation Pause)
[2021-11-30T00:52:41.213-0100][3514,181s] GC(19) Using 10 workers of 10 for evacuation
[2021-11-30T00:52:41.214-0100][3514,182s] GC(19)   Pre Evacuate Collection Set: 0,0ms
[2021-11-30T00:52:41.215-0100][3514,183s] GC(19)   Evacuate Collection Set: 1,4ms
[2021-11-30T00:52:41.215-0100][3514,183s] GC(19)   Post Evacuate Collection Set: 0,3ms
[2021-11-30T00:52:41.215-0100][3514,183s] GC(19)   Other: 0,4ms
[2021-11-30T00:52:41.215-0100][3514,183s] GC(19) Eden regions: 282->0(295)
[2021-11-30T00:52:41.215-0100][3514,183s] GC(19) Survivor regions: 17->8(38)
[2021-11-30T00:52:41.215-0100][3514,183s] GC(19) Old regions: 105->105
[2021-11-30T00:52:41.215-0100][3514,183s] GC(19) Humongous regions: 8->8
[2021-11-30T00:52:41.215-0100][3514,183s] GC(19) Metaspace: 76530K->76530K(1120256K)
[2021-11-30T00:52:41.215-0100][3514,183s] GC(19) Pause Young (Normal) (G1 Evacuation Pause) 410M->119M(512M) 2,281ms
[2021-11-30T00:52:41.215-0100][3514,183s] GC(19) User=0,02s Sys=0,00s Real=0,00s
[2021-11-30T00:56:17.994-0100][3730,964s] GC(20) Pause Young (Normal) (G1 Evacuation Pause)
[2021-11-30T00:56:17.994-0100][3730,964s] GC(20) Using 10 workers of 10 for evacuation
[2021-11-30T00:56:17.997-0100][3730,967s] GC(20)   Pre Evacuate Collection Set: 0,0ms
[2021-11-30T00:56:17.997-0100][3730,967s] GC(20)   Evacuate Collection Set: 1,8ms
[2021-11-30T00:56:17.997-0100][3730,967s] GC(20)   Post Evacuate Collection Set: 0,6ms
[2021-11-30T00:56:17.997-0100][3730,967s] GC(20)   Other: 0,2ms
[2021-11-30T00:56:17.997-0100][3730,967s] GC(20) Eden regions: 295->0(298)
[2021-11-30T00:56:17.997-0100][3730,967s] GC(20) Survivor regions: 8->9(38)
[2021-11-30T00:56:17.997-0100][3730,967s] GC(20) Old regions: 105->105
[2021-11-30T00:56:17.997-0100][3730,967s] GC(20) Humongous regions: 8->8
[2021-11-30T00:56:17.997-0100][3730,967s] GC(20) Metaspace: 76625K->76625K(1120256K)
[2021-11-30T00:56:17.997-0100][3730,967s] GC(20) Pause Young (Normal) (G1 Evacuation Pause) 414M->120M(512M) 2,719ms
[2021-11-30T00:56:17.997-0100][3730,967s] GC(20) User=0,02s Sys=0,00s Real=0,00s
[2021-11-30T01:01:43.149-0100][4056,122s] GC(21) Pause Young (Normal) (G1 Evacuation Pause)
[2021-11-30T01:01:43.149-0100][4056,122s] GC(21) Using 10 workers of 10 for evacuation
[2021-11-30T01:01:43.152-0100][4056,124s] GC(21)   Pre Evacuate Collection Set: 0,0ms
[2021-11-30T01:01:43.152-0100][4056,124s] GC(21)   Evacuate Collection Set: 1,9ms
[2021-11-30T01:01:43.152-0100][4056,124s] GC(21)   Post Evacuate Collection Set: 0,4ms
[2021-11-30T01:01:43.152-0100][4056,124s] GC(21)   Other: 0,2ms
[2021-11-30T01:01:43.152-0100][4056,124s] GC(21) Eden regions: 298->0(298)
[2021-11-30T01:01:43.152-0100][4056,124s] GC(21) Survivor regions: 9->9(39)
[2021-11-30T01:01:43.152-0100][4056,124s] GC(21) Old regions: 105->105
[2021-11-30T01:01:43.152-0100][4056,124s] GC(21) Humongous regions: 8->8
[2021-11-30T01:01:43.152-0100][4056,124s] GC(21) Metaspace: 76843K->76843K(1120256K)
[2021-11-30T01:01:43.152-0100][4056,124s] GC(21) Pause Young (Normal) (G1 Evacuation Pause) 418M->120M(512M) 2,696ms
[2021-11-30T01:01:43.152-0100][4056,124s] GC(21) User=0,02s Sys=0,00s Real=0,01s
[2021-11-30T01:33:27.787-0100][5650,778s] GC(22) Pause Young (Normal) (G1 Evacuation Pause)
[2021-11-30T01:33:27.787-0100][5650,778s] GC(22) Using 10 workers of 10 for evacuation
[2021-11-30T01:33:27.814-0100][5650,805s] GC(22)   Pre Evacuate Collection Set: 0,2ms
[2021-11-30T01:33:27.814-0100][5650,805s] GC(22)   Evacuate Collection Set: 25,4ms
[2021-11-30T01:33:27.814-0100][5650,805s] GC(22)   Post Evacuate Collection Set: 0,7ms
[2021-11-30T01:33:27.814-0100][5650,805s] GC(22)   Other: 0,9ms
[2021-11-30T01:33:27.814-0100][5650,805s] GC(22) Eden regions: 298->0(297)
[2021-11-30T01:33:27.814-0100][5650,805s] GC(22) Survivor regions: 9->10(39)
[2021-11-30T01:33:27.814-0100][5650,805s] GC(22) Old regions: 105->105
[2021-11-30T01:33:27.814-0100][5650,805s] GC(22) Humongous regions: 8->8
[2021-11-30T01:33:27.814-0100][5650,805s] GC(22) Metaspace: 77008K->77008K(1120256K)
[2021-11-30T01:33:27.814-0100][5650,805s] GC(22) Pause Young (Normal) (G1 Evacuation Pause) 418M->121M(512M) 27,380ms
[2021-11-30T01:33:27.814-0100][5650,805s] GC(22) User=0,03s Sys=0,10s Real=0,03s
[2021-11-30T01:49:06.586-0100][6589,558s] GC(23) Pause Young (Normal) (G1 Evacuation Pause)
[2021-11-30T01:49:06.586-0100][6589,558s] GC(23) Using 10 workers of 10 for evacuation
[2021-11-30T01:49:06.591-0100][6589,563s] GC(23)   Pre Evacuate Collection Set: 0,0ms
[2021-11-30T01:49:06.592-0100][6589,564s] GC(23)   Evacuate Collection Set: 4,8ms
[2021-11-30T01:49:06.592-0100][6589,564s] GC(23)   Post Evacuate Collection Set: 0,5ms
[2021-11-30T01:49:06.592-0100][6589,564s] GC(23)   Other: 0,6ms
[2021-11-30T01:49:06.592-0100][6589,564s] GC(23) Eden regions: 297->0(296)
[2021-11-30T01:49:06.592-0100][6589,564s] GC(23) Survivor regions: 10->11(39)
[2021-11-30T01:49:06.592-0100][6589,564s] GC(23) Old regions: 105->105
[2021-11-30T01:49:06.592-0100][6589,564s] GC(23) Humongous regions: 8->8
[2021-11-30T01:49:06.592-0100][6589,564s] GC(23) Metaspace: 77103K->77103K(1120256K)
[2021-11-30T01:49:06.592-0100][6589,564s] GC(23) Pause Young (Normal) (G1 Evacuation Pause) 418M->122M(512M) 6,072ms
[2021-11-30T01:49:06.592-0100][6589,564s] GC(23) User=0,03s Sys=0,01s Real=0,01s
[2021-11-30T02:13:16.823-0100][8039,809s] GC(24) Pause Young (Normal) (G1 Evacuation Pause)
[2021-11-30T02:13:16.823-0100][8039,809s] GC(24) Using 10 workers of 10 for evacuation
[2021-11-30T02:13:16.830-0100][8039,816s] GC(24)   Pre Evacuate Collection Set: 0,0ms
[2021-11-30T02:13:16.830-0100][8039,816s] GC(24)   Evacuate Collection Set: 5,7ms
[2021-11-30T02:13:16.830-0100][8039,816s] GC(24)   Post Evacuate Collection Set: 0,5ms
[2021-11-30T02:13:16.830-0100][8039,816s] GC(24)   Other: 0,8ms
[2021-11-30T02:13:16.830-0100][8039,816s] GC(24) Eden regions: 296->0(295)
[2021-11-30T02:13:16.830-0100][8039,816s] GC(24) Survivor regions: 11->12(39)
[2021-11-30T02:13:16.830-0100][8039,816s] GC(24) Old regions: 105->105
[2021-11-30T02:13:16.830-0100][8039,816s] GC(24) Humongous regions: 8->8
[2021-11-30T02:13:16.830-0100][8039,816s] GC(24) Metaspace: 77576K->77576K(1120256K)
[2021-11-30T02:13:16.830-0100][8039,816s] GC(24) Pause Young (Normal) (G1 Evacuation Pause) 418M->124M(512M) 7,200ms
[2021-11-30T02:13:16.830-0100][8039,816s] GC(24) User=0,03s Sys=0,01s Real=0,01s
[2021-11-30T11:03:30.890-0100][9548,206s] GC(25) Pause Young (Normal) (G1 Evacuation Pause)
[2021-11-30T11:03:30.890-0100][9548,206s] GC(25) Using 10 workers of 10 for evacuation
[2021-11-30T11:03:30.935-0100][9548,251s] GC(25)   Pre Evacuate Collection Set: 0,1ms
[2021-11-30T11:03:30.935-0100][9548,251s] GC(25)   Evacuate Collection Set: 42,9ms
[2021-11-30T11:03:30.935-0100][9548,251s] GC(25)   Post Evacuate Collection Set: 1,6ms
[2021-11-30T11:03:30.935-0100][9548,251s] GC(25)   Other: 1,5ms
[2021-11-30T11:03:30.935-0100][9548,251s] GC(25) Eden regions: 295->0(294)
[2021-11-30T11:03:30.935-0100][9548,251s] GC(25) Survivor regions: 12->13(39)
[2021-11-30T11:03:30.935-0100][9548,251s] GC(25) Old regions: 105->105
[2021-11-30T11:03:30.935-0100][9548,251s] GC(25) Humongous regions: 8->8
[2021-11-30T11:03:30.935-0100][9548,251s] GC(25) Metaspace: 77750K->77750K(1120256K)
[2021-11-30T11:03:30.935-0100][9548,251s] GC(25) Pause Young (Normal) (G1 Evacuation Pause) 419M->124M(512M) 45,729ms
[2021-11-30T11:03:30.935-0100][9548,251s] GC(25) User=0,06s Sys=0,19s Real=0,04s
[2021-11-30T11:11:34.066-0100][10031,400s] GC(26) Pause Young (Normal) (G1 Evacuation Pause)
[2021-11-30T11:11:34.071-0100][10031,405s] GC(26) Using 10 workers of 10 for evacuation
[2021-11-30T11:11:34.080-0100][10031,414s] GC(26)   Pre Evacuate Collection Set: 0,0ms
[2021-11-30T11:11:34.080-0100][10031,414s] GC(26)   Evacuate Collection Set: 7,2ms
[2021-11-30T11:11:34.080-0100][10031,414s] GC(26)   Post Evacuate Collection Set: 1,4ms
[2021-11-30T11:11:34.080-0100][10031,414s] GC(26)   Other: 5,6ms
[2021-11-30T11:11:34.080-0100][10031,414s] GC(26) Eden regions: 294->0(294)
[2021-11-30T11:11:34.080-0100][10031,414s] GC(26) Survivor regions: 13->13(39)
[2021-11-30T11:11:34.080-0100][10031,415s] GC(26) Old regions: 105->105
[2021-11-30T11:11:34.080-0100][10031,415s] GC(26) Humongous regions: 8->8
[2021-11-30T11:11:34.080-0100][10031,415s] GC(26) Metaspace: 77767K->77767K(1120256K)
[2021-11-30T11:11:34.080-0100][10031,415s] GC(26) Pause Young (Normal) (G1 Evacuation Pause) 418M->125M(512M) 14,323ms
[2021-11-30T11:11:34.080-0100][10031,415s] GC(26) User=0,04s Sys=0,02s Real=0,02s
[2021-11-30T11:16:03.712-0100][10301,048s] GC(27) Pause Young (Normal) (G1 Evacuation Pause)
[2021-11-30T11:16:03.712-0100][10301,048s] GC(27) Using 10 workers of 10 for evacuation
[2021-11-30T11:16:03.715-0100][10301,052s] GC(27)   Pre Evacuate Collection Set: 0,0ms
[2021-11-30T11:16:03.715-0100][10301,052s] GC(27)   Evacuate Collection Set: 3,1ms
[2021-11-30T11:16:03.716-0100][10301,052s] GC(27)   Post Evacuate Collection Set: 0,5ms
[2021-11-30T11:16:03.716-0100][10301,052s] GC(27)   Other: 0,2ms
[2021-11-30T11:16:03.716-0100][10301,052s] GC(27) Eden regions: 294->0(294)
[2021-11-30T11:16:03.716-0100][10301,052s] GC(27) Survivor regions: 13->13(39)
[2021-11-30T11:16:03.716-0100][10301,052s] GC(27) Old regions: 105->105
[2021-11-30T11:16:03.716-0100][10301,052s] GC(27) Humongous regions: 8->8
[2021-11-30T11:16:03.716-0100][10301,052s] GC(27) Metaspace: 77806K->77806K(1120256K)
[2021-11-30T11:16:03.716-0100][10301,052s] GC(27) Pause Young (Normal) (G1 Evacuation Pause) 419M->124M(512M) 3,987ms
[2021-11-30T11:16:03.716-0100][10301,052s] GC(27) User=0,03s Sys=0,00s Real=0,00s
[2021-11-30T11:17:08.322-0100][10365,661s] GC(28) Pause Young (Normal) (G1 Evacuation Pause)
[2021-11-30T11:17:08.322-0100][10365,661s] GC(28) Using 10 workers of 10 for evacuation
[2021-11-30T11:17:08.325-0100][10365,664s] GC(28)   Pre Evacuate Collection Set: 0,0ms
[2021-11-30T11:17:08.325-0100][10365,664s] GC(28)   Evacuate Collection Set: 2,7ms
[2021-11-30T11:17:08.325-0100][10365,664s] GC(28)   Post Evacuate Collection Set: 0,4ms
[2021-11-30T11:17:08.326-0100][10365,664s] GC(28)   Other: 0,2ms
[2021-11-30T11:17:08.326-0100][10365,664s] GC(28) Eden regions: 294->0(295)
[2021-11-30T11:17:08.326-0100][10365,664s] GC(28) Survivor regions: 13->12(39)
[2021-11-30T11:17:08.326-0100][10365,664s] GC(28) Old regions: 105->105
[2021-11-30T11:17:08.326-0100][10365,664s] GC(28) Humongous regions: 8->8
[2021-11-30T11:17:08.326-0100][10365,664s] GC(28) Metaspace: 77806K->77806K(1120256K)
[2021-11-30T11:17:08.326-0100][10365,664s] GC(28) Pause Young (Normal) (G1 Evacuation Pause) 418M->124M(512M) 3,438ms
[2021-11-30T11:17:08.326-0100][10365,664s] GC(28) User=0,03s Sys=0,00s Real=0,00s
[2021-11-30T11:17:17.582-0100][10374,920s] GC(29) Pause Young (Normal) (GCLocker Initiated GC)
[2021-11-30T11:17:17.582-0100][10374,920s] GC(29) Using 10 workers of 10 for evacuation
[2021-11-30T11:17:17.587-0100][10374,926s] GC(29)   Pre Evacuate Collection Set: 0,0ms
[2021-11-30T11:17:17.587-0100][10374,926s] GC(29)   Evacuate Collection Set: 4,5ms
[2021-11-30T11:17:17.587-0100][10374,926s] GC(29)   Post Evacuate Collection Set: 0,4ms
[2021-11-30T11:17:17.587-0100][10374,926s] GC(29)   Other: 0,2ms
[2021-11-30T11:17:17.587-0100][10374,926s] GC(29) Eden regions: 296->0(294)
[2021-11-30T11:17:17.587-0100][10374,926s] GC(29) Survivor regions: 12->13(39)
[2021-11-30T11:17:17.587-0100][10374,926s] GC(29) Old regions: 105->105
[2021-11-30T11:17:17.587-0100][10374,926s] GC(29) Humongous regions: 8->8
[2021-11-30T11:17:17.587-0100][10374,926s] GC(29) Metaspace: 77820K->77820K(1120256K)
[2021-11-30T11:17:17.587-0100][10374,926s] GC(29) Pause Young (Normal) (GCLocker Initiated GC) 419M->124M(512M) 5,269ms
[2021-11-30T11:17:17.587-0100][10374,926s] GC(29) User=0,04s Sys=0,00s Real=0,00s
[2021-11-30T11:17:54.136-0100][10411,476s] GC(30) Pause Young (Normal) (G1 Evacuation Pause)
[2021-11-30T11:17:54.136-0100][10411,477s] GC(30) Using 10 workers of 10 for evacuation
[2021-11-30T11:17:54.141-0100][10411,481s] GC(30)   Pre Evacuate Collection Set: 0,0ms
[2021-11-30T11:17:54.141-0100][10411,481s] GC(30)   Evacuate Collection Set: 3,6ms
[2021-11-30T11:17:54.141-0100][10411,481s] GC(30)   Post Evacuate Collection Set: 0,8ms
[2021-11-30T11:17:54.141-0100][10411,481s] GC(30)   Other: 0,2ms
[2021-11-30T11:17:54.141-0100][10411,481s] GC(30) Eden regions: 294->0(294)
[2021-11-30T11:17:54.141-0100][10411,481s] GC(30) Survivor regions: 13->13(39)
[2021-11-30T11:17:54.141-0100][10411,481s] GC(30) Old regions: 105->105
[2021-11-30T11:17:54.141-0100][10411,481s] GC(30) Humongous regions: 8->8
[2021-11-30T11:17:54.141-0100][10411,481s] GC(30) Metaspace: 77825K->77825K(1120256K)
[2021-11-30T11:17:54.141-0100][10411,481s] GC(30) Pause Young (Normal) (G1 Evacuation Pause) 418M->124M(512M) 4,819ms
[2021-11-30T11:17:54.141-0100][10411,481s] GC(30) User=0,03s Sys=0,00s Real=0,01s
[2021-11-30T11:20:17.372-0100][10554,717s] GC(31) Pause Young (Normal) (G1 Evacuation Pause)
[2021-11-30T11:20:17.372-0100][10554,717s] GC(31) Using 10 workers of 10 for evacuation
[2021-11-30T11:20:17.375-0100][10554,721s] GC(31)   Pre Evacuate Collection Set: 0,0ms
[2021-11-30T11:20:17.376-0100][10554,721s] GC(31)   Evacuate Collection Set: 3,1ms
[2021-11-30T11:20:17.376-0100][10554,721s] GC(31)   Post Evacuate Collection Set: 0,4ms
[2021-11-30T11:20:17.376-0100][10554,721s] GC(31)   Other: 0,2ms
[2021-11-30T11:20:17.376-0100][10554,721s] GC(31) Eden regions: 294->0(295)
[2021-11-30T11:20:17.376-0100][10554,721s] GC(31) Survivor regions: 13->12(39)
[2021-11-30T11:20:17.376-0100][10554,721s] GC(31) Old regions: 105->105
[2021-11-30T11:20:17.376-0100][10554,721s] GC(31) Humongous regions: 8->8
[2021-11-30T11:20:17.376-0100][10554,721s] GC(31) Metaspace: 77830K->77830K(1120256K)
[2021-11-30T11:20:17.376-0100][10554,721s] GC(31) Pause Young (Normal) (G1 Evacuation Pause) 418M->124M(512M) 3,893ms
[2021-11-30T11:20:17.376-0100][10554,721s] GC(31) User=0,03s Sys=0,00s Real=0,00s
[2021-11-30T11:20:36.874-0100][10574,220s] GC(32) Pause Young (Normal) (G1 Evacuation Pause)
[2021-11-30T11:20:36.874-0100][10574,220s] GC(32) Using 10 workers of 10 for evacuation
[2021-11-30T11:20:36.878-0100][10574,225s] GC(32)   Pre Evacuate Collection Set: 0,0ms
[2021-11-30T11:20:36.878-0100][10574,225s] GC(32)   Evacuate Collection Set: 3,6ms
[2021-11-30T11:20:36.878-0100][10574,225s] GC(32)   Post Evacuate Collection Set: 0,5ms
[2021-11-30T11:20:36.878-0100][10574,225s] GC(32)   Other: 0,2ms
[2021-11-30T11:20:36.878-0100][10574,225s] GC(32) Eden regions: 295->0(299)
[2021-11-30T11:20:36.878-0100][10574,225s] GC(32) Survivor regions: 12->8(39)
[2021-11-30T11:20:36.878-0100][10574,225s] GC(32) Old regions: 105->109
[2021-11-30T11:20:36.878-0100][10574,225s] GC(32) Humongous regions: 8->8
[2021-11-30T11:20:36.878-0100][10574,225s] GC(32) Metaspace: 77834K->77834K(1120256K)
[2021-11-30T11:20:36.878-0100][10574,225s] GC(32) Pause Young (Normal) (G1 Evacuation Pause) 419M->124M(512M) 4,477ms
[2021-11-30T11:20:36.878-0100][10574,225s] GC(32) User=0,03s Sys=0,01s Real=0,00s
[2021-11-30T11:37:44.428-0100][11601,804s] GC(33) Pause Young (Normal) (G1 Evacuation Pause)
[2021-11-30T11:37:44.428-0100][11601,805s] GC(33) Using 10 workers of 10 for evacuation
[2021-11-30T11:37:44.432-0100][11601,808s] GC(33)   Pre Evacuate Collection Set: 0,0ms
[2021-11-30T11:37:44.432-0100][11601,808s] GC(33)   Evacuate Collection Set: 3,2ms
[2021-11-30T11:37:44.432-0100][11601,808s] GC(33)   Post Evacuate Collection Set: 0,5ms
[2021-11-30T11:37:44.432-0100][11601,808s] GC(33)   Other: 0,2ms
[2021-11-30T11:37:44.432-0100][11601,808s] GC(33) Eden regions: 299->0(298)
[2021-11-30T11:37:44.432-0100][11601,808s] GC(33) Survivor regions: 8->9(39)
[2021-11-30T11:37:44.432-0100][11601,808s] GC(33) Old regions: 109->109
[2021-11-30T11:37:44.432-0100][11601,808s] GC(33) Humongous regions: 8->8
[2021-11-30T11:37:44.432-0100][11601,808s] GC(33) Metaspace: 77899K->77899K(1120256K)
[2021-11-30T11:37:44.432-0100][11601,809s] GC(33) Pause Young (Normal) (G1 Evacuation Pause) 423M->125M(512M) 4,022ms
[2021-11-30T11:37:44.432-0100][11601,809s] GC(33) User=0,03s Sys=0,00s Real=0,01s
[2021-11-30T11:56:53.993-0100][12749,112s] GC(34) Pause Young (Normal) (G1 Evacuation Pause)
[2021-11-30T11:56:53.993-0100][12749,112s] GC(34) Using 10 workers of 10 for evacuation
[2021-11-30T11:56:53.997-0100][12749,116s] GC(34)   Pre Evacuate Collection Set: 0,0ms
[2021-11-30T11:56:53.997-0100][12749,116s] GC(34)   Evacuate Collection Set: 3,3ms
[2021-11-30T11:56:53.997-0100][12749,116s] GC(34)   Post Evacuate Collection Set: 0,6ms
[2021-11-30T11:56:53.997-0100][12749,116s] GC(34)   Other: 0,2ms
[2021-11-30T11:56:53.997-0100][12749,116s] GC(34) Eden regions: 298->0(298)
[2021-11-30T11:56:53.997-0100][12749,116s] GC(34) Survivor regions: 9->9(39)
[2021-11-30T11:56:53.997-0100][12749,116s] GC(34) Old regions: 109->110
[2021-11-30T11:56:53.997-0100][12749,116s] GC(34) Humongous regions: 8->8
[2021-11-30T11:56:53.997-0100][12749,116s] GC(34) Metaspace: 78094K->78094K(1120256K)
[2021-11-30T11:56:53.997-0100][12749,116s] GC(34) Pause Young (Normal) (G1 Evacuation Pause) 423M->126M(512M) 4,249ms
[2021-11-30T11:56:53.998-0100][12749,116s] GC(34) User=0,04s Sys=0,00s Real=0,00s
[2021-11-30T12:00:57.942-0100][12993,045s] GC(35) Pause Young (Normal) (G1 Evacuation Pause)
[2021-11-30T12:00:57.942-0100][12993,045s] GC(35) Using 10 workers of 10 for evacuation
[2021-11-30T12:00:57.950-0100][12993,053s] GC(35)   Pre Evacuate Collection Set: 0,1ms
[2021-11-30T12:00:57.950-0100][12993,053s] GC(35)   Evacuate Collection Set: 7,0ms
[2021-11-30T12:00:57.951-0100][12993,053s] GC(35)   Post Evacuate Collection Set: 0,8ms
[2021-11-30T12:00:57.951-0100][12993,053s] GC(35)   Other: 0,4ms
[2021-11-30T12:00:57.951-0100][12993,053s] GC(35) Eden regions: 298->0(300)
[2021-11-30T12:00:57.951-0100][12993,053s] GC(35) Survivor regions: 9->7(39)
[2021-11-30T12:00:57.951-0100][12993,053s] GC(35) Old regions: 110->110
[2021-11-30T12:00:57.951-0100][12993,053s] GC(35) Humongous regions: 8->8
[2021-11-30T12:00:57.951-0100][12993,053s] GC(35) Metaspace: 78154K->78154K(1120256K)
[2021-11-30T12:00:57.951-0100][12993,053s] GC(35) Pause Young (Normal) (G1 Evacuation Pause) 424M->124M(512M) 8,569ms
[2021-11-30T12:00:57.951-0100][12993,053s] GC(35) User=0,06s Sys=0,01s Real=0,01s
[2021-11-30T12:11:48.753-0100][13643,871s] GC(36) Pause Young (Normal) (G1 Evacuation Pause)
[2021-11-30T12:11:48.753-0100][13643,871s] GC(36) Using 10 workers of 10 for evacuation
[2021-11-30T12:11:48.758-0100][13643,876s] GC(36)   Pre Evacuate Collection Set: 0,0ms
[2021-11-30T12:11:48.758-0100][13643,876s] GC(36)   Evacuate Collection Set: 3,7ms
[2021-11-30T12:11:48.758-0100][13643,876s] GC(36)   Post Evacuate Collection Set: 1,4ms
[2021-11-30T12:11:48.758-0100][13643,876s] GC(36)   Other: 0,2ms
[2021-11-30T12:11:48.758-0100][13643,876s] GC(36) Eden regions: 300->0(299)
[2021-11-30T12:11:48.758-0100][13643,876s] GC(36) Survivor regions: 7->8(39)
[2021-11-30T12:11:48.758-0100][13643,876s] GC(36) Old regions: 110->110
[2021-11-30T12:11:48.758-0100][13643,876s] GC(36) Humongous regions: 8->8
[2021-11-30T12:11:48.758-0100][13643,876s] GC(36) Metaspace: 78215K->78215K(1120256K)
[2021-11-30T12:11:48.759-0100][13643,876s] GC(36) Pause Young (Normal) (G1 Evacuation Pause) 424M->124M(512M) 5,512ms
[2021-11-30T12:11:48.759-0100][13643,876s] GC(36) User=0,03s Sys=0,00s Real=0,00s
[2021-11-30T12:44:03.021-0100][14801,885s] GC(37) Pause Young (Normal) (G1 Evacuation Pause)
[2021-11-30T12:44:03.022-0100][14801,886s] GC(37) Using 10 workers of 10 for evacuation
[2021-11-30T12:44:03.026-0100][14801,890s] GC(37)   Pre Evacuate Collection Set: 0,0ms
[2021-11-30T12:44:03.026-0100][14801,890s] GC(37)   Evacuate Collection Set: 3,5ms
[2021-11-30T12:44:03.026-0100][14801,890s] GC(37)   Post Evacuate Collection Set: 0,5ms
[2021-11-30T12:44:03.026-0100][14801,890s] GC(37)   Other: 1,1ms
[2021-11-30T12:44:03.026-0100][14801,890s] GC(37) Eden regions: 299->0(297)
[2021-11-30T12:44:03.026-0100][14801,890s] GC(37) Survivor regions: 8->10(39)
[2021-11-30T12:44:03.026-0100][14801,890s] GC(37) Old regions: 110->110
[2021-11-30T12:44:03.026-0100][14801,890s] GC(37) Humongous regions: 8->8
[2021-11-30T12:44:03.026-0100][14801,890s] GC(37) Metaspace: 78317K->78317K(1120256K)
[2021-11-30T12:44:03.026-0100][14801,890s] GC(37) Pause Young (Normal) (G1 Evacuation Pause) 423M->126M(512M) 5,186ms
[2021-11-30T12:44:03.027-0100][14801,890s] GC(37) User=0,03s Sys=0,00s Real=0,00s
[2021-11-30T12:46:16.295-0100][14935,161s] GC(38) Pause Young (Normal) (G1 Evacuation Pause)
[2021-11-30T12:46:16.295-0100][14935,161s] GC(38) Using 10 workers of 10 for evacuation
[2021-11-30T12:46:16.299-0100][14935,166s] GC(38)   Pre Evacuate Collection Set: 0,0ms
[2021-11-30T12:46:16.299-0100][14935,166s] GC(38)   Evacuate Collection Set: 3,3ms
[2021-11-30T12:46:16.299-0100][14935,166s] GC(38)   Post Evacuate Collection Set: 0,8ms
[2021-11-30T12:46:16.299-0100][14935,166s] GC(38)   Other: 0,2ms
[2021-11-30T12:46:16.299-0100][14935,166s] GC(38) Eden regions: 297->0(299)
[2021-11-30T12:46:16.299-0100][14935,166s] GC(38) Survivor regions: 10->8(39)
[2021-11-30T12:46:16.299-0100][14935,166s] GC(38) Old regions: 110->110
[2021-11-30T12:46:16.299-0100][14935,166s] GC(38) Humongous regions: 8->8
[2021-11-30T12:46:16.299-0100][14935,166s] GC(38) Metaspace: 78326K->78326K(1120256K)
[2021-11-30T12:46:16.299-0100][14935,166s] GC(38) Pause Young (Normal) (G1 Evacuation Pause) 423M->125M(512M) 4,528ms
[2021-11-30T12:46:16.300-0100][14935,166s] GC(38) User=0,03s Sys=0,00s Real=0,01s
[2021-11-30T12:59:33.324-0100][15732,163s] GC(39) Pause Young (Normal) (G1 Evacuation Pause)
[2021-11-30T12:59:33.324-0100][15732,163s] GC(39) Using 10 workers of 10 for evacuation
[2021-11-30T12:59:33.328-0100][15732,166s] GC(39)   Pre Evacuate Collection Set: 0,0ms
[2021-11-30T12:59:33.328-0100][15732,166s] GC(39)   Evacuate Collection Set: 3,0ms
[2021-11-30T12:59:33.328-0100][15732,166s] GC(39)   Post Evacuate Collection Set: 0,5ms
[2021-11-30T12:59:33.328-0100][15732,166s] GC(39)   Other: 0,2ms
[2021-11-30T12:59:33.328-0100][15732,166s] GC(39) Eden regions: 299->0(299)
[2021-11-30T12:59:33.328-0100][15732,166s] GC(39) Survivor regions: 8->8(39)
[2021-11-30T12:59:33.328-0100][15732,166s] GC(39) Old regions: 110->111
[2021-11-30T12:59:33.328-0100][15732,166s] GC(39) Humongous regions: 8->8
[2021-11-30T12:59:33.328-0100][15732,166s] GC(39) Metaspace: 78616K->78616K(1122304K)
[2021-11-30T12:59:33.328-0100][15732,166s] GC(39) Pause Young (Normal) (G1 Evacuation Pause) 424M->126M(512M) 3,852ms
[2021-11-30T12:59:33.328-0100][15732,166s] GC(39) User=0,03s Sys=0,00s Real=0,00s
[2021-11-30T13:02:38.065-0100][15916,906s] GC(40) Pause Young (Normal) (G1 Evacuation Pause)
[2021-11-30T13:02:38.065-0100][15916,906s] GC(40) Using 10 workers of 10 for evacuation
[2021-11-30T13:02:38.068-0100][15916,909s] GC(40)   Pre Evacuate Collection Set: 0,0ms
[2021-11-30T13:02:38.068-0100][15916,909s] GC(40)   Evacuate Collection Set: 2,2ms
[2021-11-30T13:02:38.068-0100][15916,909s] GC(40)   Post Evacuate Collection Set: 0,6ms
[2021-11-30T13:02:38.068-0100][15916,909s] GC(40)   Other: 0,2ms
[2021-11-30T13:02:38.068-0100][15916,909s] GC(40) Eden regions: 299->0(299)
[2021-11-30T13:02:38.068-0100][15916,909s] GC(40) Survivor regions: 8->8(39)
[2021-11-30T13:02:38.068-0100][15916,909s] GC(40) Old regions: 111->112
[2021-11-30T13:02:38.068-0100][15916,909s] GC(40) Humongous regions: 8->8
[2021-11-30T13:02:38.068-0100][15916,909s] GC(40) Metaspace: 78677K->78677K(1122304K)
[2021-11-30T13:02:38.068-0100][15916,909s] GC(40) Pause Young (Normal) (G1 Evacuation Pause) 425M->126M(512M) 3,081ms
[2021-11-30T13:02:38.068-0100][15916,909s] GC(40) User=0,02s Sys=0,00s Real=0,00s
[2021-11-30T13:02:41.811-0100][15920,651s] GC(41) Pause Young (Normal) (G1 Evacuation Pause)
[2021-11-30T13:02:41.811-0100][15920,651s] GC(41) Using 10 workers of 10 for evacuation
[2021-11-30T13:02:41.813-0100][15920,654s] GC(41)   Pre Evacuate Collection Set: 0,0ms
[2021-11-30T13:02:41.813-0100][15920,654s] GC(41)   Evacuate Collection Set: 2,2ms
[2021-11-30T13:02:41.813-0100][15920,654s] GC(41)   Post Evacuate Collection Set: 0,3ms
[2021-11-30T13:02:41.813-0100][15920,654s] GC(41)   Other: 0,2ms
[2021-11-30T13:02:41.813-0100][15920,654s] GC(41) Eden regions: 299->0(300)
[2021-11-30T13:02:41.813-0100][15920,654s] GC(41) Survivor regions: 8->7(39)
[2021-11-30T13:02:41.813-0100][15920,654s] GC(41) Old regions: 112->113
[2021-11-30T13:02:41.813-0100][15920,654s] GC(41) Humongous regions: 8->8
[2021-11-30T13:02:41.813-0100][15920,654s] GC(41) Metaspace: 78681K->78681K(1122304K)
[2021-11-30T13:02:41.813-0100][15920,654s] GC(41) Pause Young (Normal) (G1 Evacuation Pause) 425M->127M(512M) 2,813ms
[2021-11-30T13:02:41.813-0100][15920,654s] GC(41) User=0,03s Sys=0,00s Real=0,00s
[2021-11-30T13:03:40.790-0100][15979,632s] GC(42) Pause Young (Normal) (G1 Evacuation Pause)
[2021-11-30T13:03:40.790-0100][15979,632s] GC(42) Using 10 workers of 10 for evacuation
[2021-11-30T13:03:40.793-0100][15979,634s] GC(42)   Pre Evacuate Collection Set: 0,0ms
[2021-11-30T13:03:40.793-0100][15979,634s] GC(42)   Evacuate Collection Set: 1,9ms
[2021-11-30T13:03:40.793-0100][15979,634s] GC(42)   Post Evacuate Collection Set: 0,3ms
[2021-11-30T13:03:40.793-0100][15979,634s] GC(42)   Other: 0,2ms
[2021-11-30T13:03:40.793-0100][15979,634s] GC(42) Eden regions: 300->0(300)
[2021-11-30T13:03:40.793-0100][15979,634s] GC(42) Survivor regions: 7->7(39)
[2021-11-30T13:03:40.793-0100][15979,634s] GC(42) Old regions: 113->113
[2021-11-30T13:03:40.793-0100][15979,634s] GC(42) Humongous regions: 8->8
[2021-11-30T13:03:40.793-0100][15979,634s] GC(42) Metaspace: 78694K->78694K(1122304K)
[2021-11-30T13:03:40.793-0100][15979,634s] GC(42) Pause Young (Normal) (G1 Evacuation Pause) 427M->127M(512M) 2,502ms
[2021-11-30T13:03:40.793-0100][15979,634s] GC(42) User=0,01s Sys=0,00s Real=0,00s
[2021-11-30T13:04:43.092-0100][16041,934s] GC(43) Pause Young (Normal) (G1 Evacuation Pause)
[2021-11-30T13:04:43.092-0100][16041,934s] GC(43) Using 10 workers of 10 for evacuation
[2021-11-30T13:04:43.094-0100][16041,936s] GC(43)   Pre Evacuate Collection Set: 0,0ms
[2021-11-30T13:04:43.094-0100][16041,937s] GC(43)   Evacuate Collection Set: 2,0ms
[2021-11-30T13:04:43.095-0100][16041,937s] GC(43)   Post Evacuate Collection Set: 0,4ms
[2021-11-30T13:04:43.095-0100][16041,937s] GC(43)   Other: 0,2ms
[2021-11-30T13:04:43.095-0100][16041,937s] GC(43) Eden regions: 300->0(299)
[2021-11-30T13:04:43.095-0100][16041,937s] GC(43) Survivor regions: 7->8(39)
[2021-11-30T13:04:43.095-0100][16041,937s] GC(43) Old regions: 113->113
[2021-11-30T13:04:43.095-0100][16041,937s] GC(43) Humongous regions: 8->8
[2021-11-30T13:04:43.095-0100][16041,937s] GC(43) Metaspace: 78709K->78709K(1122304K)
[2021-11-30T13:04:43.095-0100][16041,937s] GC(43) Pause Young (Normal) (G1 Evacuation Pause) 427M->127M(512M) 2,763ms
[2021-11-30T13:04:43.095-0100][16041,937s] GC(43) User=0,02s Sys=0,00s Real=0,00s
[2021-11-30T13:12:24.869-0100][16503,669s] GC(44) Pause Young (Normal) (G1 Evacuation Pause)
[2021-11-30T13:12:24.870-0100][16503,670s] GC(44) Using 10 workers of 10 for evacuation
[2021-11-30T13:12:24.873-0100][16503,672s] GC(44)   Pre Evacuate Collection Set: 0,0ms
[2021-11-30T13:12:24.873-0100][16503,672s] GC(44)   Evacuate Collection Set: 2,1ms
[2021-11-30T13:12:24.873-0100][16503,672s] GC(44)   Post Evacuate Collection Set: 0,4ms
[2021-11-30T13:12:24.873-0100][16503,673s] GC(44)   Other: 1,0ms
[2021-11-30T13:12:24.873-0100][16503,673s] GC(44) Eden regions: 299->0(299)
[2021-11-30T13:12:24.873-0100][16503,673s] GC(44) Survivor regions: 8->8(39)
[2021-11-30T13:12:24.873-0100][16503,673s] GC(44) Old regions: 113->113
[2021-11-30T13:12:24.873-0100][16503,673s] GC(44) Humongous regions: 8->8
[2021-11-30T13:12:24.873-0100][16503,673s] GC(44) Metaspace: 78851K->78851K(1122304K)
[2021-11-30T13:12:24.873-0100][16503,673s] GC(44) Pause Young (Normal) (G1 Evacuation Pause) 426M->127M(512M) 3,808ms
[2021-11-30T13:12:24.873-0100][16503,673s] GC(44) User=0,02s Sys=0,00s Real=0,01s
[2021-11-30T13:15:07.057-0100][16665,858s] GC(45) Pause Young (Normal) (G1 Evacuation Pause)
[2021-11-30T13:15:07.058-0100][16665,858s] GC(45) Using 10 workers of 10 for evacuation
[2021-11-30T13:15:07.060-0100][16665,861s] GC(45)   Pre Evacuate Collection Set: 0,0ms
[2021-11-30T13:15:07.061-0100][16665,861s] GC(45)   Evacuate Collection Set: 2,3ms
[2021-11-30T13:15:07.061-0100][16665,861s] GC(45)   Post Evacuate Collection Set: 0,5ms
[2021-11-30T13:15:07.061-0100][16665,861s] GC(45)   Other: 0,2ms
[2021-11-30T13:15:07.061-0100][16665,861s] GC(45) Eden regions: 299->0(299)
[2021-11-30T13:15:07.061-0100][16665,861s] GC(45) Survivor regions: 8->8(39)
[2021-11-30T13:15:07.061-0100][16665,861s] GC(45) Old regions: 113->113
[2021-11-30T13:15:07.061-0100][16665,861s] GC(45) Humongous regions: 8->8
[2021-11-30T13:15:07.061-0100][16665,861s] GC(45) Metaspace: 78866K->78866K(1122304K)
[2021-11-30T13:15:07.061-0100][16665,861s] GC(45) Pause Young (Normal) (G1 Evacuation Pause) 426M->127M(512M) 3,184ms
[2021-11-30T13:15:07.061-0100][16665,861s] GC(45) User=0,03s Sys=0,00s Real=0,01s
[2021-11-30T13:16:58.762-0100][16777,563s] GC(46) Pause Young (Normal) (G1 Evacuation Pause)
[2021-11-30T13:16:58.762-0100][16777,563s] GC(46) Using 10 workers of 10 for evacuation
[2021-11-30T13:16:58.765-0100][16777,565s] GC(46)   Pre Evacuate Collection Set: 0,0ms
[2021-11-30T13:16:58.765-0100][16777,565s] GC(46)   Evacuate Collection Set: 1,9ms
[2021-11-30T13:16:58.765-0100][16777,565s] GC(46)   Post Evacuate Collection Set: 0,4ms
[2021-11-30T13:16:58.765-0100][16777,565s] GC(46)   Other: 0,2ms
[2021-11-30T13:16:58.765-0100][16777,565s] GC(46) Eden regions: 299->0(299)
[2021-11-30T13:16:58.765-0100][16777,565s] GC(46) Survivor regions: 8->8(39)
[2021-11-30T13:16:58.765-0100][16777,565s] GC(46) Old regions: 113->113
[2021-11-30T13:16:58.765-0100][16777,565s] GC(46) Humongous regions: 8->8
[2021-11-30T13:16:58.765-0100][16777,565s] GC(46) Metaspace: 78868K->78868K(1122304K)
[2021-11-30T13:16:58.765-0100][16777,565s] GC(46) Pause Young (Normal) (G1 Evacuation Pause) 426M->127M(512M) 2,705ms
[2021-11-30T13:16:58.765-0100][16777,565s] GC(46) User=0,02s Sys=0,00s Real=0,00s
[2021-11-30T13:44:28.971-0100][17393,615s] GC(47) Pause Young (Normal) (G1 Evacuation Pause)
[2021-11-30T13:44:28.972-0100][17393,617s] GC(47) Using 10 workers of 10 for evacuation
[2021-11-30T13:44:28.974-0100][17393,619s] GC(47)   Pre Evacuate Collection Set: 0,0ms
[2021-11-30T13:44:28.974-0100][17393,619s] GC(47)   Evacuate Collection Set: 2,1ms
[2021-11-30T13:44:28.974-0100][17393,619s] GC(47)   Post Evacuate Collection Set: 0,4ms
[2021-11-30T13:44:28.975-0100][17393,619s] GC(47)   Other: 1,5ms
[2021-11-30T13:44:28.975-0100][17393,619s] GC(47) Eden regions: 299->0(299)
[2021-11-30T13:44:28.975-0100][17393,619s] GC(47) Survivor regions: 8->8(39)
[2021-11-30T13:44:28.975-0100][17393,619s] GC(47) Old regions: 113->113
[2021-11-30T13:44:28.975-0100][17393,619s] GC(47) Humongous regions: 8->8
[2021-11-30T13:44:28.975-0100][17393,619s] GC(47) Metaspace: 78870K->78870K(1122304K)
[2021-11-30T13:44:28.975-0100][17393,619s] GC(47) Pause Young (Normal) (G1 Evacuation Pause) 426M->128M(512M) 4,032ms
[2021-11-30T13:44:28.975-0100][17393,619s] GC(47) User=0,02s Sys=0,00s Real=0,00s
[2021-11-30T14:02:44.064-0100][18488,702s] GC(48) Pause Young (Normal) (G1 Evacuation Pause)
[2021-11-30T14:02:44.065-0100][18488,703s] GC(48) Using 10 workers of 10 for evacuation
[2021-11-30T14:02:44.068-0100][18488,706s] GC(48)   Pre Evacuate Collection Set: 0,0ms
[2021-11-30T14:02:44.068-0100][18488,706s] GC(48)   Evacuate Collection Set: 2,7ms
[2021-11-30T14:02:44.068-0100][18488,706s] GC(48)   Post Evacuate Collection Set: 0,5ms
[2021-11-30T14:02:44.068-0100][18488,706s] GC(48)   Other: 0,6ms
[2021-11-30T14:02:44.068-0100][18488,706s] GC(48) Eden regions: 299->0(297)
[2021-11-30T14:02:44.068-0100][18488,706s] GC(48) Survivor regions: 8->10(39)
[2021-11-30T14:02:44.068-0100][18488,706s] GC(48) Old regions: 113->113
[2021-11-30T14:02:44.068-0100][18488,706s] GC(48) Humongous regions: 8->8
[2021-11-30T14:02:44.068-0100][18488,706s] GC(48) Metaspace: 78881K->78881K(1122304K)
[2021-11-30T14:02:44.068-0100][18488,706s] GC(48) Pause Young (Normal) (G1 Evacuation Pause) 427M->129M(512M) 3,910ms
[2021-11-30T14:02:44.068-0100][18488,706s] GC(48) User=0,03s Sys=0,00s Real=0,00s
[2021-11-30T14:49:35.549-0100][20210,367s] GC(49) Pause Young (Normal) (G1 Evacuation Pause)
[2021-11-30T14:49:35.550-0100][20210,367s] GC(49) Using 10 workers of 10 for evacuation
[2021-11-30T14:49:35.552-0100][20210,370s] GC(49)   Pre Evacuate Collection Set: 0,0ms
[2021-11-30T14:49:35.553-0100][20210,370s] GC(49)   Evacuate Collection Set: 2,4ms
[2021-11-30T14:49:35.553-0100][20210,370s] GC(49)   Post Evacuate Collection Set: 0,4ms
[2021-11-30T14:49:35.553-0100][20210,370s] GC(49)   Other: 0,6ms
[2021-11-30T14:49:35.553-0100][20210,370s] GC(49) Eden regions: 297->0(298)
[2021-11-30T14:49:35.553-0100][20210,370s] GC(49) Survivor regions: 10->9(39)
[2021-11-30T14:49:35.553-0100][20210,370s] GC(49) Old regions: 113->113
[2021-11-30T14:49:35.553-0100][20210,370s] GC(49) Humongous regions: 8->8
[2021-11-30T14:49:35.553-0100][20210,370s] GC(49) Metaspace: 78891K->78891K(1122304K)
[2021-11-30T14:49:35.553-0100][20210,370s] GC(49) Pause Young (Normal) (G1 Evacuation Pause) 426M->128M(512M) 3,456ms
[2021-11-30T14:49:35.553-0100][20210,370s] GC(49) User=0,02s Sys=0,00s Real=0,01s
[2021-11-30T17:02:08.951-0100][21204,474s] GC(50) Pause Young (Normal) (G1 Evacuation Pause)
[2021-11-30T17:02:08.951-0100][21204,475s] GC(50) Using 10 workers of 10 for evacuation
[2021-11-30T17:02:08.955-0100][21204,478s] GC(50)   Pre Evacuate Collection Set: 0,0ms
[2021-11-30T17:02:08.955-0100][21204,478s] GC(50)   Evacuate Collection Set: 2,9ms
[2021-11-30T17:02:08.955-0100][21204,478s] GC(50)   Post Evacuate Collection Set: 0,5ms
[2021-11-30T17:02:08.955-0100][21204,478s] GC(50)   Other: 0,8ms
[2021-11-30T17:02:08.955-0100][21204,478s] GC(50) Eden regions: 298->0(297)
[2021-11-30T17:02:08.955-0100][21204,478s] GC(50) Survivor regions: 9->10(39)
[2021-11-30T17:02:08.955-0100][21204,478s] GC(50) Old regions: 113->113
[2021-11-30T17:02:08.955-0100][21204,478s] GC(50) Humongous regions: 8->8
[2021-11-30T17:02:08.955-0100][21204,478s] GC(50) Metaspace: 78909K->78909K(1122304K)
[2021-11-30T17:02:08.955-0100][21204,478s] GC(50) Pause Young (Normal) (G1 Evacuation Pause) 426M->130M(512M) 4,346ms
[2021-11-30T17:02:08.955-0100][21204,479s] GC(50) User=0,03s Sys=0,00s Real=0,00s
[2021-11-30T17:04:00.528-0100][21316,050s] GC(51) Pause Young (Normal) (G1 Evacuation Pause)
[2021-11-30T17:04:00.528-0100][21316,050s] GC(51) Using 10 workers of 10 for evacuation
[2021-11-30T17:04:00.531-0100][21316,053s] GC(51)   Pre Evacuate Collection Set: 0,0ms
[2021-11-30T17:04:00.531-0100][21316,053s] GC(51)   Evacuate Collection Set: 2,1ms
[2021-11-30T17:04:00.531-0100][21316,053s] GC(51)   Post Evacuate Collection Set: 0,5ms
[2021-11-30T17:04:00.531-0100][21316,053s] GC(51)   Other: 0,2ms
[2021-11-30T17:04:00.531-0100][21316,053s] GC(51) Eden regions: 297->0(298)
[2021-11-30T17:04:00.531-0100][21316,053s] GC(51) Survivor regions: 10->9(39)
[2021-11-30T17:04:00.531-0100][21316,053s] GC(51) Old regions: 113->113
[2021-11-30T17:04:00.531-0100][21316,053s] GC(51) Humongous regions: 8->8
[2021-11-30T17:04:00.531-0100][21316,053s] GC(51) Metaspace: 78909K->78909K(1122304K)
[2021-11-30T17:04:00.531-0100][21316,053s] GC(51) Pause Young (Normal) (G1 Evacuation Pause) 427M->129M(512M) 2,874ms
[2021-11-30T17:04:00.531-0100][21316,053s] GC(51) User=0,02s Sys=0,00s Real=0,01s
[2021-11-30T17:06:13.519-0100][21449,039s] GC(52) Pause Young (Normal) (G1 Evacuation Pause)
[2021-11-30T17:06:13.520-0100][21449,039s] GC(52) Using 10 workers of 10 for evacuation
[2021-11-30T17:06:13.523-0100][21449,043s] GC(52)   Pre Evacuate Collection Set: 0,0ms
[2021-11-30T17:06:13.523-0100][21449,043s] GC(52)   Evacuate Collection Set: 2,5ms
[2021-11-30T17:06:13.523-0100][21449,043s] GC(52)   Post Evacuate Collection Set: 0,4ms
[2021-11-30T17:06:13.523-0100][21449,043s] GC(52)   Other: 0,7ms
[2021-11-30T17:06:13.523-0100][21449,043s] GC(52) Eden regions: 298->0(300)
[2021-11-30T17:06:13.523-0100][21449,043s] GC(52) Survivor regions: 9->7(39)
[2021-11-30T17:06:13.523-0100][21449,043s] GC(52) Old regions: 113->114
[2021-11-30T17:06:13.523-0100][21449,043s] GC(52) Humongous regions: 8->8
[2021-11-30T17:06:13.523-0100][21449,043s] GC(52) Metaspace: 78910K->78910K(1122304K)
[2021-11-30T17:06:13.523-0100][21449,043s] GC(52) Pause Young (Normal) (G1 Evacuation Pause) 427M->128M(512M) 3,710ms
[2021-11-30T17:06:13.523-0100][21449,043s] GC(52) User=0,02s Sys=0,00s Real=0,01s
[2021-11-30T17:13:13.637-0100][21869,148s] GC(53) Pause Young (Normal) (G1 Evacuation Pause)
[2021-11-30T17:13:13.637-0100][21869,149s] GC(53) Using 10 workers of 10 for evacuation
[2021-11-30T17:13:13.641-0100][21869,153s] GC(53)   Pre Evacuate Collection Set: 0,0ms
[2021-11-30T17:13:13.641-0100][21869,153s] GC(53)   Evacuate Collection Set: 3,6ms
[2021-11-30T17:13:13.641-0100][21869,153s] GC(53)   Post Evacuate Collection Set: 0,4ms
[2021-11-30T17:13:13.641-0100][21869,153s] GC(53)   Other: 0,2ms
[2021-11-30T17:13:13.641-0100][21869,153s] GC(53) Eden regions: 300->0(299)
[2021-11-30T17:13:13.641-0100][21869,153s] GC(53) Survivor regions: 7->8(39)
[2021-11-30T17:13:13.641-0100][21869,153s] GC(53) Old regions: 114->115
[2021-11-30T17:13:13.641-0100][21869,153s] GC(53) Humongous regions: 8->8
[2021-11-30T17:13:13.641-0100][21869,153s] GC(53) Metaspace: 79081K->79081K(1122304K)
[2021-11-30T17:13:13.641-0100][21869,153s] GC(53) Pause Young (Normal) (G1 Evacuation Pause) 428M->129M(512M) 4,333ms
[2021-11-30T17:13:13.641-0100][21869,153s] GC(53) User=0,04s Sys=0,01s Real=0,01s
[2021-11-30T17:47:18.635-0100][22710,242s] GC(54) Pause Young (Normal) (G1 Evacuation Pause)
[2021-11-30T17:47:18.636-0100][22710,244s] GC(54) Using 10 workers of 10 for evacuation
[2021-11-30T17:47:18.641-0100][22710,249s] GC(54)   Pre Evacuate Collection Set: 0,0ms
[2021-11-30T17:47:18.641-0100][22710,249s] GC(54)   Evacuate Collection Set: 4,2ms
[2021-11-30T17:47:18.641-0100][22710,249s] GC(54)   Post Evacuate Collection Set: 0,6ms
[2021-11-30T17:47:18.641-0100][22710,249s] GC(54)   Other: 1,5ms
[2021-11-30T17:47:18.641-0100][22710,249s] GC(54) Eden regions: 299->0(300)
[2021-11-30T17:47:18.641-0100][22710,249s] GC(54) Survivor regions: 8->7(39)
[2021-11-30T17:47:18.642-0100][22710,249s] GC(54) Old regions: 115->115
[2021-11-30T17:47:18.642-0100][22710,249s] GC(54) Humongous regions: 8->8
[2021-11-30T17:47:18.642-0100][22710,249s] GC(54) Metaspace: 79106K->79106K(1122304K)
[2021-11-30T17:47:18.642-0100][22710,250s] GC(54) Pause Young (Normal) (G1 Evacuation Pause) 428M->129M(512M) 7,122ms
[2021-11-30T17:47:18.642-0100][22710,250s] GC(54) User=0,04s Sys=0,00s Real=0,01s
[2021-11-30T18:32:38.993-0100][23934,659s] GC(55) Pause Young (Normal) (G1 Evacuation Pause)
[2021-11-30T18:32:38.993-0100][23934,659s] GC(55) Using 10 workers of 10 for evacuation
[2021-11-30T18:32:38.999-0100][23934,665s] GC(55)   Pre Evacuate Collection Set: 0,0ms
[2021-11-30T18:32:38.999-0100][23934,665s] GC(55)   Evacuate Collection Set: 3,5ms
[2021-11-30T18:32:38.999-0100][23934,665s] GC(55)   Post Evacuate Collection Set: 1,6ms
[2021-11-30T18:32:38.999-0100][23934,665s] GC(55)   Other: 0,6ms
[2021-11-30T18:32:38.999-0100][23934,665s] GC(55) Eden regions: 300->0(299)
[2021-11-30T18:32:38.999-0100][23934,665s] GC(55) Survivor regions: 7->8(39)
[2021-11-30T18:32:38.999-0100][23934,665s] GC(55) Old regions: 115->115
[2021-11-30T18:32:38.999-0100][23934,665s] GC(55) Humongous regions: 8->8
[2021-11-30T18:32:38.999-0100][23934,665s] GC(55) Metaspace: 79211K->79211K(1122304K)
[2021-11-30T18:32:38.999-0100][23934,665s] GC(55) Pause Young (Normal) (G1 Evacuation Pause) 429M->129M(512M) 5,821ms
[2021-11-30T18:32:38.999-0100][23934,665s] GC(55) User=0,04s Sys=0,00s Real=0,00s
[2021-11-30T22:30:45.568-0100][25102,563s] GC(56) Pause Young (Normal) (G1 Evacuation Pause)
[2021-11-30T22:30:45.569-0100][25102,563s] GC(56) Using 10 workers of 10 for evacuation
[2021-11-30T22:30:45.604-0100][25102,598s] GC(56)   Pre Evacuate Collection Set: 0,2ms
[2021-11-30T22:30:45.604-0100][25102,598s] GC(56)   Evacuate Collection Set: 31,9ms
[2021-11-30T22:30:45.604-0100][25102,598s] GC(56)   Post Evacuate Collection Set: 2,3ms
[2021-11-30T22:30:45.604-0100][25102,598s] GC(56)   Other: 1,0ms
[2021-11-30T22:30:45.604-0100][25102,598s] GC(56) Eden regions: 299->0(299)
[2021-11-30T22:30:45.604-0100][25102,598s] GC(56) Survivor regions: 8->8(39)
[2021-11-30T22:30:45.604-0100][25102,598s] GC(56) Old regions: 115->115
[2021-11-30T22:30:45.604-0100][25102,598s] GC(56) Humongous regions: 8->8
[2021-11-30T22:30:45.604-0100][25102,598s] GC(56) Metaspace: 79226K->79226K(1122304K)
[2021-11-30T22:30:45.604-0100][25102,598s] GC(56) Pause Young (Normal) (G1 Evacuation Pause) 428M->130M(512M) 35,602ms
[2021-11-30T22:30:45.604-0100][25102,598s] GC(56) User=0,04s Sys=0,13s Real=0,04s
[2021-11-30T22:41:29.812-0100][25746,809s] GC(57) Pause Young (Normal) (G1 Evacuation Pause)
[2021-11-30T22:41:29.812-0100][25746,809s] GC(57) Using 10 workers of 10 for evacuation
[2021-11-30T22:41:29.817-0100][25746,814s] GC(57)   Pre Evacuate Collection Set: 0,0ms
[2021-11-30T22:41:29.817-0100][25746,814s] GC(57)   Evacuate Collection Set: 4,5ms
[2021-11-30T22:41:29.817-0100][25746,814s] GC(57)   Post Evacuate Collection Set: 0,5ms
[2021-11-30T22:41:29.817-0100][25746,814s] GC(57)   Other: 0,2ms
[2021-11-30T22:41:29.817-0100][25746,814s] GC(57) Eden regions: 299->0(300)
[2021-11-30T22:41:29.817-0100][25746,814s] GC(57) Survivor regions: 8->7(39)
[2021-11-30T22:41:29.817-0100][25746,814s] GC(57) Old regions: 115->116
[2021-11-30T22:41:29.817-0100][25746,814s] GC(57) Humongous regions: 8->8
[2021-11-30T22:41:29.817-0100][25746,814s] GC(57) Metaspace: 79229K->79229K(1122304K)
[2021-11-30T22:41:29.817-0100][25746,814s] GC(57) Pause Young (Normal) (G1 Evacuation Pause) 429M->130M(512M) 5,323ms
[2021-11-30T22:41:29.817-0100][25746,814s] GC(57) User=0,03s Sys=0,02s Real=0,00s
[2021-11-30T22:43:18.071-0100][25855,068s] GC(58) Pause Young (Normal) (GCLocker Initiated GC)
[2021-11-30T22:43:18.071-0100][25855,068s] GC(58) Using 10 workers of 10 for evacuation
[2021-11-30T22:43:18.078-0100][25855,076s] GC(58)   Pre Evacuate Collection Set: 0,0ms
[2021-11-30T22:43:18.079-0100][25855,076s] GC(58)   Evacuate Collection Set: 6,5ms
[2021-11-30T22:43:18.079-0100][25855,076s] GC(58)   Post Evacuate Collection Set: 0,6ms
[2021-11-30T22:43:18.079-0100][25855,076s] GC(58)   Other: 0,2ms
[2021-11-30T22:43:18.079-0100][25855,076s] GC(58) Eden regions: 301->0(299)
[2021-11-30T22:43:18.079-0100][25855,076s] GC(58) Survivor regions: 7->8(39)
[2021-11-30T22:43:18.079-0100][25855,076s] GC(58) Old regions: 116->116
[2021-11-30T22:43:18.079-0100][25855,076s] GC(58) Humongous regions: 8->8
[2021-11-30T22:43:18.079-0100][25855,076s] GC(58) Metaspace: 79231K->79231K(1122304K)
[2021-11-30T22:43:18.079-0100][25855,076s] GC(58) Pause Young (Normal) (GCLocker Initiated GC) 430M->130M(512M) 7,535ms
[2021-11-30T22:43:18.079-0100][25855,076s] GC(58) User=0,02s Sys=0,03s Real=0,00s
[2021-11-30T23:02:10.633-0100][26315,760s] GC(59) Pause Young (Normal) (G1 Evacuation Pause)
[2021-11-30T23:02:10.634-0100][26315,761s] GC(59) Using 10 workers of 10 for evacuation
[2021-11-30T23:02:10.639-0100][26315,766s] GC(59)   Pre Evacuate Collection Set: 0,0ms
[2021-11-30T23:02:10.639-0100][26315,766s] GC(59)   Evacuate Collection Set: 4,2ms
[2021-11-30T23:02:10.639-0100][26315,766s] GC(59)   Post Evacuate Collection Set: 0,5ms
[2021-11-30T23:02:10.639-0100][26315,766s] GC(59)   Other: 1,5ms
[2021-11-30T23:02:10.639-0100][26315,766s] GC(59) Eden regions: 299->0(299)
[2021-11-30T23:02:10.639-0100][26315,766s] GC(59) Survivor regions: 8->8(39)
[2021-11-30T23:02:10.639-0100][26315,766s] GC(59) Old regions: 116->116
[2021-11-30T23:02:10.639-0100][26315,766s] GC(59) Humongous regions: 8->8
[2021-11-30T23:02:10.639-0100][26315,766s] GC(59) Metaspace: 79237K->79237K(1122304K)
[2021-11-30T23:02:10.639-0100][26315,766s] GC(59) Pause Young (Normal) (G1 Evacuation Pause) 429M->130M(512M) 6,377ms
[2021-11-30T23:02:10.639-0100][26315,766s] GC(59) User=0,04s Sys=0,00s Real=0,00s
[2021-11-30T23:10:50.639-0100][26616,571s] GC(60) Pause Young (Normal) (G1 Evacuation Pause)
[2021-11-30T23:10:50.639-0100][26616,572s] GC(60) Using 10 workers of 10 for evacuation
[2021-11-30T23:10:50.642-0100][26616,574s] GC(60)   Pre Evacuate Collection Set: 0,0ms
[2021-11-30T23:10:50.642-0100][26616,574s] GC(60)   Evacuate Collection Set: 1,9ms
[2021-11-30T23:10:50.642-0100][26616,574s] GC(60)   Post Evacuate Collection Set: 0,5ms
[2021-11-30T23:10:50.642-0100][26616,574s] GC(60)   Other: 0,2ms
[2021-11-30T23:10:50.642-0100][26616,574s] GC(60) Eden regions: 299->0(299)
[2021-11-30T23:10:50.642-0100][26616,574s] GC(60) Survivor regions: 8->8(39)
[2021-11-30T23:10:50.642-0100][26616,574s] GC(60) Old regions: 116->116
[2021-11-30T23:10:50.642-0100][26616,574s] GC(60) Humongous regions: 8->8
[2021-11-30T23:10:50.642-0100][26616,574s] GC(60) Metaspace: 79252K->79252K(1122304K)
[2021-11-30T23:10:50.642-0100][26616,574s] GC(60) Pause Young (Normal) (G1 Evacuation Pause) 429M->130M(512M) 2,688ms
[2021-11-30T23:10:50.642-0100][26616,574s] GC(60) User=0,02s Sys=0,00s Real=0,01s
[2021-11-30T23:15:45.246-0100][26911,179s] GC(61) Pause Young (Normal) (G1 Evacuation Pause)
[2021-11-30T23:15:45.246-0100][26911,180s] GC(61) Using 10 workers of 10 for evacuation
[2021-11-30T23:15:45.249-0100][26911,182s] GC(61)   Pre Evacuate Collection Set: 0,0ms
[2021-11-30T23:15:45.249-0100][26911,182s] GC(61)   Evacuate Collection Set: 2,0ms
[2021-11-30T23:15:45.249-0100][26911,182s] GC(61)   Post Evacuate Collection Set: 0,4ms
[2021-11-30T23:15:45.249-0100][26911,182s] GC(61)   Other: 0,6ms
[2021-11-30T23:15:45.249-0100][26911,182s] GC(61) Eden regions: 299->0(299)
[2021-11-30T23:15:45.249-0100][26911,182s] GC(61) Survivor regions: 8->8(39)
[2021-11-30T23:15:45.249-0100][26911,182s] GC(61) Old regions: 116->116
[2021-11-30T23:15:45.249-0100][26911,182s] GC(61) Humongous regions: 8->8
[2021-11-30T23:15:45.249-0100][26911,182s] GC(61) Metaspace: 79254K->79254K(1122304K)
[2021-11-30T23:15:45.249-0100][26911,182s] GC(61) Pause Young (Normal) (G1 Evacuation Pause) 429M->130M(512M) 3,100ms
[2021-11-30T23:15:45.249-0100][26911,182s] GC(61) User=0,02s Sys=0,00s Real=0,00s
[2021-11-30T23:20:39.792-0100][27205,726s] GC(62) Pause Young (Normal) (G1 Evacuation Pause)
[2021-11-30T23:20:39.793-0100][27205,727s] GC(62) Using 10 workers of 10 for evacuation
[2021-11-30T23:20:39.798-0100][27205,732s] GC(62)   Pre Evacuate Collection Set: 0,0ms
[2021-11-30T23:20:39.798-0100][27205,732s] GC(62)   Evacuate Collection Set: 3,9ms
[2021-11-30T23:20:39.798-0100][27205,732s] GC(62)   Post Evacuate Collection Set: 0,5ms
[2021-11-30T23:20:39.798-0100][27205,732s] GC(62)   Other: 1,6ms
[2021-11-30T23:20:39.798-0100][27205,732s] GC(62) Eden regions: 299->0(299)
[2021-11-30T23:20:39.798-0100][27205,732s] GC(62) Survivor regions: 8->8(39)
[2021-11-30T23:20:39.798-0100][27205,732s] GC(62) Old regions: 116->116
[2021-11-30T23:20:39.798-0100][27205,732s] GC(62) Humongous regions: 8->8
[2021-11-30T23:20:39.798-0100][27205,732s] GC(62) Metaspace: 79264K->79264K(1122304K)
[2021-11-30T23:20:39.798-0100][27205,732s] GC(62) Pause Young (Normal) (G1 Evacuation Pause) 429M->130M(512M) 6,142ms
[2021-11-30T23:20:39.798-0100][27205,732s] GC(62) User=0,03s Sys=0,00s Real=0,00s
[2021-12-01T00:32:02.428-0100][28451,174s] GC(63) Pause Young (Normal) (G1 Evacuation Pause)
[2021-12-01T00:32:02.429-0100][28451,175s] GC(63) Using 10 workers of 10 for evacuation
[2021-12-01T00:32:02.433-0100][28451,179s] GC(63)   Pre Evacuate Collection Set: 0,0ms
[2021-12-01T00:32:02.433-0100][28451,179s] GC(63)   Evacuate Collection Set: 3,4ms
[2021-12-01T00:32:02.433-0100][28451,179s] GC(63)   Post Evacuate Collection Set: 0,5ms
[2021-12-01T00:32:02.433-0100][28451,179s] GC(63)   Other: 1,3ms
[2021-12-01T00:32:02.433-0100][28451,179s] GC(63) Eden regions: 299->0(299)
[2021-12-01T00:32:02.433-0100][28451,179s] GC(63) Survivor regions: 8->8(39)
[2021-12-01T00:32:02.433-0100][28451,179s] GC(63) Old regions: 116->117
[2021-12-01T00:32:02.433-0100][28451,179s] GC(63) Humongous regions: 8->8
[2021-12-01T00:32:02.433-0100][28451,179s] GC(63) Metaspace: 79265K->79265K(1122304K)
[2021-12-01T00:32:02.433-0100][28451,179s] GC(63) Pause Young (Normal) (G1 Evacuation Pause) 429M->131M(512M) 5,319ms
[2021-12-01T00:32:02.433-0100][28451,179s] GC(63) User=0,03s Sys=0,01s Real=0,01s
[2021-12-01T00:45:19.697-0100][29247,014s] GC(64) Pause Young (Normal) (G1 Evacuation Pause)
[2021-12-01T00:45:19.698-0100][29247,014s] GC(64) Using 10 workers of 10 for evacuation
[2021-12-01T00:45:19.701-0100][29247,017s] GC(64)   Pre Evacuate Collection Set: 0,0ms
[2021-12-01T00:45:19.701-0100][29247,017s] GC(64)   Evacuate Collection Set: 2,1ms
[2021-12-01T00:45:19.701-0100][29247,017s] GC(64)   Post Evacuate Collection Set: 0,6ms
[2021-12-01T00:45:19.701-0100][29247,017s] GC(64)   Other: 0,8ms
[2021-12-01T00:45:19.701-0100][29247,017s] GC(64) Eden regions: 299->0(300)
[2021-12-01T00:45:19.701-0100][29247,017s] GC(64) Survivor regions: 8->7(39)
[2021-12-01T00:45:19.701-0100][29247,017s] GC(64) Old regions: 117->117
[2021-12-01T00:45:19.701-0100][29247,017s] GC(64) Humongous regions: 8->8
[2021-12-01T00:45:19.701-0100][29247,017s] GC(64) Metaspace: 79267K->79267K(1122304K)
[2021-12-01T00:45:19.701-0100][29247,017s] GC(64) Pause Young (Normal) (G1 Evacuation Pause) 430M->130M(512M) 3,576ms
[2021-12-01T00:45:19.701-0100][29247,017s] GC(64) User=0,02s Sys=0,00s Real=0,01s
[2021-12-01T00:59:30.880-0100][30098,202s] GC(65) Pause Young (Normal) (G1 Evacuation Pause)
[2021-12-01T00:59:30.881-0100][30098,203s] GC(65) Using 10 workers of 10 for evacuation
[2021-12-01T00:59:30.883-0100][30098,206s] GC(65)   Pre Evacuate Collection Set: 0,0ms
[2021-12-01T00:59:30.884-0100][30098,206s] GC(65)   Evacuate Collection Set: 1,8ms
[2021-12-01T00:59:30.884-0100][30098,206s] GC(65)   Post Evacuate Collection Set: 0,6ms
[2021-12-01T00:59:30.884-0100][30098,206s] GC(65)   Other: 1,1ms
[2021-12-01T00:59:30.884-0100][30098,206s] GC(65) Eden regions: 300->0(300)
[2021-12-01T00:59:30.884-0100][30098,206s] GC(65) Survivor regions: 7->7(39)
[2021-12-01T00:59:30.884-0100][30098,206s] GC(65) Old regions: 117->117
[2021-12-01T00:59:30.884-0100][30098,206s] GC(65) Humongous regions: 8->8
[2021-12-01T00:59:30.884-0100][30098,206s] GC(65) Metaspace: 79267K->79267K(1122304K)
[2021-12-01T00:59:30.884-0100][30098,206s] GC(65) Pause Young (Normal) (G1 Evacuation Pause) 430M->130M(512M) 3,567ms
[2021-12-01T00:59:30.884-0100][30098,206s] GC(65) User=0,02s Sys=0,00s Real=0,00s
[2021-12-01T01:07:56.817-0100][30604,142s] GC(66) Pause Young (Normal) (G1 Evacuation Pause)
[2021-12-01T01:07:56.817-0100][30604,142s] GC(66) Using 10 workers of 10 for evacuation
[2021-12-01T01:07:56.820-0100][30604,144s] GC(66)   Pre Evacuate Collection Set: 0,0ms
[2021-12-01T01:07:56.820-0100][30604,144s] GC(66)   Evacuate Collection Set: 1,8ms
[2021-12-01T01:07:56.820-0100][30604,144s] GC(66)   Post Evacuate Collection Set: 0,4ms
[2021-12-01T01:07:56.820-0100][30604,144s] GC(66)   Other: 0,6ms
[2021-12-01T01:07:56.820-0100][30604,144s] GC(66) Eden regions: 300->0(300)
[2021-12-01T01:07:56.820-0100][30604,144s] GC(66) Survivor regions: 7->7(39)
[2021-12-01T01:07:56.820-0100][30604,144s] GC(66) Old regions: 117->117
[2021-12-01T01:07:56.820-0100][30604,144s] GC(66) Humongous regions: 8->8
[2021-12-01T01:07:56.820-0100][30604,144s] GC(66) Metaspace: 79268K->79268K(1122304K)
[2021-12-01T01:07:56.820-0100][30604,145s] GC(66) Pause Young (Normal) (G1 Evacuation Pause) 430M->130M(512M) 2,887ms
[2021-12-01T01:07:56.820-0100][30604,145s] GC(66) User=0,02s Sys=0,00s Real=0,01s
[2021-12-01T09:32:55.358-0100][31922,512s] GC(67) Pause Young (Normal) (G1 Evacuation Pause)
[2021-12-01T09:32:55.359-0100][31922,512s] GC(67) Using 10 workers of 10 for evacuation
[2021-12-01T09:32:55.362-0100][31922,516s] GC(67)   Pre Evacuate Collection Set: 0,0ms
[2021-12-01T09:32:55.362-0100][31922,516s] GC(67)   Evacuate Collection Set: 2,5ms
[2021-12-01T09:32:55.362-0100][31922,516s] GC(67)   Post Evacuate Collection Set: 0,5ms
[2021-12-01T09:32:55.362-0100][31922,516s] GC(67)   Other: 0,8ms
[2021-12-01T09:32:55.362-0100][31922,516s] GC(67) Eden regions: 300->0(299)
[2021-12-01T09:32:55.362-0100][31922,516s] GC(67) Survivor regions: 7->8(39)
[2021-12-01T09:32:55.362-0100][31922,516s] GC(67) Old regions: 117->117
[2021-12-01T09:32:55.362-0100][31922,516s] GC(67) Humongous regions: 8->8
[2021-12-01T09:32:55.362-0100][31922,516s] GC(67) Metaspace: 79280K->79280K(1122304K)
[2021-12-01T09:32:55.362-0100][31922,516s] GC(67) Pause Young (Normal) (G1 Evacuation Pause) 430M->132M(512M) 3,946ms
[2021-12-01T09:32:55.362-0100][31922,516s] GC(67) User=0,02s Sys=0,01s Real=0,01s
[2021-12-01T10:02:08.855-0100][33676,049s] GC(68) Pause Young (Normal) (G1 Evacuation Pause)
[2021-12-01T10:02:08.856-0100][33676,050s] GC(68) Using 10 workers of 10 for evacuation
[2021-12-01T10:02:08.859-0100][33676,052s] GC(68)   Pre Evacuate Collection Set: 0,0ms
[2021-12-01T10:02:08.859-0100][33676,052s] GC(68)   Evacuate Collection Set: 2,0ms
[2021-12-01T10:02:08.859-0100][33676,052s] GC(68)   Post Evacuate Collection Set: 0,6ms
[2021-12-01T10:02:08.859-0100][33676,052s] GC(68)   Other: 0,8ms
[2021-12-01T10:02:08.859-0100][33676,052s] GC(68) Eden regions: 299->0(301)
[2021-12-01T10:02:08.859-0100][33676,052s] GC(68) Survivor regions: 8->6(39)
[2021-12-01T10:02:08.859-0100][33676,052s] GC(68) Old regions: 117->117
[2021-12-01T10:02:08.859-0100][33676,052s] GC(68) Humongous regions: 8->8
[2021-12-01T10:02:08.859-0100][33676,052s] GC(68) Metaspace: 79282K->79282K(1122304K)
[2021-12-01T10:02:08.859-0100][33676,053s] GC(68) Pause Young (Normal) (G1 Evacuation Pause) 431M->130M(512M) 3,533ms
[2021-12-01T10:02:08.859-0100][33676,053s] GC(68) User=0,02s Sys=0,00s Real=0,00s
[2021-12-01T10:44:02.947-0100][35368,542s] GC(69) Pause Young (Normal) (G1 Evacuation Pause)
[2021-12-01T10:44:02.948-0100][35368,542s] GC(69) Using 10 workers of 10 for evacuation
[2021-12-01T10:44:02.958-0100][35368,552s] GC(69)   Pre Evacuate Collection Set: 0,0ms
[2021-12-01T10:44:02.958-0100][35368,552s] GC(69)   Evacuate Collection Set: 8,0ms
[2021-12-01T10:44:02.958-0100][35368,552s] GC(69)   Post Evacuate Collection Set: 1,3ms
[2021-12-01T10:44:02.958-0100][35368,552s] GC(69)   Other: 1,4ms
[2021-12-01T10:44:02.958-0100][35368,552s] GC(69) Eden regions: 301->0(299)
[2021-12-01T10:44:02.958-0100][35368,552s] GC(69) Survivor regions: 6->8(39)
[2021-12-01T10:44:02.958-0100][35368,553s] GC(69) Old regions: 117->118
[2021-12-01T10:44:02.958-0100][35368,553s] GC(69) Humongous regions: 8->8
[2021-12-01T10:44:02.958-0100][35368,553s] GC(69) Metaspace: 79298K->79298K(1122304K)
[2021-12-01T10:44:02.959-0100][35368,553s] GC(69) Pause Young (Normal) (G1 Evacuation Pause) 431M->132M(512M) 11,189ms
[2021-12-01T10:44:02.959-0100][35368,553s] GC(69) User=0,07s Sys=0,00s Real=0,01s
[2021-12-01T11:25:26.326-0100][36268,107s] GC(70) Pause Young (Normal) (G1 Evacuation Pause)
[2021-12-01T11:25:26.327-0100][36268,108s] GC(70) Using 10 workers of 10 for evacuation
[2021-12-01T11:25:26.330-0100][36268,111s] GC(70)   Pre Evacuate Collection Set: 0,0ms
[2021-12-01T11:25:26.330-0100][36268,111s] GC(70)   Evacuate Collection Set: 2,2ms
[2021-12-01T11:25:26.330-0100][36268,111s] GC(70)   Post Evacuate Collection Set: 0,5ms
[2021-12-01T11:25:26.330-0100][36268,111s] GC(70)   Other: 1,0ms
[2021-12-01T11:25:26.330-0100][36268,111s] GC(70) Eden regions: 299->0(301)
[2021-12-01T11:25:26.330-0100][36268,111s] GC(70) Survivor regions: 8->6(39)
[2021-12-01T11:25:26.330-0100][36268,111s] GC(70) Old regions: 118->118
[2021-12-01T11:25:26.330-0100][36268,111s] GC(70) Humongous regions: 8->8
[2021-12-01T11:25:26.330-0100][36268,111s] GC(70) Metaspace: 79298K->79298K(1122304K)
[2021-12-01T11:25:26.330-0100][36268,111s] GC(70) Pause Young (Normal) (G1 Evacuation Pause) 431M->131M(512M) 3,812ms
[2021-12-01T11:25:26.330-0100][36268,111s] GC(70) User=0,02s Sys=0,01s Real=0,01s
[2021-12-01T14:30:47.704-0100][38206,829s] GC(71) Pause Young (Normal) (G1 Evacuation Pause)
[2021-12-01T14:30:47.705-0100][38206,830s] GC(71) Using 10 workers of 10 for evacuation
[2021-12-01T14:30:47.708-0100][38206,833s] GC(71)   Pre Evacuate Collection Set: 0,0ms
[2021-12-01T14:30:47.708-0100][38206,833s] GC(71)   Evacuate Collection Set: 2,7ms
[2021-12-01T14:30:47.708-0100][38206,833s] GC(71)   Post Evacuate Collection Set: 0,5ms
[2021-12-01T14:30:47.708-0100][38206,833s] GC(71)   Other: 0,8ms
[2021-12-01T14:30:47.708-0100][38206,833s] GC(71) Eden regions: 301->0(300)
[2021-12-01T14:30:47.708-0100][38206,833s] GC(71) Survivor regions: 6->7(39)
[2021-12-01T14:30:47.708-0100][38206,833s] GC(71) Old regions: 118->118
[2021-12-01T14:30:47.708-0100][38206,833s] GC(71) Humongous regions: 8->8
[2021-12-01T14:30:47.708-0100][38206,833s] GC(71) Metaspace: 79373K->79373K(1122304K)
[2021-12-01T14:30:47.708-0100][38206,833s] GC(71) Pause Young (Normal) (G1 Evacuation Pause) 432M->132M(512M) 4,060ms
[2021-12-01T14:30:47.708-0100][38206,833s] GC(71) User=0,01s Sys=0,01s Real=0,00s
[2021-12-01T14:38:33.972-0100][38673,098s] GC(72) Pause Young (Normal) (G1 Evacuation Pause)
[2021-12-01T14:38:33.973-0100][38673,099s] GC(72) Using 10 workers of 10 for evacuation
[2021-12-01T14:38:33.976-0100][38673,102s] GC(72)   Pre Evacuate Collection Set: 0,0ms
[2021-12-01T14:38:33.976-0100][38673,102s] GC(72)   Evacuate Collection Set: 2,5ms
[2021-12-01T14:38:33.976-0100][38673,102s] GC(72)   Post Evacuate Collection Set: 0,5ms
[2021-12-01T14:38:33.976-0100][38673,102s] GC(72)   Other: 0,7ms
[2021-12-01T14:38:33.976-0100][38673,102s] GC(72) Eden regions: 300->0(301)
[2021-12-01T14:38:33.976-0100][38673,102s] GC(72) Survivor regions: 7->6(39)
[2021-12-01T14:38:33.976-0100][38673,102s] GC(72) Old regions: 118->119
[2021-12-01T14:38:33.976-0100][38673,102s] GC(72) Humongous regions: 8->8
[2021-12-01T14:38:33.976-0100][38673,102s] GC(72) Metaspace: 79410K->79410K(1122304K)
[2021-12-01T14:38:33.976-0100][38673,102s] GC(72) Pause Young (Normal) (G1 Evacuation Pause) 432M->131M(512M) 3,907ms
[2021-12-01T14:38:33.976-0100][38673,102s] GC(72) User=0,01s Sys=0,00s Real=0,00s
[2021-12-01T14:55:42.164-0100][39649,022s] GC(73) Pause Young (Normal) (G1 Evacuation Pause)
[2021-12-01T14:55:42.164-0100][39649,022s] GC(73) Using 10 workers of 10 for evacuation
[2021-12-01T14:55:42.187-0100][39649,045s] GC(73)   Pre Evacuate Collection Set: 0,2ms
[2021-12-01T14:55:42.187-0100][39649,045s] GC(73)   Evacuate Collection Set: 21,8ms
[2021-12-01T14:55:42.187-0100][39649,045s] GC(73)   Post Evacuate Collection Set: 0,7ms
[2021-12-01T14:55:42.187-0100][39649,045s] GC(73)   Other: 0,7ms
[2021-12-01T14:55:42.187-0100][39649,045s] GC(73) Eden regions: 301->0(300)
[2021-12-01T14:55:42.187-0100][39649,045s] GC(73) Survivor regions: 6->7(39)
[2021-12-01T14:55:42.187-0100][39649,045s] GC(73) Old regions: 119->119
[2021-12-01T14:55:42.187-0100][39649,045s] GC(73) Humongous regions: 8->8
[2021-12-01T14:55:42.187-0100][39649,045s] GC(73) Metaspace: 79470K->79470K(1122304K)
[2021-12-01T14:55:42.187-0100][39649,045s] GC(73) Pause Young (Normal) (G1 Evacuation Pause) 432M->132M(512M) 23,436ms
[2021-12-01T14:55:42.187-0100][39649,045s] GC(73) User=0,03s Sys=0,12s Real=0,02s
[2021-12-01T15:25:04.299-0100][41045,203s] GC(74) Pause Young (Normal) (G1 Evacuation Pause)
[2021-12-01T15:25:04.300-0100][41045,203s] GC(74) Using 10 workers of 10 for evacuation
[2021-12-01T15:25:04.304-0100][41045,208s] GC(74)   Pre Evacuate Collection Set: 0,0ms
[2021-12-01T15:25:04.304-0100][41045,208s] GC(74)   Evacuate Collection Set: 3,7ms
[2021-12-01T15:25:04.304-0100][41045,208s] GC(74)   Post Evacuate Collection Set: 0,3ms
[2021-12-01T15:25:04.304-0100][41045,208s] GC(74)   Other: 0,8ms
[2021-12-01T15:25:04.304-0100][41045,208s] GC(74) Eden regions: 300->0(300)
[2021-12-01T15:25:04.304-0100][41045,208s] GC(74) Survivor regions: 7->7(39)
[2021-12-01T15:25:04.304-0100][41045,208s] GC(74) Old regions: 119->119
[2021-12-01T15:25:04.304-0100][41045,208s] GC(74) Humongous regions: 8->8
[2021-12-01T15:25:04.304-0100][41045,208s] GC(74) Metaspace: 79504K->79504K(1122304K)
[2021-12-01T15:25:04.304-0100][41045,208s] GC(74) Pause Young (Normal) (G1 Evacuation Pause) 432M->132M(512M) 4,982ms
[2021-12-01T15:25:04.304-0100][41045,208s] GC(74) User=0,02s Sys=0,01s Real=0,01s
[2021-12-01T16:20:36.902-0100][42240,153s] GC(75) Pause Young (Normal) (G1 Evacuation Pause)
[2021-12-01T16:20:36.902-0100][42240,154s] GC(75) Using 10 workers of 10 for evacuation
[2021-12-01T16:20:36.907-0100][42240,158s] GC(75)   Pre Evacuate Collection Set: 0,0ms
[2021-12-01T16:20:36.907-0100][42240,158s] GC(75)   Evacuate Collection Set: 3,4ms
[2021-12-01T16:20:36.907-0100][42240,158s] GC(75)   Post Evacuate Collection Set: 0,5ms
[2021-12-01T16:20:36.907-0100][42240,158s] GC(75)   Other: 1,2ms
[2021-12-01T16:20:36.907-0100][42240,158s] GC(75) Eden regions: 300->0(300)
[2021-12-01T16:20:36.907-0100][42240,158s] GC(75) Survivor regions: 7->7(39)
[2021-12-01T16:20:36.907-0100][42240,158s] GC(75) Old regions: 119->119
[2021-12-01T16:20:36.907-0100][42240,158s] GC(75) Humongous regions: 8->8
[2021-12-01T16:20:36.907-0100][42240,158s] GC(75) Metaspace: 79560K->79560K(1122304K)
[2021-12-01T16:20:36.907-0100][42240,158s] GC(75) Pause Young (Normal) (G1 Evacuation Pause) 432M->133M(512M) 5,296ms
[2021-12-01T16:20:36.907-0100][42240,158s] GC(75) User=0,03s Sys=0,00s Real=0,00s
[2021-12-01T17:11:09.872-0100][43490,571s] GC(76) Pause Young (Normal) (G1 Evacuation Pause)
[2021-12-01T17:11:09.873-0100][43490,572s] GC(76) Using 10 workers of 10 for evacuation
[2021-12-01T17:11:09.890-0100][43490,589s] GC(76)   Pre Evacuate Collection Set: 0,3ms
[2021-12-01T17:11:09.890-0100][43490,589s] GC(76)   Evacuate Collection Set: 15,7ms
[2021-12-01T17:11:09.891-0100][43490,589s] GC(76)   Post Evacuate Collection Set: 0,8ms
[2021-12-01T17:11:09.891-0100][43490,589s] GC(76)   Other: 1,3ms
[2021-12-01T17:11:09.891-0100][43490,589s] GC(76) Eden regions: 300->0(300)
[2021-12-01T17:11:09.891-0100][43490,589s] GC(76) Survivor regions: 7->7(39)
[2021-12-01T17:11:09.891-0100][43490,589s] GC(76) Old regions: 119->119
[2021-12-01T17:11:09.891-0100][43490,589s] GC(76) Humongous regions: 8->8
[2021-12-01T17:11:09.891-0100][43490,589s] GC(76) Metaspace: 79576K->79576K(1122304K)
[2021-12-01T17:11:09.891-0100][43490,589s] GC(76) Pause Young (Normal) (G1 Evacuation Pause) 433M->133M(512M) 18,138ms
[2021-12-01T17:11:09.891-0100][43490,589s] GC(76) User=0,03s Sys=0,07s Real=0,02s
[2021-12-01T17:29:29.900-0100][44590,593s] GC(77) Pause Young (Normal) (G1 Evacuation Pause)
[2021-12-01T17:29:29.901-0100][44590,594s] GC(77) Using 10 workers of 10 for evacuation
[2021-12-01T17:29:29.906-0100][44590,599s] GC(77)   Pre Evacuate Collection Set: 0,0ms
[2021-12-01T17:29:29.906-0100][44590,599s] GC(77)   Evacuate Collection Set: 4,4ms
[2021-12-01T17:29:29.906-0100][44590,599s] GC(77)   Post Evacuate Collection Set: 0,4ms
[2021-12-01T17:29:29.906-0100][44590,599s] GC(77)   Other: 1,1ms
[2021-12-01T17:29:29.906-0100][44590,599s] GC(77) Eden regions: 300->0(300)
[2021-12-01T17:29:29.906-0100][44590,599s] GC(77) Survivor regions: 7->7(39)
[2021-12-01T17:29:29.906-0100][44590,599s] GC(77) Old regions: 119->119
[2021-12-01T17:29:29.906-0100][44590,599s] GC(77) Humongous regions: 8->8
[2021-12-01T17:29:29.906-0100][44590,599s] GC(77) Metaspace: 79594K->79594K(1122304K)
[2021-12-01T17:29:29.906-0100][44590,599s] GC(77) Pause Young (Normal) (G1 Evacuation Pause) 433M->133M(512M) 5,961ms
[2021-12-01T17:29:29.906-0100][44590,599s] GC(77) User=0,04s Sys=0,01s Real=0,00s
[2021-12-01T17:46:06.206-0100][45586,915s] GC(78) Pause Young (Normal) (G1 Evacuation Pause)
[2021-12-01T17:46:06.207-0100][45586,916s] GC(78) Using 10 workers of 10 for evacuation
[2021-12-01T17:46:06.229-0100][45586,937s] GC(78)   Pre Evacuate Collection Set: 0,2ms
[2021-12-01T17:46:06.229-0100][45586,937s] GC(78)   Evacuate Collection Set: 20,5ms
[2021-12-01T17:46:06.229-0100][45586,938s] GC(78)   Post Evacuate Collection Set: 0,6ms
[2021-12-01T17:46:06.229-0100][45586,938s] GC(78)   Other: 1,5ms
[2021-12-01T17:46:06.229-0100][45586,938s] GC(78) Eden regions: 300->0(300)
[2021-12-01T17:46:06.229-0100][45586,938s] GC(78) Survivor regions: 7->7(39)
[2021-12-01T17:46:06.229-0100][45586,938s] GC(78) Old regions: 119->119
[2021-12-01T17:46:06.229-0100][45586,938s] GC(78) Humongous regions: 8->8
[2021-12-01T17:46:06.229-0100][45586,938s] GC(78) Metaspace: 79630K->79630K(1122304K)
[2021-12-01T17:46:06.229-0100][45586,938s] GC(78) Pause Young (Normal) (G1 Evacuation Pause) 433M->133M(512M) 22,892ms
[2021-12-01T17:46:06.229-0100][45586,938s] GC(78) User=0,03s Sys=0,08s Real=0,02s
[2021-12-01T18:01:46.839-0100][46527,550s] GC(79) Pause Young (Normal) (G1 Evacuation Pause)
[2021-12-01T18:01:46.840-0100][46527,551s] GC(79) Using 10 workers of 10 for evacuation
[2021-12-01T18:01:46.845-0100][46527,556s] GC(79)   Pre Evacuate Collection Set: 0,0ms
[2021-12-01T18:01:46.845-0100][46527,556s] GC(79)   Evacuate Collection Set: 4,2ms
[2021-12-01T18:01:46.845-0100][46527,556s] GC(79)   Post Evacuate Collection Set: 0,7ms
[2021-12-01T18:01:46.845-0100][46527,556s] GC(79)   Other: 1,0ms
[2021-12-01T18:01:46.845-0100][46527,556s] GC(79) Eden regions: 300->0(299)
[2021-12-01T18:01:46.845-0100][46527,556s] GC(79) Survivor regions: 7->8(39)
[2021-12-01T18:01:46.845-0100][46527,556s] GC(79) Old regions: 119->119
[2021-12-01T18:01:46.845-0100][46527,556s] GC(79) Humongous regions: 8->8
[2021-12-01T18:01:46.845-0100][46527,556s] GC(79) Metaspace: 79669K->79669K(1122304K)
[2021-12-01T18:01:46.845-0100][46527,556s] GC(79) Pause Young (Normal) (G1 Evacuation Pause) 433M->133M(512M) 6,183ms
[2021-12-01T18:01:46.845-0100][46527,557s] GC(79) User=0,03s Sys=0,01s Real=0,01s
[2021-12-02T01:50:18.447-0100][50165,680s] GC(80) Pause Young (Normal) (G1 Evacuation Pause)
[2021-12-02T01:50:18.447-0100][50165,681s] GC(80) Using 10 workers of 10 for evacuation
[2021-12-02T01:50:18.488-0100][50165,722s] GC(80)   Pre Evacuate Collection Set: 0,2ms
[2021-12-02T01:50:18.488-0100][50165,722s] GC(80)   Evacuate Collection Set: 36,0ms
[2021-12-02T01:50:18.488-0100][50165,722s] GC(80)   Post Evacuate Collection Set: 2,3ms
[2021-12-02T01:50:18.488-0100][50165,722s] GC(80)   Other: 3,8ms
[2021-12-02T01:50:18.488-0100][50165,722s] GC(80) Eden regions: 299->0(298)
[2021-12-02T01:50:18.488-0100][50165,722s] GC(80) Survivor regions: 8->9(39)
[2021-12-02T01:50:18.488-0100][50165,722s] GC(80) Old regions: 119->119
[2021-12-02T01:50:18.488-0100][50165,722s] GC(80) Humongous regions: 8->8
[2021-12-02T01:50:18.488-0100][50165,722s] GC(80) Metaspace: 79704K->79704K(1122304K)
[2021-12-02T01:50:18.489-0100][50165,722s] GC(80) Pause Young (Normal) (G1 Evacuation Pause) 432M->134M(512M) 41,500ms
[2021-12-02T01:50:18.489-0100][50165,722s] GC(80) User=0,04s Sys=0,17s Real=0,04s
[2021-12-02T11:42:07.015-0100][61782,748s] GC(81) Pause Young (Normal) (G1 Evacuation Pause)
[2021-12-02T11:42:07.018-0100][61782,751s] GC(81) Using 10 workers of 10 for evacuation
[2021-12-02T11:42:07.069-0100][61782,801s] GC(81)   Pre Evacuate Collection Set: 1,1ms
[2021-12-02T11:42:07.069-0100][61782,801s] GC(81)   Evacuate Collection Set: 42,8ms
[2021-12-02T11:42:07.069-0100][61782,801s] GC(81)   Post Evacuate Collection Set: 2,1ms
[2021-12-02T11:42:07.069-0100][61782,801s] GC(81)   Other: 12,8ms
[2021-12-02T11:42:07.069-0100][61782,802s] GC(81) Eden regions: 298->0(298)
[2021-12-02T11:42:07.069-0100][61782,802s] GC(81) Survivor regions: 9->9(39)
[2021-12-02T11:42:07.069-0100][61782,802s] GC(81) Old regions: 119->119
[2021-12-02T11:42:07.069-0100][61782,802s] GC(81) Humongous regions: 8->8
[2021-12-02T11:42:07.069-0100][61782,802s] GC(81) Metaspace: 79771K->79771K(1122304K)
[2021-12-02T11:42:07.070-0100][61782,802s] GC(81) Pause Young (Normal) (G1 Evacuation Pause) 432M->134M(512M) 56,028ms
[2021-12-02T11:42:07.070-0100][61782,802s] GC(81) User=0,05s Sys=0,17s Real=0,06s
[2021-12-02T14:32:04.636-0100][69010,379s] GC(82) Pause Young (Normal) (G1 Evacuation Pause)
[2021-12-02T14:32:04.637-0100][69010,380s] GC(82) Using 10 workers of 10 for evacuation
[2021-12-02T14:32:04.680-0100][69010,423s] GC(82)   Pre Evacuate Collection Set: 0,7ms
[2021-12-02T14:32:04.680-0100][69010,423s] GC(82)   Evacuate Collection Set: 40,5ms
[2021-12-02T14:32:04.680-0100][69010,423s] GC(82)   Post Evacuate Collection Set: 0,9ms
[2021-12-02T14:32:04.680-0100][69010,423s] GC(82)   Other: 2,2ms
[2021-12-02T14:32:04.680-0100][69010,423s] GC(82) Eden regions: 298->0(299)
[2021-12-02T14:32:04.680-0100][69010,423s] GC(82) Survivor regions: 9->8(39)
[2021-12-02T14:32:04.680-0100][69010,423s] GC(82) Old regions: 119->119
[2021-12-02T14:32:04.680-0100][69010,423s] GC(82) Humongous regions: 8->8
[2021-12-02T14:32:04.680-0100][69010,423s] GC(82) Metaspace: 79772K->79772K(1122304K)
[2021-12-02T14:32:04.680-0100][69010,423s] GC(82) Pause Young (Normal) (G1 Evacuation Pause) 432M->134M(512M) 44,330ms
[2021-12-02T14:32:04.680-0100][69010,423s] GC(82) User=0,05s Sys=0,18s Real=0,05s
[2021-12-02T16:11:14.626-0100][74960,302s] GC(83) Pause Young (Normal) (G1 Evacuation Pause)
[2021-12-02T16:11:14.628-0100][74960,303s] GC(83) Using 10 workers of 10 for evacuation
[2021-12-02T16:11:14.672-0100][74960,347s] GC(83)   Pre Evacuate Collection Set: 0,6ms
[2021-12-02T16:11:14.672-0100][74960,347s] GC(83)   Evacuate Collection Set: 41,9ms
[2021-12-02T16:11:14.672-0100][74960,347s] GC(83)   Post Evacuate Collection Set: 1,0ms
[2021-12-02T16:11:14.672-0100][74960,347s] GC(83)   Other: 2,2ms
[2021-12-02T16:11:14.672-0100][74960,347s] GC(83) Eden regions: 299->0(299)
[2021-12-02T16:11:14.672-0100][74960,347s] GC(83) Survivor regions: 8->8(39)
[2021-12-02T16:11:14.672-0100][74960,347s] GC(83) Old regions: 119->119
[2021-12-02T16:11:14.672-0100][74960,347s] GC(83) Humongous regions: 8->8
[2021-12-02T16:11:14.672-0100][74960,347s] GC(83) Metaspace: 79778K->79778K(1122304K)
[2021-12-02T16:11:14.672-0100][74960,347s] GC(83) Pause Young (Normal) (G1 Evacuation Pause) 433M->134M(512M) 45,724ms
[2021-12-02T16:11:14.672-0100][74960,347s] GC(83) User=0,04s Sys=0,19s Real=0,05s
[2021-12-02T18:13:43.949-0100][80807,266s] GC(84) Pause Young (Normal) (G1 Evacuation Pause)
[2021-12-02T18:13:43.949-0100][80807,266s] GC(84) Using 10 workers of 10 for evacuation
[2021-12-02T18:13:43.989-0100][80807,306s] GC(84)   Pre Evacuate Collection Set: 0,3ms
[2021-12-02T18:13:43.989-0100][80807,306s] GC(84)   Evacuate Collection Set: 37,9ms
[2021-12-02T18:13:43.989-0100][80807,306s] GC(84)   Post Evacuate Collection Set: 1,0ms
[2021-12-02T18:13:43.989-0100][80807,306s] GC(84)   Other: 1,1ms
[2021-12-02T18:13:43.989-0100][80807,306s] GC(84) Eden regions: 299->0(299)
[2021-12-02T18:13:43.989-0100][80807,306s] GC(84) Survivor regions: 8->8(39)
[2021-12-02T18:13:43.989-0100][80807,306s] GC(84) Old regions: 119->120
[2021-12-02T18:13:43.989-0100][80807,306s] GC(84) Humongous regions: 8->8
[2021-12-02T18:13:43.989-0100][80807,306s] GC(84) Metaspace: 79778K->79778K(1122304K)
[2021-12-02T18:13:43.989-0100][80807,306s] GC(84) Pause Young (Normal) (G1 Evacuation Pause) 433M->134M(512M) 40,378ms
[2021-12-02T18:13:43.989-0100][80807,306s] GC(84) User=0,05s Sys=0,18s Real=0,04s
[2021-12-03T02:30:15.512-0100][86496,457s] Heap
[2021-12-03T02:30:15.513-0100][86496,457s]  garbage-first heap   total 524288K, used 431729K [0x00000007e0000000, 0x0000000800000000)
[2021-12-03T02:30:15.513-0100][86496,457s]   region size 1024K, 296 young (303104K), 8 survivors (8192K)
[2021-12-03T02:30:15.513-0100][86496,457s]  Metaspace       used 79993K, capacity 82209K, committed 82340K, reserved 1122304K
[2021-12-03T02:30:15.513-0100][86496,457s]   class space    used 8475K, capacity 9331K, committed 9344K, reserved 1048576K
