[2021-11-25T01:28:41.363-0100][0.011s] Heap region size: 1M
[2021-11-25T01:28:41.567-0100][0.215s] Using G1
[2021-11-25T01:28:41.567-0100][0.215s] Heap address: 0x00000007e0000000, size: 512 MB, Compressed Oops mode: Zero based, Oop shift amount: 3
[2021-11-25T01:28:41.976-0100][0,624s] GC(0) Pause Young (Normal) (G1 Evacuation Pause)
[2021-11-25T01:28:41.976-0100][0,624s] GC(0) Using 10 workers of 10 for evacuation
[2021-11-25T01:28:41.978-0100][0,626s] GC(0)   Pre Evacuate Collection Set: 0,0ms
[2021-11-25T01:28:41.978-0100][0,626s] GC(0)   Evacuate Collection Set: 1,7ms
[2021-11-25T01:28:41.979-0100][0,626s] GC(0)   Post Evacuate Collection Set: 0,3ms
[2021-11-25T01:28:41.979-0100][0,626s] GC(0)   Other: 0,4ms
[2021-11-25T01:28:41.979-0100][0,626s] GC(0) Eden regions: 30->0(303)
[2021-11-25T01:28:41.979-0100][0,626s] GC(0) Survivor regions: 0->4(4)
[2021-11-25T01:28:41.979-0100][0,626s] GC(0) Old regions: 0->0
[2021-11-25T01:28:41.979-0100][0,626s] GC(0) Humongous regions: 0->0
[2021-11-25T01:28:41.979-0100][0,626s] GC(0) Metaspace: 13284K->13284K(1060864K)
[2021-11-25T01:28:41.979-0100][0,626s] GC(0) Pause Young (Normal) (G1 Evacuation Pause) 30M->3M(512M) 2,538ms
[2021-11-25T01:28:41.979-0100][0,626s] GC(0) User=0,02s Sys=0,00s Real=0,00s
[2021-11-25T01:28:42.340-0100][0,987s] GC(1) Pause Young (Concurrent Start) (Metadata GC Threshold)
[2021-11-25T01:28:42.340-0100][0,988s] GC(1) Using 10 workers of 10 for evacuation
[2021-11-25T01:28:42.353-0100][1,000s] GC(1)   Pre Evacuate Collection Set: 0,0ms
[2021-11-25T01:28:42.353-0100][1,000s] GC(1)   Evacuate Collection Set: 11,5ms
[2021-11-25T01:28:42.353-0100][1,000s] GC(1)   Post Evacuate Collection Set: 1,1ms
[2021-11-25T01:28:42.353-0100][1,000s] GC(1)   Other: 0,3ms
[2021-11-25T01:28:42.353-0100][1,000s] GC(1) Eden regions: 25->0(295)
[2021-11-25T01:28:42.353-0100][1,000s] GC(1) Survivor regions: 4->12(39)
[2021-11-25T01:28:42.353-0100][1,000s] GC(1) Old regions: 0->0
[2021-11-25T01:28:42.353-0100][1,000s] GC(1) Humongous regions: 4->4
[2021-11-25T01:28:42.353-0100][1,000s] GC(1) Metaspace: 20551K->20551K(1069056K)
[2021-11-25T01:28:42.353-0100][1,000s] GC(1) Pause Young (Concurrent Start) (Metadata GC Threshold) 31M->15M(512M) 13,001ms
[2021-11-25T01:28:42.353-0100][1,000s] GC(1) User=0,07s Sys=0,00s Real=0,01s
[2021-11-25T01:28:42.353-0100][1,001s] GC(2) Concurrent Cycle
[2021-11-25T01:28:42.353-0100][1,001s] GC(2) Concurrent Clear Claimed Marks
[2021-11-25T01:28:42.353-0100][1,001s] GC(2) Concurrent Clear Claimed Marks 0,050ms
[2021-11-25T01:28:42.353-0100][1,001s] GC(2) Concurrent Scan Root Regions
[2021-11-25T01:28:42.356-0100][1,004s] GC(2) Concurrent Scan Root Regions 3,457ms
[2021-11-25T01:28:42.356-0100][1,004s] GC(2) Concurrent Mark (1,004s)
[2021-11-25T01:28:42.357-0100][1,004s] GC(2) Concurrent Mark From Roots
[2021-11-25T01:28:42.357-0100][1,004s] GC(2) Using 3 workers of 3 for marking
[2021-11-25T01:28:42.358-0100][1,006s] GC(2) Concurrent Mark From Roots 1,305ms
[2021-11-25T01:28:42.358-0100][1,006s] GC(2) Concurrent Preclean
[2021-11-25T01:28:42.358-0100][1,006s] GC(2) Concurrent Preclean 0,037ms
[2021-11-25T01:28:42.358-0100][1,006s] GC(2) Concurrent Mark (1,004s, 1,006s) 1,438ms
[2021-11-25T01:28:42.358-0100][1,006s] GC(2) Pause Remark
[2021-11-25T01:28:42.360-0100][1,007s] GC(2) Cleaned string and symbol table, strings: 9970 processed, 0 removed, symbols: 67362 processed, 21 removed
[2021-11-25T01:28:42.360-0100][1,008s] GC(2) Pause Remark 16M->16M(512M) 1,929ms
[2021-11-25T01:28:42.360-0100][1,008s] GC(2) User=0,01s Sys=0,00s Real=0,01s
[2021-11-25T01:28:42.360-0100][1,008s] GC(2) Concurrent Rebuild Remembered Sets
[2021-11-25T01:28:42.362-0100][1,010s] GC(2) Concurrent Rebuild Remembered Sets 2,402ms
[2021-11-25T01:28:42.363-0100][1,010s] GC(2) Pause Cleanup
[2021-11-25T01:28:42.363-0100][1,010s] GC(2) Pause Cleanup 16M->16M(512M) 0,104ms
[2021-11-25T01:28:42.363-0100][1,010s] GC(2) User=0,00s Sys=0,00s Real=0,00s
[2021-11-25T01:28:42.363-0100][1,010s] GC(2) Concurrent Cleanup for Next Mark
[2021-11-25T01:28:42.364-0100][1,011s] GC(2) Concurrent Cleanup for Next Mark 0,856ms
[2021-11-25T01:28:42.364-0100][1,011s] GC(2) Concurrent Cycle 10,803ms
[2021-11-25T01:28:43.742-0100][2,390s] GC(3) Pause Young (Concurrent Start) (Metadata GC Threshold)
[2021-11-25T01:28:43.742-0100][2,390s] GC(3) Using 10 workers of 10 for evacuation
[2021-11-25T01:28:43.753-0100][2,400s] GC(3)   Pre Evacuate Collection Set: 0,0ms
[2021-11-25T01:28:43.753-0100][2,400s] GC(3)   Evacuate Collection Set: 9,3ms
[2021-11-25T01:28:43.753-0100][2,400s] GC(3)   Post Evacuate Collection Set: 0,6ms
[2021-11-25T01:28:43.753-0100][2,400s] GC(3)   Other: 0,2ms
[2021-11-25T01:28:43.753-0100][2,400s] GC(3) Eden regions: 123->0(131)
[2021-11-25T01:28:43.753-0100][2,400s] GC(3) Survivor regions: 12->22(39)
[2021-11-25T01:28:43.753-0100][2,400s] GC(3) Old regions: 0->0
[2021-11-25T01:28:43.753-0100][2,400s] GC(3) Humongous regions: 4->4
[2021-11-25T01:28:43.753-0100][2,400s] GC(3) Metaspace: 34657K->34657K(1081344K)
[2021-11-25T01:28:43.753-0100][2,400s] GC(3) Pause Young (Concurrent Start) (Metadata GC Threshold) 138M->25M(512M) 10,310ms
[2021-11-25T01:28:43.753-0100][2,400s] GC(3) User=0,06s Sys=0,00s Real=0,01s
[2021-11-25T01:28:43.753-0100][2,401s] GC(4) Concurrent Cycle
[2021-11-25T01:28:43.753-0100][2,401s] GC(4) Concurrent Clear Claimed Marks
[2021-11-25T01:28:43.753-0100][2,401s] GC(4) Concurrent Clear Claimed Marks 0,027ms
[2021-11-25T01:28:43.753-0100][2,401s] GC(4) Concurrent Scan Root Regions
[2021-11-25T01:28:43.756-0100][2,404s] GC(4) Concurrent Scan Root Regions 3,240ms
[2021-11-25T01:28:43.756-0100][2,404s] GC(4) Concurrent Mark (2,404s)
[2021-11-25T01:28:43.756-0100][2,404s] GC(4) Concurrent Mark From Roots
[2021-11-25T01:28:43.756-0100][2,404s] GC(4) Using 3 workers of 3 for marking
[2021-11-25T01:28:43.760-0100][2,407s] GC(4) Concurrent Mark From Roots 3,444ms
[2021-11-25T01:28:43.760-0100][2,407s] GC(4) Concurrent Preclean
[2021-11-25T01:28:43.760-0100][2,407s] GC(4) Concurrent Preclean 0,030ms
[2021-11-25T01:28:43.760-0100][2,407s] GC(4) Concurrent Mark (2,404s, 2,407s) 3,543ms
[2021-11-25T01:28:43.760-0100][2,408s] GC(4) Pause Remark
[2021-11-25T01:28:43.761-0100][2,409s] GC(4) Cleaned string and symbol table, strings: 15503 processed, 0 removed, symbols: 113338 processed, 40 removed
[2021-11-25T01:28:43.761-0100][2,409s] GC(4) Pause Remark 26M->26M(512M) 1,372ms
[2021-11-25T01:28:43.761-0100][2,409s] GC(4) User=0,01s Sys=0,00s Real=0,00s
[2021-11-25T01:28:43.761-0100][2,409s] GC(4) Concurrent Rebuild Remembered Sets
[2021-11-25T01:28:43.764-0100][2,411s] GC(4) Concurrent Rebuild Remembered Sets 2,539ms
[2021-11-25T01:28:43.764-0100][2,412s] GC(4) Pause Cleanup
[2021-11-25T01:28:43.764-0100][2,412s] GC(4) Pause Cleanup 26M->26M(512M) 0,093ms
[2021-11-25T01:28:43.764-0100][2,412s] GC(4) User=0,00s Sys=0,00s Real=0,00s
[2021-11-25T01:28:43.764-0100][2,412s] GC(4) Concurrent Cleanup for Next Mark
[2021-11-25T01:28:43.765-0100][2,412s] GC(4) Concurrent Cleanup for Next Mark 0,636ms
[2021-11-25T01:28:43.765-0100][2,412s] GC(4) Concurrent Cycle 11,898ms
[2021-11-25T01:28:44.776-0100][3,424s] GC(5) Pause Young (Normal) (GCLocker Initiated GC)
[2021-11-25T01:28:44.776-0100][3,424s] GC(5) Using 10 workers of 10 for evacuation
[2021-11-25T01:28:44.788-0100][3,436s] GC(5)   Pre Evacuate Collection Set: 0,0ms
[2021-11-25T01:28:44.788-0100][3,436s] GC(5)   Evacuate Collection Set: 11,2ms
[2021-11-25T01:28:44.788-0100][3,436s] GC(5)   Post Evacuate Collection Set: 0,8ms
[2021-11-25T01:28:44.788-0100][3,436s] GC(5)   Other: 0,1ms
[2021-11-25T01:28:44.788-0100][3,436s] GC(5) Eden regions: 125->0(289)
[2021-11-25T01:28:44.788-0100][3,436s] GC(5) Survivor regions: 22->18(19)
[2021-11-25T01:28:44.788-0100][3,436s] GC(5) Old regions: 0->12
[2021-11-25T01:28:44.788-0100][3,436s] GC(5) Humongous regions: 5->4
[2021-11-25T01:28:44.788-0100][3,436s] GC(5) Metaspace: 48571K->48571K(1093632K)
[2021-11-25T01:28:44.788-0100][3,436s] GC(5) Pause Young (Normal) (GCLocker Initiated GC) 151M->32M(512M) 12,295ms
[2021-11-25T01:28:44.788-0100][3,436s] GC(5) User=0,13s Sys=0,00s Real=0,01s
[2021-11-25T01:28:46.043-0100][4,691s] GC(6) Pause Young (Concurrent Start) (Metadata GC Threshold)
[2021-11-25T01:28:46.043-0100][4,691s] GC(6) Using 10 workers of 10 for evacuation
[2021-11-25T01:28:46.058-0100][4,706s] GC(6)   Pre Evacuate Collection Set: 0,1ms
[2021-11-25T01:28:46.058-0100][4,706s] GC(6)   Evacuate Collection Set: 13,7ms
[2021-11-25T01:28:46.058-0100][4,706s] GC(6)   Post Evacuate Collection Set: 0,8ms
[2021-11-25T01:28:46.058-0100][4,706s] GC(6)   Other: 0,3ms
[2021-11-25T01:28:46.058-0100][4,706s] GC(6) Eden regions: 286->0(276)
[2021-11-25T01:28:46.058-0100][4,706s] GC(6) Survivor regions: 18->31(39)
[2021-11-25T01:28:46.058-0100][4,706s] GC(6) Old regions: 12->12
[2021-11-25T01:28:46.058-0100][4,706s] GC(6) Humongous regions: 4->4
[2021-11-25T01:28:46.058-0100][4,706s] GC(6) Metaspace: 58559K->58559K(1101824K)
[2021-11-25T01:28:46.058-0100][4,706s] GC(6) Pause Young (Concurrent Start) (Metadata GC Threshold) 318M->46M(512M) 14,992ms
[2021-11-25T01:28:46.058-0100][4,706s] GC(6) User=0,12s Sys=0,00s Real=0,01s
[2021-11-25T01:28:46.058-0100][4,706s] GC(7) Concurrent Cycle
[2021-11-25T01:28:46.058-0100][4,706s] GC(7) Concurrent Clear Claimed Marks
[2021-11-25T01:28:46.058-0100][4,706s] GC(7) Concurrent Clear Claimed Marks 0,082ms
[2021-11-25T01:28:46.058-0100][4,706s] GC(7) Concurrent Scan Root Regions
[2021-11-25T01:28:46.066-0100][4,714s] GC(7) Concurrent Scan Root Regions 8,042ms
[2021-11-25T01:28:46.066-0100][4,714s] GC(7) Concurrent Mark (4,714s)
[2021-11-25T01:28:46.066-0100][4,714s] GC(7) Concurrent Mark From Roots
[2021-11-25T01:28:46.066-0100][4,714s] GC(7) Using 3 workers of 3 for marking
[2021-11-25T01:28:46.076-0100][4,724s] GC(7) Concurrent Mark From Roots 9,513ms
[2021-11-25T01:28:46.076-0100][4,724s] GC(7) Concurrent Preclean
[2021-11-25T01:28:46.076-0100][4,724s] GC(7) Concurrent Preclean 0,309ms
[2021-11-25T01:28:46.076-0100][4,724s] GC(7) Concurrent Mark (4,714s, 4,724s) 9,953ms
[2021-11-25T01:28:46.077-0100][4,724s] GC(7) Pause Remark
[2021-11-25T01:28:46.080-0100][4,727s] GC(7) Cleaned string and symbol table, strings: 28945 processed, 22 removed, symbols: 177989 processed, 591 removed
[2021-11-25T01:28:46.080-0100][4,728s] GC(7) Pause Remark 52M->52M(512M) 3,291ms
[2021-11-25T01:28:46.080-0100][4,728s] GC(7) User=0,03s Sys=0,00s Real=0,01s
[2021-11-25T01:28:46.080-0100][4,728s] GC(7) Concurrent Rebuild Remembered Sets
[2021-11-25T01:28:46.087-0100][4,735s] GC(7) Concurrent Rebuild Remembered Sets 7,429ms
[2021-11-25T01:28:46.088-0100][4,735s] GC(7) Pause Cleanup
[2021-11-25T01:28:46.088-0100][4,735s] GC(7) Pause Cleanup 55M->55M(512M) 0,120ms
[2021-11-25T01:28:46.088-0100][4,735s] GC(7) User=0,00s Sys=0,00s Real=0,00s
[2021-11-25T01:28:46.088-0100][4,735s] GC(7) Concurrent Cleanup for Next Mark
[2021-11-25T01:28:46.089-0100][4,736s] GC(7) Concurrent Cleanup for Next Mark 0,865ms
[2021-11-25T01:28:46.089-0100][4,736s] GC(7) Concurrent Cycle 30,416ms
[2021-11-25T01:46:47.839-0100][1086,510s] GC(8) Pause Young (Normal) (G1 Evacuation Pause)
[2021-11-25T01:46:47.840-0100][1086,510s] GC(8) Using 10 workers of 10 for evacuation
[2021-11-25T01:46:47.856-0100][1086,527s] GC(8)   Pre Evacuate Collection Set: 0,0ms
[2021-11-25T01:46:47.867-0100][1086,537s] GC(8)   Evacuate Collection Set: 14,5ms
[2021-11-25T01:46:47.867-0100][1086,537s] GC(8)   Post Evacuate Collection Set: 1,2ms
[2021-11-25T01:46:47.867-0100][1086,537s] GC(8)   Other: 1,4ms
[2021-11-25T01:46:47.867-0100][1086,537s] GC(8) Eden regions: 276->0(275)
[2021-11-25T01:46:47.867-0100][1086,537s] GC(8) Survivor regions: 31->32(39)
[2021-11-25T01:46:47.867-0100][1086,537s] GC(8) Old regions: 12->27
[2021-11-25T01:46:47.867-0100][1086,537s] GC(8) Humongous regions: 7->7
[2021-11-25T01:46:47.867-0100][1086,537s] GC(8) Metaspace: 66285K->66285K(1110016K)
[2021-11-25T01:46:47.867-0100][1086,538s] GC(8) Pause Young (Normal) (G1 Evacuation Pause) 325M->65M(512M) 28,024ms
[2021-11-25T01:46:47.867-0100][1086,538s] GC(8) User=0,14s Sys=0,00s Real=0,03s
[2021-11-25T21:42:18.388-0100][32482,430s] GC(9) Pause Young (Normal) (G1 Evacuation Pause)
[2021-11-25T21:42:18.392-0100][32482,432s] GC(9) Using 10 workers of 10 for evacuation
[2021-11-25T21:42:18.456-0100][32482,496s] GC(9)   Pre Evacuate Collection Set: 0,8ms
[2021-11-25T21:42:18.456-0100][32482,496s] GC(9)   Evacuate Collection Set: 53,7ms
[2021-11-25T21:42:18.456-0100][32482,496s] GC(9)   Post Evacuate Collection Set: 9,1ms
[2021-11-25T21:42:18.456-0100][32482,496s] GC(9)   Other: 4,0ms
[2021-11-25T21:42:18.456-0100][32482,496s] GC(9) Eden regions: 275->0(294)
[2021-11-25T21:42:18.456-0100][32482,496s] GC(9) Survivor regions: 32->13(39)
[2021-11-25T21:42:18.456-0100][32482,496s] GC(9) Old regions: 27->55
[2021-11-25T21:42:18.456-0100][32482,496s] GC(9) Humongous regions: 7->7
[2021-11-25T21:42:18.456-0100][32482,496s] GC(9) Metaspace: 67644K->67644K(1110016K)
[2021-11-25T21:42:18.456-0100][32482,496s] GC(9) Pause Young (Normal) (G1 Evacuation Pause) 340M->74M(512M) 67,667ms
[2021-11-25T21:42:18.456-0100][32482,496s] GC(9) User=0,12s Sys=0,27s Real=0,07s
[2021-11-25T21:45:55.100-0100][32699,143s] Heap
[2021-11-25T21:45:55.100-0100][32699,143s]  garbage-first heap   total 524288K, used 99431K [0x00000007e0000000, 0x0000000800000000)
[2021-11-25T21:45:55.100-0100][32699,143s]   region size 1024K, 37 young (37888K), 13 survivors (13312K)
[2021-11-25T21:45:55.100-0100][32699,143s]  Metaspace       used 67932K, capacity 69620K, committed 69796K, reserved 1112064K
[2021-11-25T21:45:55.100-0100][32699,143s]   class space    used 7615K, capacity 8270K, committed 8320K, reserved 1048576K
