[2021-11-24T01:41:52.424-0100][0.009s] Heap region size: 1M
[2021-11-24T01:41:52.799-0100][0.384s] Using G1
[2021-11-24T01:41:52.799-0100][0.384s] Heap address: 0x00000007e0000000, size: 512 MB, Compressed Oops mode: Zero based, Oop shift amount: 3
[2021-11-24T01:41:53.210-0100][0,796s] GC(0) Pause Young (Normal) (G1 Evacuation Pause)
[2021-11-24T01:41:53.210-0100][0,796s] GC(0) Using 10 workers of 10 for evacuation
[2021-11-24T01:41:53.213-0100][0,798s] GC(0)   Pre Evacuate Collection Set: 0,0ms
[2021-11-24T01:41:53.213-0100][0,798s] GC(0)   Evacuate Collection Set: 1,7ms
[2021-11-24T01:41:53.213-0100][0,798s] GC(0)   Post Evacuate Collection Set: 0,3ms
[2021-11-24T01:41:53.213-0100][0,798s] GC(0)   Other: 0,5ms
[2021-11-24T01:41:53.213-0100][0,798s] GC(0) Eden regions: 30->0(304)
[2021-11-24T01:41:53.213-0100][0,798s] GC(0) Survivor regions: 0->3(4)
[2021-11-24T01:41:53.213-0100][0,798s] GC(0) Old regions: 0->0
[2021-11-24T01:41:53.213-0100][0,798s] GC(0) Humongous regions: 0->0
[2021-11-24T01:41:53.213-0100][0,798s] GC(0) Metaspace: 12872K->12872K(1060864K)
[2021-11-24T01:41:53.213-0100][0,798s] GC(0) Pause Young (Normal) (G1 Evacuation Pause) 30M->2M(512M) 2,707ms
[2021-11-24T01:41:53.213-0100][0,798s] GC(0) User=0,02s Sys=0,00s Real=0,00s
[2021-11-24T01:41:53.549-0100][1,135s] GC(1) Pause Young (Concurrent Start) (Metadata GC Threshold)
[2021-11-24T01:41:53.549-0100][1,135s] GC(1) Using 10 workers of 10 for evacuation
[2021-11-24T01:41:53.558-0100][1,143s] GC(1)   Pre Evacuate Collection Set: 0,0ms
[2021-11-24T01:41:53.558-0100][1,144s] GC(1)   Evacuate Collection Set: 8,1ms
[2021-11-24T01:41:53.558-0100][1,144s] GC(1)   Post Evacuate Collection Set: 0,4ms
[2021-11-24T01:41:53.558-0100][1,144s] GC(1)   Other: 0,2ms
[2021-11-24T01:41:53.558-0100][1,144s] GC(1) Eden regions: 26->0(68)
[2021-11-24T01:41:53.558-0100][1,144s] GC(1) Survivor regions: 3->12(39)
[2021-11-24T01:41:53.558-0100][1,144s] GC(1) Old regions: 0->0
[2021-11-24T01:41:53.558-0100][1,144s] GC(1) Humongous regions: 4->4
[2021-11-24T01:41:53.558-0100][1,144s] GC(1) Metaspace: 20627K->20627K(1069056K)
[2021-11-24T01:41:53.558-0100][1,144s] GC(1) Pause Young (Concurrent Start) (Metadata GC Threshold) 32M->15M(512M) 8,792ms
[2021-11-24T01:41:53.558-0100][1,144s] GC(1) User=0,05s Sys=0,00s Real=0,01s
[2021-11-24T01:41:53.558-0100][1,144s] GC(2) Concurrent Cycle
[2021-11-24T01:41:53.558-0100][1,144s] GC(2) Concurrent Clear Claimed Marks
[2021-11-24T01:41:53.558-0100][1,144s] GC(2) Concurrent Clear Claimed Marks 0,020ms
[2021-11-24T01:41:53.558-0100][1,144s] GC(2) Concurrent Scan Root Regions
[2021-11-24T01:41:53.560-0100][1,146s] GC(2) Concurrent Scan Root Regions 2,242ms
[2021-11-24T01:41:53.561-0100][1,146s] GC(2) Concurrent Mark (1,146s)
[2021-11-24T01:41:53.561-0100][1,146s] GC(2) Concurrent Mark From Roots
[2021-11-24T01:41:53.561-0100][1,146s] GC(2) Using 3 workers of 3 for marking
[2021-11-24T01:41:53.561-0100][1,147s] GC(2) Concurrent Mark From Roots 0,674ms
[2021-11-24T01:41:53.561-0100][1,147s] GC(2) Concurrent Preclean
[2021-11-24T01:41:53.561-0100][1,147s] GC(2) Concurrent Preclean 0,030ms
[2021-11-24T01:41:53.561-0100][1,147s] GC(2) Concurrent Mark (1,146s, 1,147s) 0,756ms
[2021-11-24T01:41:53.561-0100][1,147s] GC(2) Pause Remark
[2021-11-24T01:41:53.562-0100][1,148s] GC(2) Cleaned string and symbol table, strings: 9991 processed, 0 removed, symbols: 67833 processed, 18 removed
[2021-11-24T01:41:53.562-0100][1,148s] GC(2) Pause Remark 16M->16M(512M) 0,972ms
[2021-11-24T01:41:53.562-0100][1,148s] GC(2) User=0,01s Sys=0,00s Real=0,00s
[2021-11-24T01:41:53.562-0100][1,148s] GC(2) Concurrent Rebuild Remembered Sets
[2021-11-24T01:41:53.565-0100][1,150s] GC(2) Concurrent Rebuild Remembered Sets 2,158ms
[2021-11-24T01:41:53.565-0100][1,150s] GC(2) Pause Cleanup
[2021-11-24T01:41:53.565-0100][1,150s] GC(2) Pause Cleanup 16M->16M(512M) 0,098ms
[2021-11-24T01:41:53.565-0100][1,150s] GC(2) User=0,00s Sys=0,00s Real=0,00s
[2021-11-24T01:41:53.565-0100][1,150s] GC(2) Concurrent Cleanup for Next Mark
[2021-11-24T01:41:53.566-0100][1,151s] GC(2) Concurrent Cleanup for Next Mark 0,718ms
[2021-11-24T01:41:53.566-0100][1,151s] GC(2) Concurrent Cycle 7,398ms
[2021-11-24T01:41:54.001-0100][1,587s] GC(3) Pause Young (Normal) (G1 Evacuation Pause)
[2021-11-24T01:41:54.001-0100][1,587s] GC(3) Using 10 workers of 10 for evacuation
[2021-11-24T01:41:54.008-0100][1,594s] GC(3)   Pre Evacuate Collection Set: 0,0ms
[2021-11-24T01:41:54.008-0100][1,594s] GC(3)   Evacuate Collection Set: 6,4ms
[2021-11-24T01:41:54.008-0100][1,594s] GC(3)   Post Evacuate Collection Set: 0,4ms
[2021-11-24T01:41:54.008-0100][1,594s] GC(3)   Other: 0,1ms
[2021-11-24T01:41:54.008-0100][1,594s] GC(3) Eden regions: 43->0(67)
[2021-11-24T01:41:54.008-0100][1,594s] GC(3) Survivor regions: 12->7(7)
[2021-11-24T01:41:54.008-0100][1,594s] GC(3) Old regions: 0->13
[2021-11-24T01:41:54.008-0100][1,594s] GC(3) Humongous regions: 4->4
[2021-11-24T01:41:54.008-0100][1,594s] GC(3) Metaspace: 25764K->25764K(1073152K)
[2021-11-24T01:41:54.008-0100][1,594s] GC(3) Pause Young (Normal) (G1 Evacuation Pause) 58M->23M(512M) 7,097ms
[2021-11-24T01:41:54.008-0100][1,594s] GC(3) User=0,06s Sys=0,00s Real=0,00s
[2021-11-24T01:41:54.819-0100][2,405s] GC(4) Pause Young (Normal) (G1 Evacuation Pause)
[2021-11-24T01:41:54.819-0100][2,405s] GC(4) Using 10 workers of 10 for evacuation
[2021-11-24T01:41:54.821-0100][2,406s] GC(4)   Pre Evacuate Collection Set: 0,0ms
[2021-11-24T01:41:54.821-0100][2,406s] GC(4)   Evacuate Collection Set: 1,5ms
[2021-11-24T01:41:54.821-0100][2,406s] GC(4)   Post Evacuate Collection Set: 0,2ms
[2021-11-24T01:41:54.821-0100][2,406s] GC(4)   Other: 0,1ms
[2021-11-24T01:41:54.821-0100][2,406s] GC(4) Eden regions: 67->0(112)
[2021-11-24T01:41:54.821-0100][2,406s] GC(4) Survivor regions: 7->2(10)
[2021-11-24T01:41:54.821-0100][2,406s] GC(4) Old regions: 13->21
[2021-11-24T01:41:54.821-0100][2,406s] GC(4) Humongous regions: 4->4
[2021-11-24T01:41:54.821-0100][2,406s] GC(4) Metaspace: 32754K->32754K(1079296K)
[2021-11-24T01:41:54.821-0100][2,406s] GC(4) Pause Young (Normal) (G1 Evacuation Pause) 90M->25M(512M) 1,913ms
[2021-11-24T01:41:54.821-0100][2,406s] GC(4) User=0,02s Sys=0,00s Real=0,01s
[2021-11-24T01:41:54.973-0100][2,558s] GC(5) Pause Young (Concurrent Start) (Metadata GC Threshold)
[2021-11-24T01:41:54.973-0100][2,559s] GC(5) Using 10 workers of 10 for evacuation
[2021-11-24T01:41:54.975-0100][2,561s] GC(5)   Pre Evacuate Collection Set: 0,0ms
[2021-11-24T01:41:54.975-0100][2,561s] GC(5)   Evacuate Collection Set: 1,7ms
[2021-11-24T01:41:54.975-0100][2,561s] GC(5)   Post Evacuate Collection Set: 0,1ms
[2021-11-24T01:41:54.975-0100][2,561s] GC(5)   Other: 0,2ms
[2021-11-24T01:41:54.975-0100][2,561s] GC(5) Eden regions: 14->0(123)
[2021-11-24T01:41:54.975-0100][2,561s] GC(5) Survivor regions: 2->2(15)
[2021-11-24T01:41:54.975-0100][2,561s] GC(5) Old regions: 21->21
[2021-11-24T01:41:54.975-0100][2,561s] GC(5) Humongous regions: 4->4
[2021-11-24T01:41:54.975-0100][2,561s] GC(5) Metaspace: 34815K->34815K(1081344K)
[2021-11-24T01:41:54.975-0100][2,561s] GC(5) Pause Young (Concurrent Start) (Metadata GC Threshold) 39M->25M(512M) 2,178ms
[2021-11-24T01:41:54.975-0100][2,561s] GC(5) User=0,02s Sys=0,00s Real=0,00s
[2021-11-24T01:41:54.975-0100][2,561s] GC(6) Concurrent Cycle
[2021-11-24T01:41:54.975-0100][2,561s] GC(6) Concurrent Clear Claimed Marks
[2021-11-24T01:41:54.975-0100][2,561s] GC(6) Concurrent Clear Claimed Marks 0,025ms
[2021-11-24T01:41:54.975-0100][2,561s] GC(6) Concurrent Scan Root Regions
[2021-11-24T01:41:54.976-0100][2,562s] GC(6) Concurrent Scan Root Regions 0,964ms
[2021-11-24T01:41:54.976-0100][2,562s] GC(6) Concurrent Mark (2,562s)
[2021-11-24T01:41:54.976-0100][2,562s] GC(6) Concurrent Mark From Roots
[2021-11-24T01:41:54.976-0100][2,562s] GC(6) Using 3 workers of 3 for marking
[2021-11-24T01:41:54.988-0100][2,574s] GC(6) Concurrent Mark From Roots 12,052ms
[2021-11-24T01:41:54.988-0100][2,574s] GC(6) Concurrent Preclean
[2021-11-24T01:41:54.988-0100][2,574s] GC(6) Concurrent Preclean 0,125ms
[2021-11-24T01:41:54.989-0100][2,574s] GC(6) Concurrent Mark (2,562s, 2,574s) 12,257ms
[2021-11-24T01:41:54.989-0100][2,574s] GC(6) Pause Remark
[2021-11-24T01:41:54.991-0100][2,577s] GC(6) Cleaned string and symbol table, strings: 16075 processed, 25 removed, symbols: 113383 processed, 40 removed
[2021-11-24T01:41:54.991-0100][2,577s] GC(6) Pause Remark 27M->27M(512M) 2,420ms
[2021-11-24T01:41:54.991-0100][2,577s] GC(6) User=0,03s Sys=0,00s Real=0,01s
[2021-11-24T01:41:54.991-0100][2,577s] GC(6) Concurrent Rebuild Remembered Sets
[2021-11-24T01:41:54.998-0100][2,584s] GC(6) Concurrent Rebuild Remembered Sets 7,071ms
[2021-11-24T01:41:54.999-0100][2,584s] GC(6) Pause Cleanup
[2021-11-24T01:41:54.999-0100][2,584s] GC(6) Pause Cleanup 28M->28M(512M) 0,112ms
[2021-11-24T01:41:54.999-0100][2,584s] GC(6) User=0,00s Sys=0,00s Real=0,00s
[2021-11-24T01:41:54.999-0100][2,584s] GC(6) Concurrent Cleanup for Next Mark
[2021-11-24T01:41:55.000-0100][2,585s] GC(6) Concurrent Cleanup for Next Mark 0,696ms
[2021-11-24T01:41:55.000-0100][2,585s] GC(6) Concurrent Cycle 24,477ms
[2021-11-24T01:42:20.675-0100][28,261s] GC(7) Pause Young (Normal) (G1 Evacuation Pause)
[2021-11-24T01:42:20.676-0100][28,261s] GC(7) Using 10 workers of 10 for evacuation
[2021-11-24T01:42:20.680-0100][28,266s] GC(7)   Pre Evacuate Collection Set: 0,0ms
[2021-11-24T01:42:20.680-0100][28,266s] GC(7)   Evacuate Collection Set: 3,7ms
[2021-11-24T01:42:20.680-0100][28,266s] GC(7)   Post Evacuate Collection Set: 0,4ms
[2021-11-24T01:42:20.680-0100][28,266s] GC(7)   Other: 0,6ms
[2021-11-24T01:42:20.680-0100][28,266s] GC(7) Eden regions: 123->0(214)
[2021-11-24T01:42:20.680-0100][28,266s] GC(7) Survivor regions: 2->9(16)
[2021-11-24T01:42:20.680-0100][28,266s] GC(7) Old regions: 21->21
[2021-11-24T01:42:20.680-0100][28,266s] GC(7) Humongous regions: 5->4
[2021-11-24T01:42:20.680-0100][28,266s] GC(7) Metaspace: 47747K->47747K(1093632K)
[2021-11-24T01:42:20.680-0100][28,266s] GC(7) Pause Young (Normal) (G1 Evacuation Pause) 149M->33M(512M) 4,829ms
[2021-11-24T01:42:20.680-0100][28,266s] GC(7) User=0,04s Sys=0,00s Real=0,01s
[2021-11-24T01:42:21.797-0100][29,382s] GC(8) Pause Young (Normal) (G1 Evacuation Pause)
[2021-11-24T01:42:21.797-0100][29,382s] GC(8) Using 10 workers of 10 for evacuation
[2021-11-24T01:42:21.804-0100][29,389s] GC(8)   Pre Evacuate Collection Set: 0,0ms
[2021-11-24T01:42:21.804-0100][29,389s] GC(8)   Evacuate Collection Set: 6,3ms
[2021-11-24T01:42:21.804-0100][29,389s] GC(8)   Post Evacuate Collection Set: 0,5ms
[2021-11-24T01:42:21.804-0100][29,389s] GC(8)   Other: 0,2ms
[2021-11-24T01:42:21.804-0100][29,389s] GC(8) Eden regions: 214->0(263)
[2021-11-24T01:42:21.804-0100][29,389s] GC(8) Survivor regions: 9->18(28)
[2021-11-24T01:42:21.804-0100][29,389s] GC(8) Old regions: 21->21
[2021-11-24T01:42:21.804-0100][29,389s] GC(8) Humongous regions: 4->4
[2021-11-24T01:42:21.804-0100][29,389s] GC(8) Metaspace: 55456K->55456K(1099776K)
[2021-11-24T01:42:21.804-0100][29,389s] GC(8) Pause Young (Normal) (G1 Evacuation Pause) 247M->41M(512M) 7,126ms
[2021-11-24T01:42:21.804-0100][29,389s] GC(8) User=0,07s Sys=0,00s Real=0,01s
[2021-11-24T01:42:22.077-0100][29,662s] GC(9) Pause Young (Concurrent Start) (Metadata GC Threshold)
[2021-11-24T01:42:22.077-0100][29,663s] GC(9) Using 10 workers of 10 for evacuation
[2021-11-24T01:42:22.091-0100][29,676s] GC(9)   Pre Evacuate Collection Set: 0,1ms
[2021-11-24T01:42:22.091-0100][29,677s] GC(9)   Evacuate Collection Set: 12,8ms
[2021-11-24T01:42:22.091-0100][29,677s] GC(9)   Post Evacuate Collection Set: 0,4ms
[2021-11-24T01:42:22.091-0100][29,677s] GC(9)   Other: 0,9ms
[2021-11-24T01:42:22.091-0100][29,677s] GC(9) Eden regions: 36->0(267)
[2021-11-24T01:42:22.091-0100][29,677s] GC(9) Survivor regions: 18->20(36)
[2021-11-24T01:42:22.091-0100][29,677s] GC(9) Old regions: 21->21
[2021-11-24T01:42:22.091-0100][29,677s] GC(9) Humongous regions: 4->4
[2021-11-24T01:42:22.091-0100][29,677s] GC(9) Metaspace: 58764K->58764K(1101824K)
[2021-11-24T01:42:22.091-0100][29,677s] GC(9) Pause Young (Concurrent Start) (Metadata GC Threshold) 77M->43M(512M) 14,459ms
[2021-11-24T01:42:22.091-0100][29,677s] GC(9) User=0,09s Sys=0,00s Real=0,02s
[2021-11-24T01:42:22.091-0100][29,677s] GC(10) Concurrent Cycle
[2021-11-24T01:42:22.091-0100][29,677s] GC(10) Concurrent Clear Claimed Marks
[2021-11-24T01:42:22.091-0100][29,677s] GC(10) Concurrent Clear Claimed Marks 0,161ms
[2021-11-24T01:42:22.091-0100][29,677s] GC(10) Concurrent Scan Root Regions
[2021-11-24T01:42:22.096-0100][29,682s] GC(10) Concurrent Scan Root Regions 4,854ms
[2021-11-24T01:42:22.096-0100][29,682s] GC(10) Concurrent Mark (29,682s)
[2021-11-24T01:42:22.096-0100][29,682s] GC(10) Concurrent Mark From Roots
[2021-11-24T01:42:22.096-0100][29,682s] GC(10) Using 3 workers of 3 for marking
[2021-11-24T01:42:22.106-0100][29,692s] GC(10) Concurrent Mark From Roots 9,928ms
[2021-11-24T01:42:22.106-0100][29,692s] GC(10) Concurrent Preclean
[2021-11-24T01:42:22.106-0100][29,692s] GC(10) Concurrent Preclean 0,080ms
[2021-11-24T01:42:22.106-0100][29,692s] GC(10) Concurrent Mark (29,682s, 29,692s) 10,073ms
[2021-11-24T01:42:22.107-0100][29,692s] GC(10) Pause Remark
[2021-11-24T01:42:22.110-0100][29,695s] GC(10) Cleaned string and symbol table, strings: 28439 processed, 1 removed, symbols: 177613 processed, 577 removed
[2021-11-24T01:42:22.110-0100][29,695s] GC(10) Pause Remark 45M->45M(512M) 3,308ms
[2021-11-24T01:42:22.110-0100][29,695s] GC(10) User=0,03s Sys=0,00s Real=0,01s
[2021-11-24T01:42:22.110-0100][29,695s] GC(10) Concurrent Rebuild Remembered Sets
[2021-11-24T01:42:22.116-0100][29,701s] GC(10) Concurrent Rebuild Remembered Sets 5,600ms
[2021-11-24T01:42:22.116-0100][29,701s] GC(10) Pause Cleanup
[2021-11-24T01:42:22.116-0100][29,701s] GC(10) Pause Cleanup 46M->46M(512M) 0,121ms
[2021-11-24T01:42:22.116-0100][29,701s] GC(10) User=0,00s Sys=0,00s Real=0,00s
[2021-11-24T01:42:22.116-0100][29,701s] GC(10) Concurrent Cleanup for Next Mark
[2021-11-24T01:42:22.117-0100][29,702s] GC(10) Concurrent Cleanup for Next Mark 0,615ms
[2021-11-24T01:42:22.117-0100][29,702s] GC(10) Concurrent Cycle 25,291ms
[2021-11-24T01:55:45.427-0100][833,011s] Heap
[2021-11-24T01:55:45.428-0100][833,012s]  garbage-first heap   total 524288K, used 259652K [0x00000007e0000000, 0x0000000800000000)
[2021-11-24T01:55:45.428-0100][833,012s]   region size 1024K, 232 young (237568K), 20 survivors (20480K)
[2021-11-24T01:55:45.428-0100][833,012s]  Metaspace       used 63909K, capacity 65550K, committed 65664K, reserved 1107968K
[2021-11-24T01:55:45.428-0100][833,012s]   class space    used 7374K, capacity 8026K, committed 8064K, reserved 1048576K
