[2021-11-24T18:10:31.170-0100][0.009s] Heap region size: 1M
[2021-11-24T18:10:31.378-0100][0.218s] Using G1
[2021-11-24T18:10:31.378-0100][0.218s] Heap address: 0x00000007e0000000, size: 512 MB, Compressed Oops mode: Zero based, Oop shift amount: 3
[2021-11-24T18:10:31.778-0100][0,617s] GC(0) Pause Young (Normal) (G1 Evacuation Pause)
[2021-11-24T18:10:31.778-0100][0,617s] GC(0) Using 10 workers of 10 for evacuation
[2021-11-24T18:10:31.781-0100][0,620s] GC(0)   Pre Evacuate Collection Set: 0,0ms
[2021-11-24T18:10:31.781-0100][0,620s] GC(0)   Evacuate Collection Set: 2,0ms
[2021-11-24T18:10:31.781-0100][0,620s] GC(0)   Post Evacuate Collection Set: 0,3ms
[2021-11-24T18:10:31.781-0100][0,620s] GC(0)   Other: 0,6ms
[2021-11-24T18:10:31.781-0100][0,620s] GC(0) Eden regions: 30->0(304)
[2021-11-24T18:10:31.781-0100][0,620s] GC(0) Survivor regions: 0->3(4)
[2021-11-24T18:10:31.781-0100][0,620s] GC(0) Old regions: 0->0
[2021-11-24T18:10:31.781-0100][0,620s] GC(0) Humongous regions: 0->0
[2021-11-24T18:10:31.781-0100][0,620s] GC(0) Metaspace: 13246K->13246K(1060864K)
[2021-11-24T18:10:31.781-0100][0,620s] GC(0) Pause Young (Normal) (G1 Evacuation Pause) 30M->2M(512M) 3,060ms
[2021-11-24T18:10:31.781-0100][0,620s] GC(0) User=0,02s Sys=0,00s Real=0,01s
[2021-11-24T18:10:32.120-0100][0,959s] GC(1) Pause Young (Concurrent Start) (Metadata GC Threshold)
[2021-11-24T18:10:32.120-0100][0,959s] GC(1) Using 10 workers of 10 for evacuation
[2021-11-24T18:10:32.130-0100][0,969s] GC(1)   Pre Evacuate Collection Set: 0,0ms
[2021-11-24T18:10:32.130-0100][0,969s] GC(1)   Evacuate Collection Set: 8,7ms
[2021-11-24T18:10:32.130-0100][0,969s] GC(1)   Post Evacuate Collection Set: 0,5ms
[2021-11-24T18:10:32.130-0100][0,969s] GC(1)   Other: 0,2ms
[2021-11-24T18:10:32.130-0100][0,969s] GC(1) Eden regions: 25->0(64)
[2021-11-24T18:10:32.130-0100][0,969s] GC(1) Survivor regions: 3->12(39)
[2021-11-24T18:10:32.130-0100][0,969s] GC(1) Old regions: 0->0
[2021-11-24T18:10:32.130-0100][0,969s] GC(1) Humongous regions: 4->4
[2021-11-24T18:10:32.130-0100][0,969s] GC(1) Metaspace: 20551K->20551K(1069056K)
[2021-11-24T18:10:32.130-0100][0,969s] GC(1) Pause Young (Concurrent Start) (Metadata GC Threshold) 31M->15M(512M) 9,533ms
[2021-11-24T18:10:32.130-0100][0,969s] GC(1) User=0,05s Sys=0,01s Real=0,01s
[2021-11-24T18:10:32.130-0100][0,969s] GC(2) Concurrent Cycle
[2021-11-24T18:10:32.130-0100][0,969s] GC(2) Concurrent Clear Claimed Marks
[2021-11-24T18:10:32.130-0100][0,969s] GC(2) Concurrent Clear Claimed Marks 0,024ms
[2021-11-24T18:10:32.130-0100][0,969s] GC(2) Concurrent Scan Root Regions
[2021-11-24T18:10:32.132-0100][0,971s] GC(2) Concurrent Scan Root Regions 2,405ms
[2021-11-24T18:10:32.132-0100][0,971s] GC(2) Concurrent Mark (0,971s)
[2021-11-24T18:10:32.132-0100][0,971s] GC(2) Concurrent Mark From Roots
[2021-11-24T18:10:32.132-0100][0,971s] GC(2) Using 3 workers of 3 for marking
[2021-11-24T18:10:32.133-0100][0,972s] GC(2) Concurrent Mark From Roots 0,741ms
[2021-11-24T18:10:32.133-0100][0,972s] GC(2) Concurrent Preclean
[2021-11-24T18:10:32.133-0100][0,972s] GC(2) Concurrent Preclean 0,030ms
[2021-11-24T18:10:32.133-0100][0,972s] GC(2) Concurrent Mark (0,971s, 0,972s) 0,815ms
[2021-11-24T18:10:32.133-0100][0,972s] GC(2) Pause Remark
[2021-11-24T18:10:32.134-0100][0,973s] GC(2) Cleaned string and symbol table, strings: 9981 processed, 0 removed, symbols: 67360 processed, 22 removed
[2021-11-24T18:10:32.134-0100][0,973s] GC(2) Pause Remark 16M->16M(512M) 1,006ms
[2021-11-24T18:10:32.134-0100][0,973s] GC(2) User=0,01s Sys=0,00s Real=0,00s
[2021-11-24T18:10:32.134-0100][0,973s] GC(2) Concurrent Rebuild Remembered Sets
[2021-11-24T18:10:32.137-0100][0,976s] GC(2) Concurrent Rebuild Remembered Sets 2,333ms
[2021-11-24T18:10:32.137-0100][0,976s] GC(2) Pause Cleanup
[2021-11-24T18:10:32.137-0100][0,976s] GC(2) Pause Cleanup 16M->16M(512M) 0,094ms
[2021-11-24T18:10:32.137-0100][0,976s] GC(2) User=0,00s Sys=0,00s Real=0,00s
[2021-11-24T18:10:32.137-0100][0,976s] GC(2) Concurrent Cleanup for Next Mark
[2021-11-24T18:10:32.138-0100][0,977s] GC(2) Concurrent Cleanup for Next Mark 0,659ms
[2021-11-24T18:10:32.138-0100][0,977s] GC(2) Concurrent Cycle 7,827ms
[2021-11-24T18:10:32.489-0100][1,328s] GC(3) Pause Young (Normal) (G1 Evacuation Pause)
[2021-11-24T18:10:32.489-0100][1,329s] GC(3) Using 10 workers of 10 for evacuation
[2021-11-24T18:10:32.497-0100][1,337s] GC(3)   Pre Evacuate Collection Set: 0,0ms
[2021-11-24T18:10:32.497-0100][1,337s] GC(3)   Evacuate Collection Set: 7,4ms
[2021-11-24T18:10:32.497-0100][1,337s] GC(3)   Post Evacuate Collection Set: 0,5ms
[2021-11-24T18:10:32.497-0100][1,337s] GC(3)   Other: 0,1ms
[2021-11-24T18:10:32.497-0100][1,337s] GC(3) Eden regions: 41->0(67)
[2021-11-24T18:10:32.497-0100][1,337s] GC(3) Survivor regions: 12->7(7)
[2021-11-24T18:10:32.497-0100][1,337s] GC(3) Old regions: 0->13
[2021-11-24T18:10:32.497-0100][1,337s] GC(3) Humongous regions: 4->4
[2021-11-24T18:10:32.497-0100][1,337s] GC(3) Metaspace: 25375K->25375K(1073152K)
[2021-11-24T18:10:32.497-0100][1,337s] GC(3) Pause Young (Normal) (G1 Evacuation Pause) 56M->23M(512M) 8,137ms
[2021-11-24T18:10:32.498-0100][1,337s] GC(3) User=0,08s Sys=0,00s Real=0,01s
[2021-11-24T18:10:33.220-0100][2,060s] GC(4) Pause Young (Normal) (G1 Evacuation Pause)
[2021-11-24T18:10:33.220-0100][2,060s] GC(4) Using 10 workers of 10 for evacuation
[2021-11-24T18:10:33.223-0100][2,062s] GC(4)   Pre Evacuate Collection Set: 0,0ms
[2021-11-24T18:10:33.223-0100][2,062s] GC(4)   Evacuate Collection Set: 2,3ms
[2021-11-24T18:10:33.223-0100][2,062s] GC(4)   Post Evacuate Collection Set: 0,2ms
[2021-11-24T18:10:33.223-0100][2,062s] GC(4)   Other: 0,2ms
[2021-11-24T18:10:33.223-0100][2,062s] GC(4) Eden regions: 67->0(112)
[2021-11-24T18:10:33.223-0100][2,062s] GC(4) Survivor regions: 7->2(10)
[2021-11-24T18:10:33.223-0100][2,062s] GC(4) Old regions: 13->21
[2021-11-24T18:10:33.223-0100][2,062s] GC(4) Humongous regions: 4->4
[2021-11-24T18:10:33.223-0100][2,062s] GC(4) Metaspace: 33358K->33358K(1079296K)
[2021-11-24T18:10:33.223-0100][2,062s] GC(4) Pause Young (Normal) (G1 Evacuation Pause) 90M->25M(512M) 2,803ms
[2021-11-24T18:10:33.223-0100][2,062s] GC(4) User=0,02s Sys=0,00s Real=0,00s
[2021-11-24T18:10:33.295-0100][2,134s] GC(5) Pause Young (Concurrent Start) (Metadata GC Threshold)
[2021-11-24T18:10:33.295-0100][2,134s] GC(5) Using 10 workers of 10 for evacuation
[2021-11-24T18:10:33.298-0100][2,137s] GC(5)   Pre Evacuate Collection Set: 0,1ms
[2021-11-24T18:10:33.298-0100][2,137s] GC(5)   Evacuate Collection Set: 2,6ms
[2021-11-24T18:10:33.298-0100][2,137s] GC(5)   Post Evacuate Collection Set: 0,2ms
[2021-11-24T18:10:33.298-0100][2,138s] GC(5)   Other: 0,2ms
[2021-11-24T18:10:33.298-0100][2,138s] GC(5) Eden regions: 7->0(119)
[2021-11-24T18:10:33.298-0100][2,138s] GC(5) Survivor regions: 2->2(15)
[2021-11-24T18:10:33.298-0100][2,138s] GC(5) Old regions: 21->21
[2021-11-24T18:10:33.298-0100][2,138s] GC(5) Humongous regions: 4->4
[2021-11-24T18:10:33.298-0100][2,138s] GC(5) Metaspace: 34573K->34573K(1081344K)
[2021-11-24T18:10:33.298-0100][2,138s] GC(5) Pause Young (Concurrent Start) (Metadata GC Threshold) 32M->25M(512M) 3,178ms
[2021-11-24T18:10:33.298-0100][2,138s] GC(5) User=0,03s Sys=0,00s Real=0,00s
[2021-11-24T18:10:33.299-0100][2,138s] GC(6) Concurrent Cycle
[2021-11-24T18:10:33.299-0100][2,138s] GC(6) Concurrent Clear Claimed Marks
[2021-11-24T18:10:33.299-0100][2,138s] GC(6) Concurrent Clear Claimed Marks 0,045ms
[2021-11-24T18:10:33.299-0100][2,138s] GC(6) Concurrent Scan Root Regions
[2021-11-24T18:10:33.300-0100][2,139s] GC(6) Concurrent Scan Root Regions 1,102ms
[2021-11-24T18:10:33.300-0100][2,139s] GC(6) Concurrent Mark (2,139s)
[2021-11-24T18:10:33.300-0100][2,139s] GC(6) Concurrent Mark From Roots
[2021-11-24T18:10:33.300-0100][2,139s] GC(6) Using 3 workers of 3 for marking
[2021-11-24T18:10:33.312-0100][2,151s] GC(6) Concurrent Mark From Roots 12,461ms
[2021-11-24T18:10:33.312-0100][2,151s] GC(6) Concurrent Preclean
[2021-11-24T18:10:33.312-0100][2,152s] GC(6) Concurrent Preclean 0,109ms
[2021-11-24T18:10:33.312-0100][2,152s] GC(6) Concurrent Mark (2,139s, 2,152s) 12,654ms
[2021-11-24T18:10:33.313-0100][2,152s] GC(6) Pause Remark
[2021-11-24T18:10:33.315-0100][2,154s] GC(6) Cleaned string and symbol table, strings: 15394 processed, 25 removed, symbols: 112924 processed, 40 removed
[2021-11-24T18:10:33.315-0100][2,154s] GC(6) Pause Remark 26M->26M(512M) 2,184ms
[2021-11-24T18:10:33.315-0100][2,154s] GC(6) User=0,02s Sys=0,00s Real=0,00s
[2021-11-24T18:10:33.315-0100][2,154s] GC(6) Concurrent Rebuild Remembered Sets
[2021-11-24T18:10:33.322-0100][2,161s] GC(6) Concurrent Rebuild Remembered Sets 7,421ms
[2021-11-24T18:10:33.322-0100][2,162s] GC(6) Pause Cleanup
[2021-11-24T18:10:33.323-0100][2,162s] GC(6) Pause Cleanup 26M->26M(512M) 0,099ms
[2021-11-24T18:10:33.323-0100][2,162s] GC(6) User=0,00s Sys=0,00s Real=0,00s
[2021-11-24T18:10:33.323-0100][2,162s] GC(6) Concurrent Cleanup for Next Mark
[2021-11-24T18:10:33.323-0100][2,162s] GC(6) Concurrent Cleanup for Next Mark 0,678ms
[2021-11-24T18:10:33.323-0100][2,162s] GC(6) Concurrent Cycle 24,811ms
[2021-11-24T18:11:00.053-0100][28,892s] GC(7) Pause Young (Normal) (G1 Evacuation Pause)
[2021-11-24T18:11:00.053-0100][28,892s] GC(7) Using 10 workers of 10 for evacuation
[2021-11-24T18:11:00.057-0100][28,897s] GC(7)   Pre Evacuate Collection Set: 0,0ms
[2021-11-24T18:11:00.057-0100][28,897s] GC(7)   Evacuate Collection Set: 3,9ms
[2021-11-24T18:11:00.057-0100][28,897s] GC(7)   Post Evacuate Collection Set: 0,5ms
[2021-11-24T18:11:00.057-0100][28,897s] GC(7)   Other: 0,2ms
[2021-11-24T18:11:00.057-0100][28,897s] GC(7) Eden regions: 125->0(225)
[2021-11-24T18:11:00.057-0100][28,897s] GC(7) Survivor regions: 2->9(16)
[2021-11-24T18:11:00.057-0100][28,897s] GC(7) Old regions: 21->21
[2021-11-24T18:11:00.057-0100][28,897s] GC(7) Humongous regions: 5->5
[2021-11-24T18:11:00.057-0100][28,897s] GC(7) Metaspace: 48656K->48656K(1093632K)
[2021-11-24T18:11:00.057-0100][28,897s] GC(7) Pause Young (Normal) (G1 Evacuation Pause) 151M->33M(512M) 4,682ms
[2021-11-24T18:11:00.057-0100][28,897s] GC(7) User=0,05s Sys=0,00s Real=0,00s
[2021-11-24T18:11:00.763-0100][29,602s] GC(8) Pause Young (Normal) (G1 Evacuation Pause)
[2021-11-24T18:11:00.763-0100][29,602s] GC(8) Using 10 workers of 10 for evacuation
[2021-11-24T18:11:00.769-0100][29,609s] GC(8)   Pre Evacuate Collection Set: 0,0ms
[2021-11-24T18:11:00.770-0100][29,609s] GC(8)   Evacuate Collection Set: 6,1ms
[2021-11-24T18:11:00.770-0100][29,609s] GC(8)   Post Evacuate Collection Set: 0,6ms
[2021-11-24T18:11:00.770-0100][29,609s] GC(8)   Other: 0,2ms
[2021-11-24T18:11:00.770-0100][29,609s] GC(8) Eden regions: 225->0(288)
[2021-11-24T18:11:00.770-0100][29,609s] GC(8) Survivor regions: 9->19(30)
[2021-11-24T18:11:00.770-0100][29,609s] GC(8) Old regions: 21->21
[2021-11-24T18:11:00.770-0100][29,609s] GC(8) Humongous regions: 5->4
[2021-11-24T18:11:00.770-0100][29,609s] GC(8) Metaspace: 57200K->57200K(1101824K)
[2021-11-24T18:11:00.770-0100][29,609s] GC(8) Pause Young (Normal) (G1 Evacuation Pause) 258M->42M(512M) 6,930ms
[2021-11-24T18:11:00.770-0100][29,609s] GC(8) User=0,06s Sys=0,00s Real=0,01s
[2021-11-24T18:11:01.843-0100][30,682s] GC(9) Pause Young (Concurrent Start) (Metadata GC Threshold)
[2021-11-24T18:11:01.855-0100][30,695s] GC(9) Using 10 workers of 10 for evacuation
[2021-11-24T18:11:01.878-0100][30,717s] GC(9)   Pre Evacuate Collection Set: 0,1ms
[2021-11-24T18:11:01.878-0100][30,717s] GC(9)   Evacuate Collection Set: 20,7ms
[2021-11-24T18:11:01.878-0100][30,717s] GC(9)   Post Evacuate Collection Set: 1,4ms
[2021-11-24T18:11:01.878-0100][30,717s] GC(9)   Other: 12,7ms
[2021-11-24T18:11:01.878-0100][30,717s] GC(9) Eden regions: 195->0(268)
[2021-11-24T18:11:01.878-0100][30,717s] GC(9) Survivor regions: 19->39(39)
[2021-11-24T18:11:01.878-0100][30,717s] GC(9) Old regions: 21->21
[2021-11-24T18:11:01.878-0100][30,717s] GC(9) Humongous regions: 4->4
[2021-11-24T18:11:01.878-0100][30,717s] GC(9) Metaspace: 58535K->58535K(1101824K)
[2021-11-24T18:11:01.878-0100][30,717s] GC(9) Pause Young (Concurrent Start) (Metadata GC Threshold) 236M->62M(512M) 35,020ms
[2021-11-24T18:11:01.878-0100][30,717s] GC(9) User=0,13s Sys=0,00s Real=0,03s
[2021-11-24T18:11:01.878-0100][30,717s] GC(10) Concurrent Cycle
[2021-11-24T18:11:01.878-0100][30,717s] GC(10) Concurrent Clear Claimed Marks
[2021-11-24T18:11:01.878-0100][30,717s] GC(10) Concurrent Clear Claimed Marks 0,102ms
[2021-11-24T18:11:01.878-0100][30,717s] GC(10) Concurrent Scan Root Regions
[2021-11-24T18:11:01.889-0100][30,729s] GC(10) Concurrent Scan Root Regions 11,309ms
[2021-11-24T18:11:01.905-0100][30,744s] GC(10) Concurrent Mark (30,744s)
[2021-11-24T18:11:01.905-0100][30,745s] GC(10) Concurrent Mark From Roots
[2021-11-24T18:11:01.905-0100][30,745s] GC(10) Using 3 workers of 3 for marking
[2021-11-24T18:11:01.918-0100][30,757s] GC(10) Concurrent Mark From Roots 12,623ms
[2021-11-24T18:11:01.932-0100][30,772s] GC(10) Concurrent Preclean
[2021-11-24T18:11:01.932-0100][30,772s] GC(10) Concurrent Preclean 0,178ms
[2021-11-24T18:11:01.933-0100][30,772s] GC(10) Concurrent Mark (30,744s, 30,772s) 27,486ms
[2021-11-24T18:11:01.933-0100][30,772s] GC(10) Pause Remark
[2021-11-24T18:11:01.936-0100][30,775s] GC(10) Cleaned string and symbol table, strings: 30728 processed, 1 removed, symbols: 177596 processed, 591 removed
[2021-11-24T18:11:01.936-0100][30,775s] GC(10) Pause Remark 70M->70M(512M) 3,171ms
[2021-11-24T18:11:01.936-0100][30,775s] GC(10) User=0,03s Sys=0,00s Real=0,00s
[2021-11-24T18:11:01.936-0100][30,775s] GC(10) Concurrent Rebuild Remembered Sets
[2021-11-24T18:11:01.945-0100][30,784s] GC(10) Concurrent Rebuild Remembered Sets 8,703ms
[2021-11-24T18:11:01.965-0100][30,805s] GC(10) Pause Cleanup
[2021-11-24T18:11:01.965-0100][30,805s] GC(10) Pause Cleanup 72M->72M(512M) 0,110ms
[2021-11-24T18:11:01.966-0100][30,805s] GC(10) User=0,00s Sys=0,00s Real=0,00s
[2021-11-24T18:11:01.966-0100][30,805s] GC(10) Concurrent Cleanup for Next Mark
[2021-11-24T18:11:01.967-0100][30,807s] GC(10) Concurrent Cleanup for Next Mark 1,862ms
[2021-11-24T18:11:01.968-0100][30,807s] GC(10) Concurrent Cycle 89,745ms
[2021-11-24T18:31:41.923-0100][1270,773s] GC(11) Pause Young (Concurrent Start) (G1 Evacuation Pause)
[2021-11-24T18:31:41.924-0100][1270,774s] GC(11) Using 10 workers of 10 for evacuation
[2021-11-24T18:31:41.959-0100][1270,810s] GC(11)   Pre Evacuate Collection Set: 0,1ms
[2021-11-24T18:31:41.976-0100][1270,827s] GC(11)   Evacuate Collection Set: 34,3ms
[2021-11-24T18:31:41.976-0100][1270,827s] GC(11)   Post Evacuate Collection Set: 0,8ms
[2021-11-24T18:31:41.976-0100][1270,827s] GC(11)   Other: 0,8ms
[2021-11-24T18:31:41.976-0100][1270,827s] GC(11) Eden regions: 268->0(289)
[2021-11-24T18:31:41.976-0100][1270,827s] GC(11) Survivor regions: 39->18(39)
[2021-11-24T18:31:41.976-0100][1270,827s] GC(11) Old regions: 21->50
[2021-11-24T18:31:41.976-0100][1270,827s] GC(11) Humongous regions: 7->7
[2021-11-24T18:31:41.976-0100][1270,827s] GC(11) Metaspace: 67092K->67092K(1110016K)
[2021-11-24T18:31:41.976-0100][1270,827s] GC(11) Pause Young (Concurrent Start) (G1 Evacuation Pause) 333M->74M(512M) 53,204ms
[2021-11-24T18:31:41.976-0100][1270,827s] GC(11) User=0,13s Sys=0,01s Real=0,05s
[2021-11-24T18:31:41.976-0100][1270,827s] GC(12) Concurrent Cycle
[2021-11-24T18:31:41.977-0100][1270,827s] GC(12) Concurrent Clear Claimed Marks
[2021-11-24T18:31:41.977-0100][1270,827s] GC(12) Concurrent Clear Claimed Marks 0,140ms
[2021-11-24T18:31:41.977-0100][1270,827s] GC(12) Concurrent Scan Root Regions
[2021-11-24T18:31:42.001-0100][1270,851s] GC(12) Concurrent Scan Root Regions 23,626ms
[2021-11-24T18:31:42.030-0100][1270,880s] GC(12) Concurrent Mark (1270,880s)
[2021-11-24T18:31:42.030-0100][1270,880s] GC(12) Concurrent Mark From Roots
[2021-11-24T18:31:42.031-0100][1270,881s] GC(12) Using 3 workers of 3 for marking
[2021-11-24T18:31:42.052-0100][1270,903s] GC(12) Concurrent Mark From Roots 22,749ms
[2021-11-24T18:31:42.061-0100][1270,911s] GC(12) Concurrent Preclean
[2021-11-24T18:31:42.061-0100][1270,912s] GC(12) Concurrent Preclean 0,641ms
[2021-11-24T18:31:42.082-0100][1270,933s] GC(12) Concurrent Mark (1270,880s, 1270,933s) 52,727ms
[2021-11-24T18:31:42.083-0100][1270,933s] GC(12) Pause Remark
[2021-11-24T18:31:42.092-0100][1270,942s] GC(12) Cleaned string and symbol table, strings: 33263 processed, 992 removed, symbols: 187832 processed, 10 removed
[2021-11-24T18:31:42.106-0100][1270,956s] GC(12) Pause Remark 76M->76M(512M) 22,945ms
[2021-11-24T18:31:42.106-0100][1270,956s] GC(12) User=0,07s Sys=0,00s Real=0,02s
[2021-11-24T18:31:42.106-0100][1270,956s] GC(12) Concurrent Rebuild Remembered Sets
[2021-11-24T18:31:42.123-0100][1270,974s] GC(12) Concurrent Rebuild Remembered Sets 17,595ms
[2021-11-24T18:31:42.128-0100][1270,978s] GC(12) Pause Cleanup
[2021-11-24T18:31:42.129-0100][1270,979s] GC(12) Pause Cleanup 76M->76M(512M) 0,719ms
[2021-11-24T18:31:42.129-0100][1270,979s] GC(12) User=0,00s Sys=0,00s Real=0,00s
[2021-11-24T18:31:42.129-0100][1270,979s] GC(12) Concurrent Cleanup for Next Mark
[2021-11-24T18:31:42.150-0100][1271,000s] GC(12) Concurrent Cleanup for Next Mark 21,354ms
[2021-11-24T18:31:42.150-0100][1271,001s] GC(12) Concurrent Cycle 174,045ms
[2021-11-24T19:11:13.406-0100][3642,242s] GC(13) Pause Young (Normal) (G1 Evacuation Pause)
[2021-11-24T19:11:13.406-0100][3642,243s] GC(13) Using 10 workers of 10 for evacuation
[2021-11-24T19:11:13.415-0100][3642,251s] GC(13)   Pre Evacuate Collection Set: 0,0ms
[2021-11-24T19:11:13.432-0100][3642,269s] GC(13)   Evacuate Collection Set: 7,5ms
[2021-11-24T19:11:13.432-0100][3642,269s] GC(13)   Post Evacuate Collection Set: 0,8ms
[2021-11-24T19:11:13.432-0100][3642,269s] GC(13)   Other: 0,6ms
[2021-11-24T19:11:13.432-0100][3642,269s] GC(13) Eden regions: 289->0(289)
[2021-11-24T19:11:13.432-0100][3642,269s] GC(13) Survivor regions: 18->18(39)
[2021-11-24T19:11:13.432-0100][3642,269s] GC(13) Old regions: 50->50
[2021-11-24T19:11:13.432-0100][3642,269s] GC(13) Humongous regions: 7->7
[2021-11-24T19:11:13.432-0100][3642,269s] GC(13) Metaspace: 69084K->69084K(1112064K)
[2021-11-24T19:11:13.432-0100][3642,269s] GC(13) Pause Young (Normal) (G1 Evacuation Pause) 363M->74M(512M) 26,378ms
[2021-11-24T19:11:13.432-0100][3642,269s] GC(13) User=0,07s Sys=0,00s Real=0,03s
