[2021-11-24T09:23:33.301-0100][0.012s] Heap region size: 1M
[2021-11-24T09:23:33.539-0100][0.250s] Using G1
[2021-11-24T09:23:33.539-0100][0.250s] Heap address: 0x00000007e0000000, size: 512 MB, Compressed Oops mode: Zero based, Oop shift amount: 3
[2021-11-24T09:23:34.230-0100][0,941s] GC(0) Pause Young (Normal) (G1 Evacuation Pause)
[2021-11-24T09:23:34.230-0100][0,941s] GC(0) Using 10 workers of 10 for evacuation
[2021-11-24T09:23:34.234-0100][0,945s] GC(0)   Pre Evacuate Collection Set: 0,0ms
[2021-11-24T09:23:34.234-0100][0,945s] GC(0)   Evacuate Collection Set: 2,6ms
[2021-11-24T09:23:34.234-0100][0,945s] GC(0)   Post Evacuate Collection Set: 1,0ms
[2021-11-24T09:23:34.234-0100][0,945s] GC(0)   Other: 0,6ms
[2021-11-24T09:23:34.234-0100][0,945s] GC(0) Eden regions: 30->0(303)
[2021-11-24T09:23:34.234-0100][0,945s] GC(0) Survivor regions: 0->4(4)
[2021-11-24T09:23:34.234-0100][0,945s] GC(0) Old regions: 0->0
[2021-11-24T09:23:34.234-0100][0,945s] GC(0) Humongous regions: 0->0
[2021-11-24T09:23:34.234-0100][0,945s] GC(0) Metaspace: 13255K->13255K(1060864K)
[2021-11-24T09:23:34.234-0100][0,945s] GC(0) Pause Young (Normal) (G1 Evacuation Pause) 30M->3M(512M) 4,392ms
[2021-11-24T09:23:34.234-0100][0,945s] GC(0) User=0,03s Sys=0,00s Real=0,00s
[2021-11-24T09:23:34.749-0100][1,460s] GC(1) Pause Young (Concurrent Start) (Metadata GC Threshold)
[2021-11-24T09:23:34.749-0100][1,460s] GC(1) Using 10 workers of 10 for evacuation
[2021-11-24T09:23:34.763-0100][1,474s] GC(1)   Pre Evacuate Collection Set: 0,0ms
[2021-11-24T09:23:34.763-0100][1,474s] GC(1)   Evacuate Collection Set: 12,8ms
[2021-11-24T09:23:34.763-0100][1,474s] GC(1)   Post Evacuate Collection Set: 0,7ms
[2021-11-24T09:23:34.763-0100][1,474s] GC(1)   Other: 0,3ms
[2021-11-24T09:23:34.763-0100][1,474s] GC(1) Eden regions: 25->0(295)
[2021-11-24T09:23:34.763-0100][1,474s] GC(1) Survivor regions: 4->12(39)
[2021-11-24T09:23:34.763-0100][1,474s] GC(1) Old regions: 0->0
[2021-11-24T09:23:34.763-0100][1,474s] GC(1) Humongous regions: 4->4
[2021-11-24T09:23:34.763-0100][1,474s] GC(1) Metaspace: 20570K->20570K(1069056K)
[2021-11-24T09:23:34.763-0100][1,474s] GC(1) Pause Young (Concurrent Start) (Metadata GC Threshold) 31M->15M(512M) 14,118ms
[2021-11-24T09:23:34.763-0100][1,474s] GC(1) User=0,07s Sys=0,00s Real=0,02s
[2021-11-24T09:23:34.763-0100][1,474s] GC(2) Concurrent Cycle
[2021-11-24T09:23:34.763-0100][1,474s] GC(2) Concurrent Clear Claimed Marks
[2021-11-24T09:23:34.763-0100][1,474s] GC(2) Concurrent Clear Claimed Marks 0,045ms
[2021-11-24T09:23:34.763-0100][1,474s] GC(2) Concurrent Scan Root Regions
[2021-11-24T09:23:34.767-0100][1,478s] GC(2) Concurrent Scan Root Regions 3,695ms
[2021-11-24T09:23:34.767-0100][1,478s] GC(2) Concurrent Mark (1,478s)
[2021-11-24T09:23:34.767-0100][1,478s] GC(2) Concurrent Mark From Roots
[2021-11-24T09:23:34.767-0100][1,478s] GC(2) Using 3 workers of 3 for marking
[2021-11-24T09:23:34.768-0100][1,479s] GC(2) Concurrent Mark From Roots 1,297ms
[2021-11-24T09:23:34.768-0100][1,479s] GC(2) Concurrent Preclean
[2021-11-24T09:23:34.768-0100][1,480s] GC(2) Concurrent Preclean 0,067ms
[2021-11-24T09:23:34.768-0100][1,480s] GC(2) Concurrent Mark (1,478s, 1,480s) 1,493ms
[2021-11-24T09:23:34.768-0100][1,480s] GC(2) Pause Remark
[2021-11-24T09:23:34.771-0100][1,482s] GC(2) Cleaned string and symbol table, strings: 9976 processed, 0 removed, symbols: 67386 processed, 20 removed
[2021-11-24T09:23:34.771-0100][1,482s] GC(2) Pause Remark 16M->16M(512M) 2,608ms
[2021-11-24T09:23:34.771-0100][1,482s] GC(2) User=0,01s Sys=0,00s Real=0,01s
[2021-11-24T09:23:34.771-0100][1,482s] GC(2) Concurrent Rebuild Remembered Sets
[2021-11-24T09:23:34.774-0100][1,485s] GC(2) Concurrent Rebuild Remembered Sets 2,961ms
[2021-11-24T09:23:34.774-0100][1,485s] GC(2) Pause Cleanup
[2021-11-24T09:23:34.774-0100][1,486s] GC(2) Pause Cleanup 16M->16M(512M) 0,127ms
[2021-11-24T09:23:34.774-0100][1,486s] GC(2) User=0,00s Sys=0,00s Real=0,00s
[2021-11-24T09:23:34.774-0100][1,486s] GC(2) Concurrent Cleanup for Next Mark
[2021-11-24T09:23:34.775-0100][1,487s] GC(2) Concurrent Cleanup for Next Mark 0,948ms
[2021-11-24T09:23:34.776-0100][1,487s] GC(2) Concurrent Cycle 12,473ms
[2021-11-24T09:23:36.489-0100][3,200s] GC(3) Pause Young (Concurrent Start) (Metadata GC Threshold)
[2021-11-24T09:23:36.489-0100][3,200s] GC(3) Using 10 workers of 10 for evacuation
[2021-11-24T09:23:36.504-0100][3,215s] GC(3)   Pre Evacuate Collection Set: 0,1ms
[2021-11-24T09:23:36.504-0100][3,216s] GC(3)   Evacuate Collection Set: 13,2ms
[2021-11-24T09:23:36.504-0100][3,216s] GC(3)   Post Evacuate Collection Set: 1,6ms
[2021-11-24T09:23:36.504-0100][3,216s] GC(3)   Other: 0,3ms
[2021-11-24T09:23:36.504-0100][3,216s] GC(3) Eden regions: 119->0(126)
[2021-11-24T09:23:36.504-0100][3,216s] GC(3) Survivor regions: 12->22(39)
[2021-11-24T09:23:36.504-0100][3,216s] GC(3) Old regions: 0->0
[2021-11-24T09:23:36.504-0100][3,216s] GC(3) Humongous regions: 4->4
[2021-11-24T09:23:36.504-0100][3,216s] GC(3) Metaspace: 34586K->34586K(1081344K)
[2021-11-24T09:23:36.504-0100][3,216s] GC(3) Pause Young (Concurrent Start) (Metadata GC Threshold) 134M->25M(512M) 15,165ms
[2021-11-24T09:23:36.504-0100][3,216s] GC(3) User=0,10s Sys=0,00s Real=0,02s
[2021-11-24T09:23:36.504-0100][3,216s] GC(4) Concurrent Cycle
[2021-11-24T09:23:36.504-0100][3,216s] GC(4) Concurrent Clear Claimed Marks
[2021-11-24T09:23:36.505-0100][3,216s] GC(4) Concurrent Clear Claimed Marks 0,051ms
[2021-11-24T09:23:36.505-0100][3,216s] GC(4) Concurrent Scan Root Regions
[2021-11-24T09:23:36.509-0100][3,221s] GC(4) Concurrent Scan Root Regions 4,844ms
[2021-11-24T09:23:36.509-0100][3,221s] GC(4) Concurrent Mark (3,221s)
[2021-11-24T09:23:36.509-0100][3,221s] GC(4) Concurrent Mark From Roots
[2021-11-24T09:23:36.509-0100][3,221s] GC(4) Using 3 workers of 3 for marking
[2021-11-24T09:23:36.513-0100][3,224s] GC(4) Concurrent Mark From Roots 3,498ms
[2021-11-24T09:23:36.513-0100][3,224s] GC(4) Concurrent Preclean
[2021-11-24T09:23:36.513-0100][3,224s] GC(4) Concurrent Preclean 0,047ms
[2021-11-24T09:23:36.513-0100][3,224s] GC(4) Concurrent Mark (3,221s, 3,224s) 3,627ms
[2021-11-24T09:23:36.513-0100][3,224s] GC(4) Pause Remark
[2021-11-24T09:23:36.516-0100][3,227s] GC(4) Cleaned string and symbol table, strings: 15360 processed, 0 removed, symbols: 112728 processed, 40 removed
[2021-11-24T09:23:36.516-0100][3,227s] GC(4) Pause Remark 26M->26M(512M) 2,668ms
[2021-11-24T09:23:36.516-0100][3,227s] GC(4) User=0,02s Sys=0,00s Real=0,00s
[2021-11-24T09:23:36.516-0100][3,227s] GC(4) Concurrent Rebuild Remembered Sets
[2021-11-24T09:23:36.519-0100][3,230s] GC(4) Concurrent Rebuild Remembered Sets 3,231ms
[2021-11-24T09:23:36.519-0100][3,231s] GC(4) Pause Cleanup
[2021-11-24T09:23:36.519-0100][3,231s] GC(4) Pause Cleanup 26M->26M(512M) 0,152ms
[2021-11-24T09:23:36.520-0100][3,231s] GC(4) User=0,00s Sys=0,00s Real=0,01s
[2021-11-24T09:23:36.520-0100][3,231s] GC(4) Concurrent Cleanup for Next Mark
[2021-11-24T09:23:36.520-0100][3,232s] GC(4) Concurrent Cleanup for Next Mark 0,927ms
[2021-11-24T09:23:36.521-0100][3,232s] GC(4) Concurrent Cycle 16,095ms
[2021-11-24T09:23:38.309-0100][5,020s] GC(5) Pause Young (Normal) (G1 Evacuation Pause)
[2021-11-24T09:23:38.309-0100][5,020s] GC(5) Using 10 workers of 10 for evacuation
[2021-11-24T09:23:38.328-0100][5,040s] GC(5)   Pre Evacuate Collection Set: 0,0ms
[2021-11-24T09:23:38.328-0100][5,040s] GC(5)   Evacuate Collection Set: 13,2ms
[2021-11-24T09:23:38.328-0100][5,040s] GC(5)   Post Evacuate Collection Set: 5,8ms
[2021-11-24T09:23:38.329-0100][5,040s] GC(5)   Other: 0,2ms
[2021-11-24T09:23:38.329-0100][5,040s] GC(5) Eden regions: 123->0(291)
[2021-11-24T09:23:38.329-0100][5,040s] GC(5) Survivor regions: 22->16(19)
[2021-11-24T09:23:38.329-0100][5,040s] GC(5) Old regions: 0->12
[2021-11-24T09:23:38.329-0100][5,040s] GC(5) Humongous regions: 4->4
[2021-11-24T09:23:38.329-0100][5,040s] GC(5) Metaspace: 48203K->48203K(1093632K)
[2021-11-24T09:23:38.329-0100][5,040s] GC(5) Pause Young (Normal) (G1 Evacuation Pause) 148M->31M(512M) 19,393ms
[2021-11-24T09:23:38.329-0100][5,040s] GC(5) User=0,15s Sys=0,01s Real=0,02s
[2021-11-24T09:23:40.126-0100][6,837s] GC(6) Pause Young (Concurrent Start) (Metadata GC Threshold)
[2021-11-24T09:23:40.132-0100][6,843s] GC(6) Using 10 workers of 10 for evacuation
[2021-11-24T09:23:40.154-0100][6,865s] GC(6)   Pre Evacuate Collection Set: 0,2ms
[2021-11-24T09:23:40.159-0100][6,870s] GC(6)   Evacuate Collection Set: 19,9ms
[2021-11-24T09:23:40.159-0100][6,870s] GC(6)   Post Evacuate Collection Set: 1,4ms
[2021-11-24T09:23:40.159-0100][6,870s] GC(6)   Other: 6,4ms
[2021-11-24T09:23:40.159-0100][6,870s] GC(6) Eden regions: 252->0(273)
[2021-11-24T09:23:40.159-0100][6,870s] GC(6) Survivor regions: 16->31(39)
[2021-11-24T09:23:40.159-0100][6,870s] GC(6) Old regions: 12->12
[2021-11-24T09:23:40.159-0100][6,870s] GC(6) Humongous regions: 5->4
[2021-11-24T09:23:40.159-0100][6,870s] GC(6) Metaspace: 58099K->58099K(1101824K)
[2021-11-24T09:23:40.159-0100][6,870s] GC(6) Pause Young (Concurrent Start) (Metadata GC Threshold) 283M->45M(512M) 32,994ms
[2021-11-24T09:23:40.159-0100][6,870s] GC(6) User=0,12s Sys=0,00s Real=0,03s
[2021-11-24T09:23:40.159-0100][6,870s] GC(7) Concurrent Cycle
[2021-11-24T09:23:40.159-0100][6,870s] GC(7) Concurrent Clear Claimed Marks
[2021-11-24T09:23:40.159-0100][6,870s] GC(7) Concurrent Clear Claimed Marks 0,109ms
[2021-11-24T09:23:40.159-0100][6,871s] GC(7) Concurrent Scan Root Regions
[2021-11-24T09:23:40.167-0100][6,878s] GC(7) Concurrent Scan Root Regions 7,547ms
[2021-11-24T09:23:40.203-0100][6,914s] GC(7) Concurrent Mark (6,914s)
[2021-11-24T09:23:40.203-0100][6,914s] GC(7) Concurrent Mark From Roots
[2021-11-24T09:23:40.203-0100][6,914s] GC(7) Using 3 workers of 3 for marking
[2021-11-24T09:23:40.216-0100][6,927s] GC(7) Concurrent Mark From Roots 12,475ms
[2021-11-24T09:23:40.235-0100][6,946s] GC(7) Concurrent Preclean
[2021-11-24T09:23:40.235-0100][6,947s] GC(7) Concurrent Preclean 0,513ms
[2021-11-24T09:23:40.235-0100][6,947s] GC(7) Concurrent Mark (6,914s, 6,947s) 32,628ms
[2021-11-24T09:23:40.236-0100][6,947s] GC(7) Pause Remark
[2021-11-24T09:23:40.240-0100][6,951s] GC(7) Cleaned string and symbol table, strings: 28998 processed, 21 removed, symbols: 178005 processed, 590 removed
[2021-11-24T09:23:40.240-0100][6,951s] GC(7) Pause Remark 56M->56M(512M) 4,428ms
[2021-11-24T09:23:40.240-0100][6,951s] GC(7) User=0,03s Sys=0,00s Real=0,01s
[2021-11-24T09:23:40.240-0100][6,951s] GC(7) Concurrent Rebuild Remembered Sets
[2021-11-24T09:23:40.251-0100][6,962s] GC(7) Concurrent Rebuild Remembered Sets 11,066ms
[2021-11-24T09:23:40.251-0100][6,963s] GC(7) Pause Cleanup
[2021-11-24T09:23:40.252-0100][6,963s] GC(7) Pause Cleanup 58M->58M(512M) 0,146ms
[2021-11-24T09:23:40.252-0100][6,963s] GC(7) User=0,00s Sys=0,00s Real=0,00s
[2021-11-24T09:23:40.252-0100][6,963s] GC(7) Concurrent Cleanup for Next Mark
[2021-11-24T09:23:40.252-0100][6,964s] GC(7) Concurrent Cleanup for Next Mark 0,814ms
[2021-11-24T09:23:40.253-0100][6,964s] GC(7) Concurrent Cycle 93,390ms
[2021-11-24T09:30:33.787-0100][420,499s] GC(8) Pause Young (Concurrent Start) (G1 Evacuation Pause)
[2021-11-24T09:30:33.787-0100][420,499s] GC(8) Using 10 workers of 10 for evacuation
[2021-11-24T09:30:33.883-0100][420,595s] GC(8)   Pre Evacuate Collection Set: 0,6ms
[2021-11-24T09:30:33.883-0100][420,595s] GC(8)   Evacuate Collection Set: 93,4ms
[2021-11-24T09:30:33.883-0100][420,595s] GC(8)   Post Evacuate Collection Set: 1,1ms
[2021-11-24T09:30:33.883-0100][420,595s] GC(8)   Other: 0,7ms
[2021-11-24T09:30:33.883-0100][420,595s] GC(8) Eden regions: 273->0(271)
[2021-11-24T09:30:33.883-0100][420,595s] GC(8) Survivor regions: 31->36(38)
[2021-11-24T09:30:33.883-0100][420,595s] GC(8) Old regions: 12->26
[2021-11-24T09:30:33.883-0100][420,595s] GC(8) Humongous regions: 4->4
[2021-11-24T09:30:33.883-0100][420,595s] GC(8) Metaspace: 65628K->65628K(1107968K)
[2021-11-24T09:30:33.883-0100][420,595s] GC(8) Pause Young (Concurrent Start) (G1 Evacuation Pause) 318M->65M(512M) 96,033ms
[2021-11-24T09:30:33.883-0100][420,595s] GC(8) User=0,14s Sys=0,18s Real=0,10s
[2021-11-24T09:30:33.883-0100][420,595s] GC(9) Concurrent Cycle
[2021-11-24T09:30:33.883-0100][420,595s] GC(9) Concurrent Clear Claimed Marks
[2021-11-24T09:30:33.883-0100][420,595s] GC(9) Concurrent Clear Claimed Marks 0,162ms
[2021-11-24T09:30:33.883-0100][420,595s] GC(9) Concurrent Scan Root Regions
[2021-11-24T09:30:33.890-0100][420,602s] GC(9) Concurrent Scan Root Regions 6,632ms
[2021-11-24T09:30:33.890-0100][420,602s] GC(9) Concurrent Mark (420,602s)
[2021-11-24T09:30:33.890-0100][420,602s] GC(9) Concurrent Mark From Roots
[2021-11-24T09:30:33.890-0100][420,602s] GC(9) Using 3 workers of 3 for marking
[2021-11-24T09:30:33.908-0100][420,620s] GC(9) Concurrent Mark From Roots 17,934ms
[2021-11-24T09:30:33.908-0100][420,620s] GC(9) Concurrent Preclean
[2021-11-24T09:30:33.908-0100][420,620s] GC(9) Concurrent Preclean 0,124ms
[2021-11-24T09:30:33.908-0100][420,620s] GC(9) Concurrent Mark (420,602s, 420,620s) 18,123ms
[2021-11-24T09:30:33.908-0100][420,620s] GC(9) Pause Remark
[2021-11-24T09:30:33.915-0100][420,626s] GC(9) Cleaned string and symbol table, strings: 32703 processed, 1 removed, symbols: 186678 processed, 9 removed
[2021-11-24T09:30:33.915-0100][420,627s] GC(9) Pause Remark 66M->66M(512M) 6,706ms
[2021-11-24T09:30:33.915-0100][420,627s] GC(9) User=0,04s Sys=0,01s Real=0,01s
[2021-11-24T09:30:33.915-0100][420,627s] GC(9) Concurrent Rebuild Remembered Sets
[2021-11-24T09:30:33.929-0100][420,641s] GC(9) Concurrent Rebuild Remembered Sets 13,856ms
[2021-11-24T09:30:33.930-0100][420,641s] GC(9) Pause Cleanup
[2021-11-24T09:30:33.930-0100][420,642s] GC(9) Pause Cleanup 66M->66M(512M) 0,453ms
[2021-11-24T09:30:33.930-0100][420,642s] GC(9) User=0,00s Sys=0,01s Real=0,00s
[2021-11-24T09:30:33.930-0100][420,642s] GC(9) Concurrent Cleanup for Next Mark
[2021-11-24T09:30:33.931-0100][420,643s] GC(9) Concurrent Cleanup for Next Mark 1,002ms
[2021-11-24T09:30:33.931-0100][420,643s] GC(9) Concurrent Cycle 48,069ms
[2021-11-24T10:11:10.244-0100][2856,966s] GC(10) Pause Young (Normal) (G1 Evacuation Pause)
[2021-11-24T10:11:10.261-0100][2856,982s] GC(10) Using 10 workers of 10 for evacuation
[2021-11-24T10:11:10.282-0100][2857,003s] GC(10)   Pre Evacuate Collection Set: 0,0ms
[2021-11-24T10:11:10.287-0100][2857,008s] GC(10)   Evacuate Collection Set: 20,5ms
[2021-11-24T10:11:10.287-0100][2857,008s] GC(10)   Post Evacuate Collection Set: 0,7ms
[2021-11-24T10:11:10.287-0100][2857,009s] GC(10)   Other: 16,5ms
[2021-11-24T10:11:10.287-0100][2857,009s] GC(10) Eden regions: 271->0(301)
[2021-11-24T10:11:10.288-0100][2857,009s] GC(10) Survivor regions: 36->6(39)
[2021-11-24T10:11:10.288-0100][2857,009s] GC(10) Old regions: 26->59
[2021-11-24T10:11:10.288-0100][2857,009s] GC(10) Humongous regions: 7->7
[2021-11-24T10:11:10.288-0100][2857,009s] GC(10) Metaspace: 67984K->67984K(1112064K)
[2021-11-24T10:11:10.288-0100][2857,009s] GC(10) Pause Young (Normal) (G1 Evacuation Pause) 339M->71M(512M) 43,808ms
[2021-11-24T10:11:10.288-0100][2857,010s] GC(10) User=0,13s Sys=0,06s Real=0,04s
[2021-11-24T11:04:16.281-0100][5587,088s] GC(11) Pause Young (Normal) (G1 Evacuation Pause)
[2021-11-24T11:04:16.282-0100][5587,089s] GC(11) Using 10 workers of 10 for evacuation
[2021-11-24T11:04:16.289-0100][5587,096s] GC(11)   Pre Evacuate Collection Set: 0,0ms
[2021-11-24T11:04:16.289-0100][5587,096s] GC(11)   Evacuate Collection Set: 4,8ms
[2021-11-24T11:04:16.289-0100][5587,097s] GC(11)   Post Evacuate Collection Set: 2,5ms
[2021-11-24T11:04:16.289-0100][5587,097s] GC(11)   Other: 1,1ms
[2021-11-24T11:04:16.289-0100][5587,097s] GC(11) Eden regions: 301->0(303)
[2021-11-24T11:04:16.289-0100][5587,097s] GC(11) Survivor regions: 6->4(39)
[2021-11-24T11:04:16.289-0100][5587,097s] GC(11) Old regions: 59->59
[2021-11-24T11:04:16.289-0100][5587,097s] GC(11) Humongous regions: 7->7
[2021-11-24T11:04:16.289-0100][5587,097s] GC(11) Metaspace: 68620K->68620K(1112064K)
[2021-11-24T11:04:16.290-0100][5587,097s] GC(11) Pause Young (Normal) (G1 Evacuation Pause) 372M->68M(512M) 8,590ms
[2021-11-24T11:04:16.290-0100][5587,097s] GC(11) User=0,04s Sys=0,00s Real=0,01s
[2021-11-24T11:39:48.092-0100][7718,913s] GC(12) Pause Young (Normal) (G1 Evacuation Pause)
[2021-11-24T11:39:48.093-0100][7718,914s] GC(12) Using 10 workers of 10 for evacuation
[2021-11-24T11:39:48.097-0100][7718,918s] GC(12)   Pre Evacuate Collection Set: 0,0ms
[2021-11-24T11:39:48.097-0100][7718,918s] GC(12)   Evacuate Collection Set: 3,5ms
[2021-11-24T11:39:48.097-0100][7718,918s] GC(12)   Post Evacuate Collection Set: 0,5ms
[2021-11-24T11:39:48.097-0100][7718,918s] GC(12)   Other: 1,3ms
[2021-11-24T11:39:48.097-0100][7718,918s] GC(12) Eden regions: 303->0(303)
[2021-11-24T11:39:48.097-0100][7718,918s] GC(12) Survivor regions: 4->4(39)
[2021-11-24T11:39:48.097-0100][7718,918s] GC(12) Old regions: 59->59
[2021-11-24T11:39:48.097-0100][7718,918s] GC(12) Humongous regions: 7->7
[2021-11-24T11:39:48.097-0100][7718,918s] GC(12) Metaspace: 69030K->69030K(1112064K)
[2021-11-24T11:39:48.097-0100][7718,918s] GC(12) Pause Young (Normal) (G1 Evacuation Pause) 371M->68M(512M) 5,456ms
[2021-11-24T11:39:48.097-0100][7718,918s] GC(12) User=0,03s Sys=0,00s Real=0,00s
[2021-11-24T12:51:15.389-0100][10209,132s] GC(13) Pause Young (Normal) (G1 Evacuation Pause)
[2021-11-24T12:51:15.390-0100][10209,133s] GC(13) Using 10 workers of 10 for evacuation
[2021-11-24T12:51:15.395-0100][10209,138s] GC(13)   Pre Evacuate Collection Set: 0,0ms
[2021-11-24T12:51:15.395-0100][10209,139s] GC(13)   Evacuate Collection Set: 4,3ms
[2021-11-24T12:51:15.395-0100][10209,139s] GC(13)   Post Evacuate Collection Set: 0,6ms
[2021-11-24T12:51:15.395-0100][10209,139s] GC(13)   Other: 1,3ms
[2021-11-24T12:51:15.395-0100][10209,139s] GC(13) Eden regions: 303->0(303)
[2021-11-24T12:51:15.395-0100][10209,139s] GC(13) Survivor regions: 4->4(39)
[2021-11-24T12:51:15.395-0100][10209,139s] GC(13) Old regions: 59->59
[2021-11-24T12:51:15.395-0100][10209,139s] GC(13) Humongous regions: 7->7
[2021-11-24T12:51:15.395-0100][10209,139s] GC(13) Metaspace: 69382K->69382K(1112064K)
[2021-11-24T12:51:15.395-0100][10209,139s] GC(13) Pause Young (Normal) (G1 Evacuation Pause) 371M->68M(512M) 6,346ms
[2021-11-24T12:51:15.395-0100][10209,139s] GC(13) User=0,04s Sys=0,00s Real=0,01s
[2021-11-24T13:40:17.395-0100][12693,103s] GC(14) Pause Young (Normal) (G1 Evacuation Pause)
[2021-11-24T13:40:17.396-0100][12693,104s] GC(14) Using 10 workers of 10 for evacuation
[2021-11-24T13:40:17.401-0100][12693,109s] GC(14)   Pre Evacuate Collection Set: 0,0ms
[2021-11-24T13:40:17.401-0100][12693,109s] GC(14)   Evacuate Collection Set: 4,4ms
[2021-11-24T13:40:17.401-0100][12693,109s] GC(14)   Post Evacuate Collection Set: 0,7ms
[2021-11-24T13:40:17.401-0100][12693,109s] GC(14)   Other: 1,3ms
[2021-11-24T13:40:17.401-0100][12693,109s] GC(14) Eden regions: 303->0(304)
[2021-11-24T13:40:17.401-0100][12693,109s] GC(14) Survivor regions: 4->3(39)
[2021-11-24T13:40:17.401-0100][12693,109s] GC(14) Old regions: 59->59
[2021-11-24T13:40:17.401-0100][12693,110s] GC(14) Humongous regions: 7->7
[2021-11-24T13:40:17.401-0100][12693,110s] GC(14) Metaspace: 69585K->69585K(1112064K)
[2021-11-24T13:40:17.401-0100][12693,110s] GC(14) Pause Young (Normal) (G1 Evacuation Pause) 371M->68M(512M) 6,579ms
[2021-11-24T13:40:17.402-0100][12693,110s] GC(14) User=0,04s Sys=0,01s Real=0,01s
[2021-11-24T14:17:55.332-0100][14951,026s] GC(15) Pause Young (Normal) (G1 Evacuation Pause)
[2021-11-24T14:17:55.334-0100][14951,027s] GC(15) Using 10 workers of 10 for evacuation
[2021-11-24T14:17:55.340-0100][14951,034s] GC(15)   Pre Evacuate Collection Set: 0,0ms
[2021-11-24T14:17:55.340-0100][14951,034s] GC(15)   Evacuate Collection Set: 5,5ms
[2021-11-24T14:17:55.341-0100][14951,034s] GC(15)   Post Evacuate Collection Set: 1,3ms
[2021-11-24T14:17:55.341-0100][14951,034s] GC(15)   Other: 1,2ms
[2021-11-24T14:17:55.341-0100][14951,034s] GC(15) Eden regions: 304->0(304)
[2021-11-24T14:17:55.341-0100][14951,034s] GC(15) Survivor regions: 3->3(39)
[2021-11-24T14:17:55.341-0100][14951,034s] GC(15) Old regions: 59->59
[2021-11-24T14:17:55.341-0100][14951,034s] GC(15) Humongous regions: 7->7
[2021-11-24T14:17:55.341-0100][14951,034s] GC(15) Metaspace: 69757K->69757K(1114112K)
[2021-11-24T14:17:55.341-0100][14951,034s] GC(15) Pause Young (Normal) (G1 Evacuation Pause) 372M->68M(512M) 8,134ms
[2021-11-24T14:17:55.341-0100][14951,035s] GC(15) User=0,04s Sys=0,00s Real=0,01s
[2021-11-24T15:08:36.336-0100][17567,650s] GC(16) Pause Young (Normal) (G1 Evacuation Pause)
[2021-11-24T15:08:36.337-0100][17567,651s] GC(16) Using 10 workers of 10 for evacuation
[2021-11-24T15:08:36.347-0100][17567,660s] GC(16)   Pre Evacuate Collection Set: 0,2ms
[2021-11-24T15:08:36.347-0100][17567,660s] GC(16)   Evacuate Collection Set: 8,2ms
[2021-11-24T15:08:36.347-0100][17567,660s] GC(16)   Post Evacuate Collection Set: 1,2ms
[2021-11-24T15:08:36.347-0100][17567,660s] GC(16)   Other: 1,1ms
[2021-11-24T15:08:36.347-0100][17567,660s] GC(16) Eden regions: 304->0(304)
[2021-11-24T15:08:36.347-0100][17567,660s] GC(16) Survivor regions: 3->3(39)
[2021-11-24T15:08:36.347-0100][17567,661s] GC(16) Old regions: 59->59
[2021-11-24T15:08:36.347-0100][17567,661s] GC(16) Humongous regions: 7->7
[2021-11-24T15:08:36.347-0100][17567,661s] GC(16) Metaspace: 69937K->69937K(1114112K)
[2021-11-24T15:08:36.347-0100][17567,661s] GC(16) Pause Young (Normal) (G1 Evacuation Pause) 372M->68M(512M) 10,764ms
[2021-11-24T15:08:36.347-0100][17567,661s] GC(16) User=0,03s Sys=0,03s Real=0,01s
[2021-11-24T15:57:24.044-0100][20218,200s] GC(17) Pause Young (Normal) (G1 Evacuation Pause)
[2021-11-24T15:57:24.071-0100][20218,227s] GC(17) Using 10 workers of 10 for evacuation
[2021-11-24T15:57:24.096-0100][20218,252s] GC(17)   Pre Evacuate Collection Set: 0,0ms
[2021-11-24T15:57:24.097-0100][20218,253s] GC(17)   Evacuate Collection Set: 21,7ms
[2021-11-24T15:57:24.097-0100][20218,253s] GC(17)   Post Evacuate Collection Set: 2,0ms
[2021-11-24T15:57:24.097-0100][20218,253s] GC(17)   Other: 28,5ms
[2021-11-24T15:57:24.097-0100][20218,253s] GC(17) Eden regions: 304->0(303)
[2021-11-24T15:57:24.098-0100][20218,254s] GC(17) Survivor regions: 3->4(39)
[2021-11-24T15:57:24.098-0100][20218,254s] GC(17) Old regions: 59->59
[2021-11-24T15:57:24.098-0100][20218,254s] GC(17) Humongous regions: 7->7
[2021-11-24T15:57:24.098-0100][20218,254s] GC(17) Metaspace: 69946K->69946K(1114112K)
[2021-11-24T15:57:24.098-0100][20218,254s] GC(17) Pause Young (Normal) (G1 Evacuation Pause) 372M->69M(512M) 54,442ms
[2021-11-24T15:57:24.098-0100][20218,254s] GC(17) User=0,14s Sys=0,04s Real=0,05s
[2021-11-24T16:55:45.954-0100][22684,602s] GC(18) Pause Young (Normal) (G1 Evacuation Pause)
[2021-11-24T16:55:45.955-0100][22684,603s] GC(18) Using 10 workers of 10 for evacuation
[2021-11-24T16:55:45.959-0100][22684,608s] GC(18)   Pre Evacuate Collection Set: 0,0ms
[2021-11-24T16:55:45.960-0100][22684,608s] GC(18)   Evacuate Collection Set: 4,4ms
[2021-11-24T16:55:45.960-0100][22684,608s] GC(18)   Post Evacuate Collection Set: 0,4ms
[2021-11-24T16:55:45.960-0100][22684,608s] GC(18)   Other: 0,9ms
[2021-11-24T16:55:45.960-0100][22684,608s] GC(18) Eden regions: 303->0(303)
[2021-11-24T16:55:45.960-0100][22684,608s] GC(18) Survivor regions: 4->4(39)
[2021-11-24T16:55:45.960-0100][22684,608s] GC(18) Old regions: 59->59
[2021-11-24T16:55:45.960-0100][22684,608s] GC(18) Humongous regions: 7->7
[2021-11-24T16:55:45.960-0100][22684,608s] GC(18) Metaspace: 70044K->70044K(1114112K)
[2021-11-24T16:55:45.960-0100][22684,608s] GC(18) Pause Young (Normal) (G1 Evacuation Pause) 372M->68M(512M) 5,847ms
[2021-11-24T16:55:45.960-0100][22684,608s] GC(18) User=0,05s Sys=0,00s Real=0,01s
[2021-11-24T17:39:34.392-0100][25313,098s] GC(19) Pause Young (Normal) (G1 Evacuation Pause)
[2021-11-24T17:39:34.393-0100][25313,099s] GC(19) Using 10 workers of 10 for evacuation
[2021-11-24T17:39:34.402-0100][25313,109s] GC(19)   Pre Evacuate Collection Set: 0,2ms
[2021-11-24T17:39:34.403-0100][25313,109s] GC(19)   Evacuate Collection Set: 8,4ms
[2021-11-24T17:39:34.403-0100][25313,109s] GC(19)   Post Evacuate Collection Set: 0,7ms
[2021-11-24T17:39:34.403-0100][25313,109s] GC(19)   Other: 1,0ms
[2021-11-24T17:39:34.403-0100][25313,109s] GC(19) Eden regions: 303->0(303)
[2021-11-24T17:39:34.403-0100][25313,109s] GC(19) Survivor regions: 4->4(39)
[2021-11-24T17:39:34.403-0100][25313,109s] GC(19) Old regions: 59->59
[2021-11-24T17:39:34.403-0100][25313,109s] GC(19) Humongous regions: 7->7
[2021-11-24T17:39:34.403-0100][25313,109s] GC(19) Metaspace: 70397K->70397K(1114112K)
[2021-11-24T17:39:34.403-0100][25313,109s] GC(19) Pause Young (Normal) (G1 Evacuation Pause) 371M->68M(512M) 10,578ms
[2021-11-24T17:39:34.403-0100][25313,109s] GC(19) User=0,04s Sys=0,02s Real=0,01s
[2021-11-24T17:55:42.917-0100][26281,608s] Heap
[2021-11-24T17:55:42.917-0100][26281,608s]  garbage-first heap   total 524288K, used 197559K [0x00000007e0000000, 0x0000000800000000)
[2021-11-24T17:55:42.917-0100][26281,608s]   region size 1024K, 130 young (133120K), 4 survivors (4096K)
[2021-11-24T17:55:42.917-0100][26281,608s]  Metaspace       used 70782K, capacity 72525K, committed 72680K, reserved 1114112K
[2021-11-24T17:55:42.917-0100][26281,608s]   class space    used 7639K, capacity 8313K, committed 8396K, reserved 1048576K
