[2021-11-24T02:04:37.409-0100][0.009s] Heap region size: 1M
[2021-11-24T02:04:37.644-0100][0.245s] Using G1
[2021-11-24T02:04:37.644-0100][0.245s] Heap address: 0x00000007e0000000, size: 512 MB, Compressed Oops mode: Zero based, Oop shift amount: 3
[2021-11-24T02:04:38.064-0100][0,664s] GC(0) Pause Young (Normal) (G1 Evacuation Pause)
[2021-11-24T02:04:38.064-0100][0,665s] GC(0) Using 10 workers of 10 for evacuation
[2021-11-24T02:04:38.066-0100][0,667s] GC(0)   Pre Evacuate Collection Set: 0,0ms
[2021-11-24T02:04:38.066-0100][0,667s] GC(0)   Evacuate Collection Set: 1,5ms
[2021-11-24T02:04:38.066-0100][0,667s] GC(0)   Post Evacuate Collection Set: 0,3ms
[2021-11-24T02:04:38.066-0100][0,667s] GC(0)   Other: 0,5ms
[2021-11-24T02:04:38.066-0100][0,667s] GC(0) Eden regions: 30->0(304)
[2021-11-24T02:04:38.066-0100][0,667s] GC(0) Survivor regions: 0->3(4)
[2021-11-24T02:04:38.066-0100][0,667s] GC(0) Old regions: 0->0
[2021-11-24T02:04:38.066-0100][0,667s] GC(0) Humongous regions: 0->0
[2021-11-24T02:04:38.066-0100][0,667s] GC(0) Metaspace: 13250K->13250K(1060864K)
[2021-11-24T02:04:38.066-0100][0,667s] GC(0) Pause Young (Normal) (G1 Evacuation Pause) 30M->2M(512M) 2,506ms
[2021-11-24T02:04:38.066-0100][0,667s] GC(0) User=0,02s Sys=0,00s Real=0,00s
[2021-11-24T02:04:38.396-0100][0,997s] GC(1) Pause Young (Concurrent Start) (Metadata GC Threshold)
[2021-11-24T02:04:38.396-0100][0,997s] GC(1) Using 10 workers of 10 for evacuation
[2021-11-24T02:04:38.406-0100][1,007s] GC(1)   Pre Evacuate Collection Set: 0,0ms
[2021-11-24T02:04:38.406-0100][1,007s] GC(1)   Evacuate Collection Set: 9,3ms
[2021-11-24T02:04:38.406-0100][1,007s] GC(1)   Post Evacuate Collection Set: 0,4ms
[2021-11-24T02:04:38.406-0100][1,007s] GC(1)   Other: 0,2ms
[2021-11-24T02:04:38.406-0100][1,007s] GC(1) Eden regions: 24->0(63)
[2021-11-24T02:04:38.406-0100][1,007s] GC(1) Survivor regions: 3->12(39)
[2021-11-24T02:04:38.406-0100][1,007s] GC(1) Old regions: 0->0
[2021-11-24T02:04:38.406-0100][1,007s] GC(1) Humongous regions: 4->4
[2021-11-24T02:04:38.406-0100][1,007s] GC(1) Metaspace: 20540K->20540K(1069056K)
[2021-11-24T02:04:38.406-0100][1,007s] GC(1) Pause Young (Concurrent Start) (Metadata GC Threshold) 30M->15M(512M) 10,107ms
[2021-11-24T02:04:38.406-0100][1,007s] GC(1) User=0,06s Sys=0,00s Real=0,01s
[2021-11-24T02:04:38.406-0100][1,007s] GC(2) Concurrent Cycle
[2021-11-24T02:04:38.406-0100][1,007s] GC(2) Concurrent Clear Claimed Marks
[2021-11-24T02:04:38.406-0100][1,007s] GC(2) Concurrent Clear Claimed Marks 0,030ms
[2021-11-24T02:04:38.406-0100][1,007s] GC(2) Concurrent Scan Root Regions
[2021-11-24T02:04:38.409-0100][1,010s] GC(2) Concurrent Scan Root Regions 2,488ms
[2021-11-24T02:04:38.409-0100][1,010s] GC(2) Concurrent Mark (1,010s)
[2021-11-24T02:04:38.409-0100][1,010s] GC(2) Concurrent Mark From Roots
[2021-11-24T02:04:38.409-0100][1,010s] GC(2) Using 3 workers of 3 for marking
[2021-11-24T02:04:38.410-0100][1,010s] GC(2) Concurrent Mark From Roots 0,684ms
[2021-11-24T02:04:38.410-0100][1,010s] GC(2) Concurrent Preclean
[2021-11-24T02:04:38.410-0100][1,010s] GC(2) Concurrent Preclean 0,033ms
[2021-11-24T02:04:38.410-0100][1,010s] GC(2) Concurrent Mark (1,010s, 1,010s) 0,776ms
[2021-11-24T02:04:38.410-0100][1,010s] GC(2) Pause Remark
[2021-11-24T02:04:38.411-0100][1,011s] GC(2) Cleaned string and symbol table, strings: 9973 processed, 0 removed, symbols: 67360 processed, 22 removed
[2021-11-24T02:04:38.411-0100][1,011s] GC(2) Pause Remark 16M->16M(512M) 1,006ms
[2021-11-24T02:04:38.411-0100][1,011s] GC(2) User=0,01s Sys=0,00s Real=0,00s
[2021-11-24T02:04:38.411-0100][1,012s] GC(2) Concurrent Rebuild Remembered Sets
[2021-11-24T02:04:38.413-0100][1,014s] GC(2) Concurrent Rebuild Remembered Sets 2,300ms
[2021-11-24T02:04:38.413-0100][1,014s] GC(2) Pause Cleanup
[2021-11-24T02:04:38.413-0100][1,014s] GC(2) Pause Cleanup 16M->16M(512M) 0,138ms
[2021-11-24T02:04:38.413-0100][1,014s] GC(2) User=0,00s Sys=0,00s Real=0,00s
[2021-11-24T02:04:38.413-0100][1,014s] GC(2) Concurrent Cleanup for Next Mark
[2021-11-24T02:04:38.414-0100][1,015s] GC(2) Concurrent Cleanup for Next Mark 0,631ms
[2021-11-24T02:04:38.414-0100][1,015s] GC(2) Concurrent Cycle 7,847ms
[2021-11-24T02:04:38.805-0100][1,406s] GC(3) Pause Young (Normal) (G1 Evacuation Pause)
[2021-11-24T02:04:38.805-0100][1,406s] GC(3) Using 10 workers of 10 for evacuation
[2021-11-24T02:04:38.812-0100][1,413s] GC(3)   Pre Evacuate Collection Set: 0,0ms
[2021-11-24T02:04:38.812-0100][1,413s] GC(3)   Evacuate Collection Set: 6,0ms
[2021-11-24T02:04:38.812-0100][1,413s] GC(3)   Post Evacuate Collection Set: 0,5ms
[2021-11-24T02:04:38.812-0100][1,413s] GC(3)   Other: 0,1ms
[2021-11-24T02:04:38.812-0100][1,413s] GC(3) Eden regions: 41->0(68)
[2021-11-24T02:04:38.812-0100][1,413s] GC(3) Survivor regions: 12->7(7)
[2021-11-24T02:04:38.812-0100][1,413s] GC(3) Old regions: 0->14
[2021-11-24T02:04:38.812-0100][1,413s] GC(3) Humongous regions: 4->4
[2021-11-24T02:04:38.812-0100][1,413s] GC(3) Metaspace: 25368K->25368K(1073152K)
[2021-11-24T02:04:38.812-0100][1,413s] GC(3) Pause Young (Normal) (G1 Evacuation Pause) 56M->24M(512M) 6,761ms
[2021-11-24T02:04:38.812-0100][1,413s] GC(3) User=0,06s Sys=0,00s Real=0,01s
[2021-11-24T02:04:39.558-0100][2,158s] GC(4) Pause Young (Normal) (G1 Evacuation Pause)
[2021-11-24T02:04:39.558-0100][2,158s] GC(4) Using 10 workers of 10 for evacuation
[2021-11-24T02:04:39.560-0100][2,161s] GC(4)   Pre Evacuate Collection Set: 0,0ms
[2021-11-24T02:04:39.560-0100][2,161s] GC(4)   Evacuate Collection Set: 2,4ms
[2021-11-24T02:04:39.560-0100][2,161s] GC(4)   Post Evacuate Collection Set: 0,2ms
[2021-11-24T02:04:39.560-0100][2,161s] GC(4)   Other: 0,1ms
[2021-11-24T02:04:39.561-0100][2,161s] GC(4) Eden regions: 68->0(112)
[2021-11-24T02:04:39.561-0100][2,161s] GC(4) Survivor regions: 7->2(10)
[2021-11-24T02:04:39.561-0100][2,161s] GC(4) Old regions: 14->21
[2021-11-24T02:04:39.561-0100][2,161s] GC(4) Humongous regions: 4->4
[2021-11-24T02:04:39.561-0100][2,161s] GC(4) Metaspace: 32758K->32758K(1079296K)
[2021-11-24T02:04:39.561-0100][2,161s] GC(4) Pause Young (Normal) (G1 Evacuation Pause) 92M->25M(512M) 2,953ms
[2021-11-24T02:04:39.561-0100][2,161s] GC(4) User=0,03s Sys=0,00s Real=0,01s
[2021-11-24T02:04:39.679-0100][2,279s] GC(5) Pause Young (Concurrent Start) (Metadata GC Threshold)
[2021-11-24T02:04:39.679-0100][2,279s] GC(5) Using 10 workers of 10 for evacuation
[2021-11-24T02:04:39.681-0100][2,282s] GC(5)   Pre Evacuate Collection Set: 0,0ms
[2021-11-24T02:04:39.681-0100][2,282s] GC(5)   Evacuate Collection Set: 2,1ms
[2021-11-24T02:04:39.681-0100][2,282s] GC(5)   Post Evacuate Collection Set: 0,2ms
[2021-11-24T02:04:39.681-0100][2,282s] GC(5)   Other: 0,2ms
[2021-11-24T02:04:39.681-0100][2,282s] GC(5) Eden regions: 14->0(124)
[2021-11-24T02:04:39.681-0100][2,282s] GC(5) Survivor regions: 2->2(15)
[2021-11-24T02:04:39.681-0100][2,282s] GC(5) Old regions: 21->21
[2021-11-24T02:04:39.681-0100][2,282s] GC(5) Humongous regions: 4->4
[2021-11-24T02:04:39.681-0100][2,282s] GC(5) Metaspace: 34582K->34582K(1081344K)
[2021-11-24T02:04:39.681-0100][2,282s] GC(5) Pause Young (Concurrent Start) (Metadata GC Threshold) 39M->25M(512M) 2,580ms
[2021-11-24T02:04:39.681-0100][2,282s] GC(5) User=0,02s Sys=0,00s Real=0,01s
[2021-11-24T02:04:39.681-0100][2,282s] GC(6) Concurrent Cycle
[2021-11-24T02:04:39.681-0100][2,282s] GC(6) Concurrent Clear Claimed Marks
[2021-11-24T02:04:39.681-0100][2,282s] GC(6) Concurrent Clear Claimed Marks 0,023ms
[2021-11-24T02:04:39.681-0100][2,282s] GC(6) Concurrent Scan Root Regions
[2021-11-24T02:04:39.682-0100][2,283s] GC(6) Concurrent Scan Root Regions 1,114ms
[2021-11-24T02:04:39.682-0100][2,283s] GC(6) Concurrent Mark (2,283s)
[2021-11-24T02:04:39.682-0100][2,283s] GC(6) Concurrent Mark From Roots
[2021-11-24T02:04:39.682-0100][2,283s] GC(6) Using 3 workers of 3 for marking
[2021-11-24T02:04:39.692-0100][2,293s] GC(6) Concurrent Mark From Roots 9,939ms
[2021-11-24T02:04:39.692-0100][2,293s] GC(6) Concurrent Preclean
[2021-11-24T02:04:39.693-0100][2,293s] GC(6) Concurrent Preclean 0,123ms
[2021-11-24T02:04:39.693-0100][2,293s] GC(6) Concurrent Mark (2,283s, 2,293s) 10,141ms
[2021-11-24T02:04:39.693-0100][2,293s] GC(6) Pause Remark
[2021-11-24T02:04:39.695-0100][2,296s] GC(6) Cleaned string and symbol table, strings: 15384 processed, 25 removed, symbols: 112811 processed, 40 removed
[2021-11-24T02:04:39.696-0100][2,296s] GC(6) Pause Remark 26M->26M(512M) 2,891ms
[2021-11-24T02:04:39.696-0100][2,296s] GC(6) User=0,03s Sys=0,00s Real=0,00s
[2021-11-24T02:04:39.696-0100][2,296s] GC(6) Concurrent Rebuild Remembered Sets
[2021-11-24T02:04:39.708-0100][2,308s] GC(6) Concurrent Rebuild Remembered Sets 11,878ms
[2021-11-24T02:04:39.708-0100][2,308s] GC(6) Pause Cleanup
[2021-11-24T02:04:39.708-0100][2,309s] GC(6) Pause Cleanup 26M->26M(512M) 0,097ms
[2021-11-24T02:04:39.708-0100][2,309s] GC(6) User=0,00s Sys=0,00s Real=0,00s
[2021-11-24T02:04:39.708-0100][2,309s] GC(6) Concurrent Cleanup for Next Mark
[2021-11-24T02:04:39.709-0100][2,309s] GC(6) Concurrent Cleanup for Next Mark 0,868ms
[2021-11-24T02:04:39.709-0100][2,310s] GC(6) Concurrent Cycle 27,557ms
[2021-11-24T02:05:04.702-0100][27,302s] GC(7) Pause Young (Normal) (G1 Evacuation Pause)
[2021-11-24T02:05:04.702-0100][27,303s] GC(7) Using 10 workers of 10 for evacuation
[2021-11-24T02:05:04.707-0100][27,308s] GC(7)   Pre Evacuate Collection Set: 0,0ms
[2021-11-24T02:05:04.707-0100][27,308s] GC(7)   Evacuate Collection Set: 4,4ms
[2021-11-24T02:05:04.707-0100][27,308s] GC(7)   Post Evacuate Collection Set: 0,4ms
[2021-11-24T02:05:04.707-0100][27,308s] GC(7)   Other: 0,6ms
[2021-11-24T02:05:04.707-0100][27,308s] GC(7) Eden regions: 129->0(229)
[2021-11-24T02:05:04.707-0100][27,308s] GC(7) Survivor regions: 2->10(17)
[2021-11-24T02:05:04.707-0100][27,308s] GC(7) Old regions: 21->21
[2021-11-24T02:05:04.707-0100][27,308s] GC(7) Humongous regions: 5->4
[2021-11-24T02:05:04.707-0100][27,308s] GC(7) Metaspace: 47925K->47925K(1093632K)
[2021-11-24T02:05:04.707-0100][27,308s] GC(7) Pause Young (Normal) (G1 Evacuation Pause) 155M->34M(512M) 5,522ms
[2021-11-24T02:05:04.707-0100][27,308s] GC(7) User=0,06s Sys=0,00s Real=0,00s
[2021-11-24T02:05:05.602-0100][28,203s] GC(8) Pause Young (Normal) (G1 Evacuation Pause)
[2021-11-24T02:05:05.602-0100][28,203s] GC(8) Using 10 workers of 10 for evacuation
[2021-11-24T02:05:05.609-0100][28,210s] GC(8)   Pre Evacuate Collection Set: 0,0ms
[2021-11-24T02:05:05.609-0100][28,210s] GC(8)   Evacuate Collection Set: 5,6ms
[2021-11-24T02:05:05.609-0100][28,210s] GC(8)   Post Evacuate Collection Set: 1,1ms
[2021-11-24T02:05:05.609-0100][28,210s] GC(8)   Other: 0,2ms
[2021-11-24T02:05:05.609-0100][28,210s] GC(8) Eden regions: 229->0(282)
[2021-11-24T02:05:05.609-0100][28,210s] GC(8) Survivor regions: 10->16(30)
[2021-11-24T02:05:05.609-0100][28,210s] GC(8) Old regions: 21->21
[2021-11-24T02:05:05.609-0100][28,210s] GC(8) Humongous regions: 4->4
[2021-11-24T02:05:05.609-0100][28,210s] GC(8) Metaspace: 52899K->52899K(1097728K)
[2021-11-24T02:05:05.610-0100][28,210s] GC(8) Pause Young (Normal) (G1 Evacuation Pause) 263M->39M(512M) 7,084ms
[2021-11-24T02:05:05.610-0100][28,210s] GC(8) User=0,08s Sys=0,00s Real=0,01s
[2021-11-24T02:05:06.160-0100][28,760s] GC(9) Pause Young (Concurrent Start) (Metadata GC Threshold)
[2021-11-24T02:05:06.160-0100][28,760s] GC(9) Using 10 workers of 10 for evacuation
[2021-11-24T02:05:06.174-0100][28,775s] GC(9)   Pre Evacuate Collection Set: 0,1ms
[2021-11-24T02:05:06.185-0100][28,785s] GC(9)   Evacuate Collection Set: 13,9ms
[2021-11-24T02:05:06.185-0100][28,785s] GC(9)   Post Evacuate Collection Set: 0,4ms
[2021-11-24T02:05:06.185-0100][28,785s] GC(9)   Other: 0,2ms
[2021-11-24T02:05:06.185-0100][28,785s] GC(9) Eden regions: 80->0(284)
[2021-11-24T02:05:06.185-0100][28,785s] GC(9) Survivor regions: 16->23(38)
[2021-11-24T02:05:06.185-0100][28,785s] GC(9) Old regions: 21->21
[2021-11-24T02:05:06.185-0100][28,786s] GC(9) Humongous regions: 4->4
[2021-11-24T02:05:06.185-0100][28,786s] GC(9) Metaspace: 58068K->58068K(1101824K)
[2021-11-24T02:05:06.185-0100][28,786s] GC(9) Pause Young (Concurrent Start) (Metadata GC Threshold) 119M->47M(512M) 25,405ms
[2021-11-24T02:05:06.185-0100][28,786s] GC(9) User=0,12s Sys=0,00s Real=0,02s
[2021-11-24T02:05:06.185-0100][28,786s] GC(10) Concurrent Cycle
[2021-11-24T02:05:06.185-0100][28,786s] GC(10) Concurrent Clear Claimed Marks
[2021-11-24T02:05:06.185-0100][28,786s] GC(10) Concurrent Clear Claimed Marks 0,120ms
[2021-11-24T02:05:06.185-0100][28,786s] GC(10) Concurrent Scan Root Regions
[2021-11-24T02:05:06.191-0100][28,792s] GC(10) Concurrent Scan Root Regions 5,750ms
[2021-11-24T02:05:06.191-0100][28,792s] GC(10) Concurrent Mark (28,792s)
[2021-11-24T02:05:06.191-0100][28,792s] GC(10) Concurrent Mark From Roots
[2021-11-24T02:05:06.191-0100][28,792s] GC(10) Using 3 workers of 3 for marking
[2021-11-24T02:05:06.202-0100][28,802s] GC(10) Concurrent Mark From Roots 10,400ms
[2021-11-24T02:05:06.202-0100][28,802s] GC(10) Concurrent Preclean
[2021-11-24T02:05:06.202-0100][28,802s] GC(10) Concurrent Preclean 0,128ms
[2021-11-24T02:05:06.202-0100][28,802s] GC(10) Concurrent Mark (28,792s, 28,802s) 10,598ms
[2021-11-24T02:05:06.202-0100][28,803s] GC(10) Pause Remark
[2021-11-24T02:05:06.206-0100][28,807s] GC(10) Cleaned string and symbol table, strings: 28523 processed, 1 removed, symbols: 176519 processed, 578 removed
[2021-11-24T02:05:06.226-0100][28,826s] GC(10) Pause Remark 51M->51M(512M) 23,842ms
[2021-11-24T02:05:06.226-0100][28,827s] GC(10) User=0,04s Sys=0,00s Real=0,02s
[2021-11-24T02:05:06.226-0100][28,827s] GC(10) Concurrent Rebuild Remembered Sets
[2021-11-24T02:05:06.233-0100][28,834s] GC(10) Concurrent Rebuild Remembered Sets 7,175ms
[2021-11-24T02:05:06.253-0100][28,854s] GC(10) Pause Cleanup
[2021-11-24T02:05:06.253-0100][28,854s] GC(10) Pause Cleanup 53M->53M(512M) 0,207ms
[2021-11-24T02:05:06.279-0100][28,879s] GC(10) User=0,02s Sys=0,00s Real=0,02s
[2021-11-24T02:05:06.279-0100][28,879s] GC(10) Concurrent Cleanup for Next Mark
[2021-11-24T02:05:06.280-0100][28,880s] GC(10) Concurrent Cleanup for Next Mark 1,018ms
[2021-11-24T02:05:06.280-0100][28,881s] GC(10) Concurrent Cycle 94,632ms
[2021-11-24T02:27:28.816-0100][1371,430s] GC(11) Pause Young (Normal) (G1 Evacuation Pause)
[2021-11-24T02:27:28.816-0100][1371,430s] GC(11) Using 10 workers of 10 for evacuation
[2021-11-24T02:27:28.857-0100][1371,471s] GC(11)   Pre Evacuate Collection Set: 0,0ms
[2021-11-24T02:27:28.871-0100][1371,485s] GC(11)   Evacuate Collection Set: 37,4ms
[2021-11-24T02:27:28.871-0100][1371,485s] GC(11)   Post Evacuate Collection Set: 3,2ms
[2021-11-24T02:27:28.871-0100][1371,485s] GC(11)   Other: 0,5ms
[2021-11-24T02:27:28.871-0100][1371,485s] GC(11) Eden regions: 284->0(276)
[2021-11-24T02:27:28.871-0100][1371,485s] GC(11) Survivor regions: 23->31(39)
[2021-11-24T02:27:28.871-0100][1371,485s] GC(11) Old regions: 21->29
[2021-11-24T02:27:28.871-0100][1371,485s] GC(11) Humongous regions: 7->7
[2021-11-24T02:27:28.871-0100][1371,486s] GC(11) Metaspace: 65669K->65669K(1110016K)
[2021-11-24T02:27:28.871-0100][1371,486s] GC(11) Pause Young (Normal) (G1 Evacuation Pause) 334M->66M(512M) 55,389ms
[2021-11-24T02:27:28.871-0100][1371,486s] GC(11) User=0,14s Sys=0,09s Real=0,06s
[2021-11-24T02:32:42.829-0100][1685,446s] GC(12) Pause Young (Normal) (G1 Evacuation Pause)
[2021-11-24T02:32:42.830-0100][1685,447s] GC(12) Using 10 workers of 10 for evacuation
[2021-11-24T02:32:42.848-0100][1685,465s] GC(12)   Pre Evacuate Collection Set: 0,0ms
[2021-11-24T02:32:42.848-0100][1685,465s] GC(12)   Evacuate Collection Set: 16,2ms
[2021-11-24T02:32:42.848-0100][1685,465s] GC(12)   Post Evacuate Collection Set: 1,8ms
[2021-11-24T02:32:42.848-0100][1685,465s] GC(12)   Other: 1,0ms
[2021-11-24T02:32:42.848-0100][1685,465s] GC(12) Eden regions: 276->0(285)
[2021-11-24T02:32:42.849-0100][1685,465s] GC(12) Survivor regions: 31->22(39)
[2021-11-24T02:32:42.849-0100][1685,465s] GC(12) Old regions: 29->54
[2021-11-24T02:32:42.849-0100][1685,465s] GC(12) Humongous regions: 8->7
[2021-11-24T02:32:42.849-0100][1685,465s] GC(12) Metaspace: 69384K->69384K(1112064K)
[2021-11-24T02:32:42.849-0100][1685,465s] GC(12) Pause Young (Normal) (G1 Evacuation Pause) 343M->82M(512M) 19,145ms
[2021-11-24T02:32:42.849-0100][1685,465s] GC(12) User=0,16s Sys=0,04s Real=0,02s
