[2021-11-22T22:44:51.820-0100][0.012s] Heap region size: 1M
[2021-11-22T22:44:52.209-0100][0.401s] Using G1
[2021-11-22T22:44:52.209-0100][0.401s] Heap address: 0x00000007e0000000, size: 512 MB, Compressed Oops mode: Zero based, Oop shift amount: 3
[2021-11-22T22:44:52.804-0100][0,997s] GC(0) Pause Young (Normal) (G1 Evacuation Pause)
[2021-11-22T22:44:52.805-0100][0,997s] GC(0) Using 10 workers of 10 for evacuation
[2021-11-22T22:44:52.807-0100][1,000s] GC(0)   Pre Evacuate Collection Set: 0,0ms
[2021-11-22T22:44:52.807-0100][1,000s] GC(0)   Evacuate Collection Set: 2,1ms
[2021-11-22T22:44:52.807-0100][1,000s] GC(0)   Post Evacuate Collection Set: 0,3ms
[2021-11-22T22:44:52.807-0100][1,000s] GC(0)   Other: 0,8ms
[2021-11-22T22:44:52.807-0100][1,000s] GC(0) Eden regions: 30->0(303)
[2021-11-22T22:44:52.807-0100][1,000s] GC(0) Survivor regions: 0->4(4)
[2021-11-22T22:44:52.807-0100][1,000s] GC(0) Old regions: 0->0
[2021-11-22T22:44:52.807-0100][1,000s] GC(0) Humongous regions: 0->0
[2021-11-22T22:44:52.807-0100][1,000s] GC(0) Metaspace: 13269K->13269K(1060864K)
[2021-11-22T22:44:52.807-0100][1,000s] GC(0) Pause Young (Normal) (G1 Evacuation Pause) 30M->3M(512M) 3,372ms
[2021-11-22T22:44:52.807-0100][1,000s] GC(0) User=0,02s Sys=0,00s Real=0,00s
[2021-11-22T22:44:53.193-0100][1,386s] GC(1) Pause Young (Concurrent Start) (Metadata GC Threshold)
[2021-11-22T22:44:53.193-0100][1,386s] GC(1) Using 10 workers of 10 for evacuation
[2021-11-22T22:44:53.202-0100][1,395s] GC(1)   Pre Evacuate Collection Set: 0,0ms
[2021-11-22T22:44:53.202-0100][1,395s] GC(1)   Evacuate Collection Set: 8,0ms
[2021-11-22T22:44:53.202-0100][1,395s] GC(1)   Post Evacuate Collection Set: 0,4ms
[2021-11-22T22:44:53.202-0100][1,395s] GC(1)   Other: 0,2ms
[2021-11-22T22:44:53.202-0100][1,395s] GC(1) Eden regions: 25->0(295)
[2021-11-22T22:44:53.202-0100][1,395s] GC(1) Survivor regions: 4->12(39)
[2021-11-22T22:44:53.202-0100][1,395s] GC(1) Old regions: 0->0
[2021-11-22T22:44:53.202-0100][1,395s] GC(1) Humongous regions: 4->4
[2021-11-22T22:44:53.202-0100][1,395s] GC(1) Metaspace: 20556K->20556K(1069056K)
[2021-11-22T22:44:53.202-0100][1,395s] GC(1) Pause Young (Concurrent Start) (Metadata GC Threshold) 31M->15M(512M) 8,813ms
[2021-11-22T22:44:53.202-0100][1,395s] GC(1) User=0,04s Sys=0,00s Real=0,01s
[2021-11-22T22:44:53.202-0100][1,395s] GC(2) Concurrent Cycle
[2021-11-22T22:44:53.202-0100][1,395s] GC(2) Concurrent Clear Claimed Marks
[2021-11-22T22:44:53.202-0100][1,395s] GC(2) Concurrent Clear Claimed Marks 0,036ms
[2021-11-22T22:44:53.202-0100][1,395s] GC(2) Concurrent Scan Root Regions
[2021-11-22T22:44:53.205-0100][1,398s] GC(2) Concurrent Scan Root Regions 2,571ms
[2021-11-22T22:44:53.205-0100][1,398s] GC(2) Concurrent Mark (1,398s)
[2021-11-22T22:44:53.205-0100][1,398s] GC(2) Concurrent Mark From Roots
[2021-11-22T22:44:53.205-0100][1,398s] GC(2) Using 3 workers of 3 for marking
[2021-11-22T22:44:53.206-0100][1,398s] GC(2) Concurrent Mark From Roots 0,800ms
[2021-11-22T22:44:53.206-0100][1,398s] GC(2) Concurrent Preclean
[2021-11-22T22:44:53.206-0100][1,399s] GC(2) Concurrent Preclean 0,033ms
[2021-11-22T22:44:53.206-0100][1,399s] GC(2) Concurrent Mark (1,398s, 1,399s) 0,895ms
[2021-11-22T22:44:53.206-0100][1,399s] GC(2) Pause Remark
[2021-11-22T22:44:53.208-0100][1,400s] GC(2) Cleaned string and symbol table, strings: 9983 processed, 0 removed, symbols: 67363 processed, 21 removed
[2021-11-22T22:44:53.208-0100][1,400s] GC(2) Pause Remark 16M->16M(512M) 1,659ms
[2021-11-22T22:44:53.208-0100][1,400s] GC(2) User=0,01s Sys=0,00s Real=0,00s
[2021-11-22T22:44:53.208-0100][1,400s] GC(2) Concurrent Rebuild Remembered Sets
[2021-11-22T22:44:53.210-0100][1,403s] GC(2) Concurrent Rebuild Remembered Sets 2,609ms
[2021-11-22T22:44:53.211-0100][1,403s] GC(2) Pause Cleanup
[2021-11-22T22:44:53.211-0100][1,403s] GC(2) Pause Cleanup 16M->16M(512M) 0,099ms
[2021-11-22T22:44:53.211-0100][1,403s] GC(2) User=0,00s Sys=0,00s Real=0,00s
[2021-11-22T22:44:53.211-0100][1,403s] GC(2) Concurrent Cleanup for Next Mark
[2021-11-22T22:44:53.211-0100][1,404s] GC(2) Concurrent Cleanup for Next Mark 0,683ms
[2021-11-22T22:44:53.211-0100][1,404s] GC(2) Concurrent Cycle 9,099ms
[2021-11-22T22:44:54.669-0100][2,861s] GC(3) Pause Young (Concurrent Start) (Metadata GC Threshold)
[2021-11-22T22:44:54.669-0100][2,861s] GC(3) Using 10 workers of 10 for evacuation
[2021-11-22T22:44:54.681-0100][2,873s] GC(3)   Pre Evacuate Collection Set: 0,0ms
[2021-11-22T22:44:54.681-0100][2,873s] GC(3)   Evacuate Collection Set: 11,0ms
[2021-11-22T22:44:54.681-0100][2,873s] GC(3)   Post Evacuate Collection Set: 0,7ms
[2021-11-22T22:44:54.681-0100][2,873s] GC(3)   Other: 0,2ms
[2021-11-22T22:44:54.681-0100][2,873s] GC(3) Eden regions: 117->0(124)
[2021-11-22T22:44:54.681-0100][2,873s] GC(3) Survivor regions: 12->21(39)
[2021-11-22T22:44:54.681-0100][2,873s] GC(3) Old regions: 0->0
[2021-11-22T22:44:54.681-0100][2,873s] GC(3) Humongous regions: 4->4
[2021-11-22T22:44:54.681-0100][2,873s] GC(3) Metaspace: 34576K->34576K(1081344K)
[2021-11-22T22:44:54.681-0100][2,873s] GC(3) Pause Young (Concurrent Start) (Metadata GC Threshold) 132M->24M(512M) 12,152ms
[2021-11-22T22:44:54.681-0100][2,873s] GC(3) User=0,08s Sys=0,00s Real=0,02s
[2021-11-22T22:44:54.681-0100][2,873s] GC(4) Concurrent Cycle
[2021-11-22T22:44:54.681-0100][2,873s] GC(4) Concurrent Clear Claimed Marks
[2021-11-22T22:44:54.681-0100][2,874s] GC(4) Concurrent Clear Claimed Marks 0,037ms
[2021-11-22T22:44:54.681-0100][2,874s] GC(4) Concurrent Scan Root Regions
[2021-11-22T22:44:54.686-0100][2,878s] GC(4) Concurrent Scan Root Regions 4,660ms
[2021-11-22T22:44:54.686-0100][2,878s] GC(4) Concurrent Mark (2,878s)
[2021-11-22T22:44:54.686-0100][2,878s] GC(4) Concurrent Mark From Roots
[2021-11-22T22:44:54.686-0100][2,878s] GC(4) Using 3 workers of 3 for marking
[2021-11-22T22:44:54.691-0100][2,883s] GC(4) Concurrent Mark From Roots 5,142ms
[2021-11-22T22:44:54.691-0100][2,883s] GC(4) Concurrent Preclean
[2021-11-22T22:44:54.691-0100][2,883s] GC(4) Concurrent Preclean 0,039ms
[2021-11-22T22:44:54.691-0100][2,883s] GC(4) Concurrent Mark (2,878s, 2,883s) 5,259ms
[2021-11-22T22:44:54.691-0100][2,884s] GC(4) Pause Remark
[2021-11-22T22:44:54.693-0100][2,885s] GC(4) Cleaned string and symbol table, strings: 15382 processed, 0 removed, symbols: 112739 processed, 40 removed
[2021-11-22T22:44:54.693-0100][2,886s] GC(4) Pause Remark 25M->25M(512M) 2,103ms
[2021-11-22T22:44:54.693-0100][2,886s] GC(4) User=0,02s Sys=0,00s Real=0,00s
[2021-11-22T22:44:54.693-0100][2,886s] GC(4) Concurrent Rebuild Remembered Sets
[2021-11-22T22:44:54.696-0100][2,888s] GC(4) Concurrent Rebuild Remembered Sets 2,526ms
[2021-11-22T22:44:54.696-0100][2,889s] GC(4) Pause Cleanup
[2021-11-22T22:44:54.696-0100][2,889s] GC(4) Pause Cleanup 25M->25M(512M) 0,126ms
[2021-11-22T22:44:54.696-0100][2,889s] GC(4) User=0,00s Sys=0,00s Real=0,00s
[2021-11-22T22:44:54.696-0100][2,889s] GC(4) Concurrent Cleanup for Next Mark
[2021-11-22T22:44:54.697-0100][2,889s] GC(4) Concurrent Cleanup for Next Mark 0,700ms
[2021-11-22T22:44:54.697-0100][2,889s] GC(4) Concurrent Cycle 16,039ms
[2021-11-22T22:45:19.024-0100][27,213s] GC(5) Pause Young (Normal) (G1 Evacuation Pause)
[2021-11-22T22:45:19.024-0100][27,214s] GC(5) Using 10 workers of 10 for evacuation
[2021-11-22T22:45:19.038-0100][27,228s] GC(5)   Pre Evacuate Collection Set: 0,0ms
[2021-11-22T22:45:19.039-0100][27,228s] GC(5)   Evacuate Collection Set: 13,5ms
[2021-11-22T22:45:19.039-0100][27,228s] GC(5)   Post Evacuate Collection Set: 0,8ms
[2021-11-22T22:45:19.039-0100][27,228s] GC(5)   Other: 0,5ms
[2021-11-22T22:45:19.039-0100][27,228s] GC(5) Eden regions: 122->0(182)
[2021-11-22T22:45:19.039-0100][27,228s] GC(5) Survivor regions: 21->18(18)
[2021-11-22T22:45:19.039-0100][27,228s] GC(5) Old regions: 0->12
[2021-11-22T22:45:19.039-0100][27,228s] GC(5) Humongous regions: 5->4
[2021-11-22T22:45:19.039-0100][27,228s] GC(5) Metaspace: 48305K->48305K(1093632K)
[2021-11-22T22:45:19.039-0100][27,228s] GC(5) Pause Young (Normal) (G1 Evacuation Pause) 147M->33M(512M) 15,032ms
[2021-11-22T22:45:19.039-0100][27,228s] GC(5) User=0,11s Sys=0,02s Real=0,01s
[2021-11-22T22:45:20.061-0100][28,250s] GC(6) Pause Young (Normal) (G1 Evacuation Pause)
[2021-11-22T22:45:20.061-0100][28,250s] GC(6) Using 10 workers of 10 for evacuation
[2021-11-22T22:45:20.069-0100][28,259s] GC(6)   Pre Evacuate Collection Set: 0,0ms
[2021-11-22T22:45:20.069-0100][28,259s] GC(6)   Evacuate Collection Set: 7,9ms
[2021-11-22T22:45:20.069-0100][28,259s] GC(6)   Post Evacuate Collection Set: 0,6ms
[2021-11-22T22:45:20.070-0100][28,259s] GC(6)   Other: 0,2ms
[2021-11-22T22:45:20.070-0100][28,259s] GC(6) Eden regions: 182->0(294)
[2021-11-22T22:45:20.070-0100][28,259s] GC(6) Survivor regions: 18->13(25)
[2021-11-22T22:45:20.070-0100][28,259s] GC(6) Old regions: 12->21
[2021-11-22T22:45:20.070-0100][28,259s] GC(6) Humongous regions: 4->4
[2021-11-22T22:45:20.070-0100][28,259s] GC(6) Metaspace: 54218K->54218K(1097728K)
[2021-11-22T22:45:20.070-0100][28,259s] GC(6) Pause Young (Normal) (G1 Evacuation Pause) 215M->38M(512M) 8,813ms
[2021-11-22T22:45:20.070-0100][28,259s] GC(6) User=0,08s Sys=0,01s Real=0,01s
[2021-11-22T22:45:20.555-0100][28,744s] GC(7) Pause Young (Concurrent Start) (Metadata GC Threshold)
[2021-11-22T22:45:20.579-0100][28,768s] GC(7) Using 10 workers of 10 for evacuation
[2021-11-22T22:45:20.591-0100][28,780s] GC(7)   Pre Evacuate Collection Set: 0,2ms
[2021-11-22T22:45:20.591-0100][28,780s] GC(7)   Evacuate Collection Set: 10,9ms
[2021-11-22T22:45:20.591-0100][28,780s] GC(7)   Post Evacuate Collection Set: 0,3ms
[2021-11-22T22:45:20.591-0100][28,780s] GC(7)   Other: 24,0ms
[2021-11-22T22:45:20.591-0100][28,780s] GC(7) Eden regions: 49->0(289)
[2021-11-22T22:45:20.591-0100][28,780s] GC(7) Survivor regions: 13->18(39)
[2021-11-22T22:45:20.591-0100][28,780s] GC(7) Old regions: 21->21
[2021-11-22T22:45:20.591-0100][28,780s] GC(7) Humongous regions: 4->4
[2021-11-22T22:45:20.591-0100][28,780s] GC(7) Metaspace: 58214K->58214K(1101824K)
[2021-11-22T22:45:20.591-0100][28,780s] GC(7) Pause Young (Concurrent Start) (Metadata GC Threshold) 86M->42M(512M) 35,518ms
[2021-11-22T22:45:20.591-0100][28,780s] GC(7) User=0,10s Sys=0,01s Real=0,04s
[2021-11-22T22:45:20.591-0100][28,780s] GC(8) Concurrent Cycle
[2021-11-22T22:45:20.591-0100][28,780s] GC(8) Concurrent Clear Claimed Marks
[2021-11-22T22:45:20.591-0100][28,780s] GC(8) Concurrent Clear Claimed Marks 0,071ms
[2021-11-22T22:45:20.591-0100][28,780s] GC(8) Concurrent Scan Root Regions
[2021-11-22T22:45:20.597-0100][28,785s] GC(8) Concurrent Scan Root Regions 5,623ms
[2021-11-22T22:45:20.628-0100][28,817s] GC(8) Concurrent Mark (28,817s)
[2021-11-22T22:45:20.628-0100][28,817s] GC(8) Concurrent Mark From Roots
[2021-11-22T22:45:20.628-0100][28,817s] GC(8) Using 3 workers of 3 for marking
[2021-11-22T22:45:20.642-0100][28,831s] GC(8) Concurrent Mark From Roots 13,260ms
[2021-11-22T22:45:20.657-0100][28,846s] GC(8) Concurrent Preclean
[2021-11-22T22:45:20.657-0100][28,846s] GC(8) Concurrent Preclean 0,140ms
[2021-11-22T22:45:20.658-0100][28,847s] GC(8) Concurrent Mark (28,817s, 28,846s) 29,239ms
[2021-11-22T22:45:20.658-0100][28,847s] GC(8) Pause Remark
[2021-11-22T22:45:20.661-0100][28,850s] GC(8) Cleaned string and symbol table, strings: 28476 processed, 31 removed, symbols: 177700 processed, 578 removed
[2021-11-22T22:45:20.662-0100][28,850s] GC(8) Pause Remark 50M->50M(512M) 3,747ms
[2021-11-22T22:45:20.662-0100][28,850s] GC(8) User=0,03s Sys=0,00s Real=0,01s
[2021-11-22T22:45:20.662-0100][28,850s] GC(8) Concurrent Rebuild Remembered Sets
[2021-11-22T22:45:20.672-0100][28,861s] GC(8) Concurrent Rebuild Remembered Sets 10,334ms
[2021-11-22T22:45:20.694-0100][28,883s] GC(8) Pause Cleanup
[2021-11-22T22:45:20.695-0100][28,883s] GC(8) Pause Cleanup 51M->51M(512M) 0,126ms
[2021-11-22T22:45:20.695-0100][28,883s] GC(8) User=0,00s Sys=0,01s Real=0,00s
[2021-11-22T22:45:20.695-0100][28,884s] GC(8) Concurrent Cleanup for Next Mark
[2021-11-22T22:45:20.695-0100][28,884s] GC(8) Concurrent Cleanup for Next Mark 0,778ms
[2021-11-22T22:45:20.695-0100][28,884s] GC(8) Concurrent Cycle 104,623ms
[2021-11-23T14:01:02.386-0100][22685,305s] GC(9) Pause Young (Concurrent Start) (G1 Evacuation Pause)
[2021-11-23T14:01:02.388-0100][22685,305s] GC(9) Using 10 workers of 10 for evacuation
[2021-11-23T14:01:02.530-0100][22685,447s] GC(9)   Pre Evacuate Collection Set: 19,4ms
[2021-11-23T14:01:02.530-0100][22685,447s] GC(9)   Evacuate Collection Set: 105,2ms
[2021-11-23T14:01:02.530-0100][22685,447s] GC(9)   Post Evacuate Collection Set: 12,4ms
[2021-11-23T14:01:02.530-0100][22685,447s] GC(9)   Other: 6,6ms
[2021-11-23T14:01:02.530-0100][22685,447s] GC(9) Eden regions: 289->0(286)
[2021-11-23T14:01:02.530-0100][22685,448s] GC(9) Survivor regions: 18->21(39)
[2021-11-23T14:01:02.530-0100][22685,448s] GC(9) Old regions: 21->21
[2021-11-23T14:01:02.530-0100][22685,448s] GC(9) Humongous regions: 7->7
[2021-11-23T14:01:02.530-0100][22685,448s] GC(9) Metaspace: 64407K->64407K(1107968K)
[2021-11-23T14:01:02.530-0100][22685,448s] GC(9) Pause Young (Concurrent Start) (G1 Evacuation Pause) 334M->48M(512M) 143,613ms
[2021-11-23T14:01:02.530-0100][22685,448s] GC(9) User=0,10s Sys=0,32s Real=0,15s
[2021-11-23T14:01:02.531-0100][22685,448s] GC(10) Concurrent Cycle
[2021-11-23T14:01:02.531-0100][22685,448s] GC(10) Concurrent Clear Claimed Marks
[2021-11-23T14:01:02.531-0100][22685,449s] GC(10) Concurrent Clear Claimed Marks 0,131ms
[2021-11-23T14:01:02.531-0100][22685,449s] GC(10) Concurrent Scan Root Regions
[2021-11-23T14:01:02.544-0100][22685,462s] GC(10) Concurrent Scan Root Regions 13,166ms
[2021-11-23T14:01:02.545-0100][22685,462s] GC(10) Concurrent Mark (22685,462s)
[2021-11-23T14:01:02.545-0100][22685,462s] GC(10) Concurrent Mark From Roots
[2021-11-23T14:01:02.545-0100][22685,462s] GC(10) Using 3 workers of 3 for marking
[2021-11-23T14:01:02.575-0100][22685,493s] GC(10) Concurrent Mark From Roots 30,401ms
[2021-11-23T14:01:02.575-0100][22685,493s] GC(10) Concurrent Preclean
[2021-11-23T14:01:02.575-0100][22685,493s] GC(10) Concurrent Preclean 0,242ms
[2021-11-23T14:01:02.575-0100][22685,493s] GC(10) Concurrent Mark (22685,462s, 22685,493s) 30,741ms
[2021-11-23T14:01:02.576-0100][22685,494s] GC(10) Pause Remark
[2021-11-23T14:01:02.748-0100][22685,666s] GC(10) Cleaned string and symbol table, strings: 30391 processed, 997 removed, symbols: 183154 processed, 8 removed
[2021-11-23T14:01:02.749-0100][22685,667s] GC(10) Pause Remark 50M->50M(512M) 173,223ms
[2021-11-23T14:01:02.750-0100][22685,667s] GC(10) User=0,07s Sys=0,38s Real=0,18s
[2021-11-23T14:01:02.750-0100][22685,667s] GC(10) Concurrent Rebuild Remembered Sets
[2021-11-23T14:01:02.759-0100][22685,676s] GC(10) Concurrent Rebuild Remembered Sets 8,939ms
[2021-11-23T14:01:02.759-0100][22685,677s] GC(10) Pause Cleanup
[2021-11-23T14:01:02.759-0100][22685,677s] GC(10) Pause Cleanup 50M->50M(512M) 0,275ms
[2021-11-23T14:01:02.759-0100][22685,677s] GC(10) User=0,00s Sys=0,00s Real=0,00s
[2021-11-23T14:01:02.759-0100][22685,677s] GC(10) Concurrent Cleanup for Next Mark
[2021-11-23T14:01:02.763-0100][22685,681s] GC(10) Concurrent Cleanup for Next Mark 4,166ms
[2021-11-23T14:01:02.763-0100][22685,681s] GC(10) Concurrent Cycle 233,514ms
[2021-11-23T16:14:32.165-0100][30674,700s] GC(11) Pause Young (Normal) (G1 Evacuation Pause)
[2021-11-23T16:14:32.166-0100][30674,701s] GC(11) Using 10 workers of 10 for evacuation
[2021-11-23T16:14:32.368-0100][30674,902s] GC(11)   Pre Evacuate Collection Set: 0,3ms
[2021-11-23T16:14:32.368-0100][30674,903s] GC(11)   Evacuate Collection Set: 185,1ms
[2021-11-23T16:14:32.368-0100][30674,903s] GC(11)   Post Evacuate Collection Set: 16,1ms
[2021-11-23T16:14:32.368-0100][30674,903s] GC(11)   Other: 0,9ms
[2021-11-23T16:14:32.368-0100][30674,903s] GC(11) Eden regions: 286->0(288)
[2021-11-23T16:14:32.368-0100][30674,903s] GC(11) Survivor regions: 21->19(39)
[2021-11-23T16:14:32.368-0100][30674,903s] GC(11) Old regions: 21->21
[2021-11-23T16:14:32.368-0100][30674,903s] GC(11) Humongous regions: 7->7
[2021-11-23T16:14:32.368-0100][30674,903s] GC(11) Metaspace: 64841K->64841K(1107968K)
[2021-11-23T16:14:32.368-0100][30674,903s] GC(11) Pause Young (Normal) (G1 Evacuation Pause) 334M->46M(512M) 202,729ms
[2021-11-23T16:14:32.368-0100][30674,903s] GC(11) User=0,13s Sys=0,43s Real=0,20s
[2021-11-23T21:16:49.610-0100][41777,709s] GC(12) Pause Young (Normal) (G1 Evacuation Pause)
[2021-11-23T21:16:49.611-0100][41777,710s] GC(12) Using 10 workers of 10 for evacuation
[2021-11-23T21:16:49.683-0100][41777,782s] GC(12)   Pre Evacuate Collection Set: 0,3ms
[2021-11-23T21:16:49.683-0100][41777,782s] GC(12)   Evacuate Collection Set: 70,8ms
[2021-11-23T21:16:49.683-0100][41777,782s] GC(12)   Post Evacuate Collection Set: 0,9ms
[2021-11-23T21:16:49.683-0100][41777,782s] GC(12)   Other: 1,1ms
[2021-11-23T21:16:49.683-0100][41777,782s] GC(12) Eden regions: 288->0(288)
[2021-11-23T21:16:49.683-0100][41777,782s] GC(12) Survivor regions: 19->19(39)
[2021-11-23T21:16:49.683-0100][41777,782s] GC(12) Old regions: 21->21
[2021-11-23T21:16:49.683-0100][41777,783s] GC(12) Humongous regions: 7->7
[2021-11-23T21:16:49.683-0100][41777,783s] GC(12) Metaspace: 65323K->65323K(1107968K)
[2021-11-23T21:16:49.683-0100][41777,783s] GC(12) Pause Young (Normal) (G1 Evacuation Pause) 334M->47M(512M) 73,301ms
[2021-11-23T21:16:49.683-0100][41777,783s] GC(12) User=0,07s Sys=0,30s Real=0,07s
[2021-11-24T01:41:03.927-0100][52674,413s] Heap
[2021-11-24T01:41:03.928-0100][52674,413s]  garbage-first heap   total 524288K, used 313344K [0x00000007e0000000, 0x0000000800000000)
[2021-11-24T01:41:03.928-0100][52674,413s]   region size 1024K, 279 young (285696K), 19 survivors (19456K)
[2021-11-24T01:41:03.928-0100][52674,413s]  Metaspace       used 66388K, capacity 67903K, committed 68380K, reserved 1110016K
[2021-11-24T01:41:03.928-0100][52674,413s]   class space    used 7419K, capacity 8012K, committed 8096K, reserved 1048576K
