[2021-12-03T04:42:50.782-0100][0.010s] Heap region size: 1M
[2021-12-03T04:42:50.991-0100][0.218s] Using G1
[2021-12-03T04:42:50.991-0100][0.218s] Heap address: 0x00000007e0000000, size: 512 MB, Compressed Oops mode: Zero based, Oop shift amount: 3
[2021-12-03T04:42:51.491-0100][0,718s] GC(0) Pause Young (Normal) (G1 Evacuation Pause)
[2021-12-03T04:42:51.491-0100][0,718s] GC(0) Using 10 workers of 10 for evacuation
[2021-12-03T04:42:51.493-0100][0,720s] GC(0)   Pre Evacuate Collection Set: 0,0ms
[2021-12-03T04:42:51.493-0100][0,720s] GC(0)   Evacuate Collection Set: 1,6ms
[2021-12-03T04:42:51.493-0100][0,720s] GC(0)   Post Evacuate Collection Set: 0,3ms
[2021-12-03T04:42:51.493-0100][0,720s] GC(0)   Other: 0,5ms
[2021-12-03T04:42:51.493-0100][0,720s] GC(0) Eden regions: 30->0(304)
[2021-12-03T04:42:51.493-0100][0,720s] GC(0) Survivor regions: 0->3(4)
[2021-12-03T04:42:51.493-0100][0,720s] GC(0) Old regions: 0->0
[2021-12-03T04:42:51.493-0100][0,720s] GC(0) Humongous regions: 0->0
[2021-12-03T04:42:51.493-0100][0,720s] GC(0) Metaspace: 12871K->12871K(1060864K)
[2021-12-03T04:42:51.493-0100][0,720s] GC(0) Pause Young (Normal) (G1 Evacuation Pause) 30M->2M(512M) 2,496ms
[2021-12-03T04:42:51.493-0100][0,720s] GC(0) User=0,01s Sys=0,00s Real=0,00s
[2021-12-03T04:42:51.845-0100][1,072s] GC(1) Pause Young (Concurrent Start) (Metadata GC Threshold)
[2021-12-03T04:42:51.845-0100][1,072s] GC(1) Using 10 workers of 10 for evacuation
[2021-12-03T04:42:51.854-0100][1,082s] GC(1)   Pre Evacuate Collection Set: 0,0ms
[2021-12-03T04:42:51.855-0100][1,082s] GC(1)   Evacuate Collection Set: 8,9ms
[2021-12-03T04:42:51.855-0100][1,082s] GC(1)   Post Evacuate Collection Set: 0,4ms
[2021-12-03T04:42:51.855-0100][1,082s] GC(1)   Other: 0,2ms
[2021-12-03T04:42:51.855-0100][1,082s] GC(1) Eden regions: 26->0(67)
[2021-12-03T04:42:51.855-0100][1,082s] GC(1) Survivor regions: 3->12(39)
[2021-12-03T04:42:51.855-0100][1,082s] GC(1) Old regions: 0->0
[2021-12-03T04:42:51.855-0100][1,082s] GC(1) Humongous regions: 4->4
[2021-12-03T04:42:51.855-0100][1,082s] GC(1) Metaspace: 20599K->20599K(1069056K)
[2021-12-03T04:42:51.855-0100][1,082s] GC(1) Pause Young (Concurrent Start) (Metadata GC Threshold) 32M->15M(512M) 9,684ms
[2021-12-03T04:42:51.855-0100][1,082s] GC(1) User=0,05s Sys=0,00s Real=0,01s
[2021-12-03T04:42:51.855-0100][1,082s] GC(2) Concurrent Cycle
[2021-12-03T04:42:51.855-0100][1,082s] GC(2) Concurrent Clear Claimed Marks
[2021-12-03T04:42:51.855-0100][1,082s] GC(2) Concurrent Clear Claimed Marks 0,034ms
[2021-12-03T04:42:51.855-0100][1,082s] GC(2) Concurrent Scan Root Regions
[2021-12-03T04:42:51.857-0100][1,085s] GC(2) Concurrent Scan Root Regions 2,400ms
[2021-12-03T04:42:51.857-0100][1,085s] GC(2) Concurrent Mark (1,085s)
[2021-12-03T04:42:51.857-0100][1,085s] GC(2) Concurrent Mark From Roots
[2021-12-03T04:42:51.857-0100][1,085s] GC(2) Using 3 workers of 3 for marking
[2021-12-03T04:42:51.858-0100][1,085s] GC(2) Concurrent Mark From Roots 0,694ms
[2021-12-03T04:42:51.858-0100][1,085s] GC(2) Concurrent Preclean
[2021-12-03T04:42:51.858-0100][1,085s] GC(2) Concurrent Preclean 0,033ms
[2021-12-03T04:42:51.858-0100][1,085s] GC(2) Concurrent Mark (1,085s, 1,085s) 0,784ms
[2021-12-03T04:42:51.858-0100][1,086s] GC(2) Pause Remark
[2021-12-03T04:42:51.859-0100][1,086s] GC(2) Cleaned string and symbol table, strings: 9959 processed, 0 removed, symbols: 67361 processed, 22 removed
[2021-12-03T04:42:51.859-0100][1,086s] GC(2) Pause Remark 16M->16M(512M) 0,981ms
[2021-12-03T04:42:51.859-0100][1,087s] GC(2) User=0,01s Sys=0,00s Real=0,00s
[2021-12-03T04:42:51.859-0100][1,087s] GC(2) Concurrent Rebuild Remembered Sets
[2021-12-03T04:42:51.862-0100][1,089s] GC(2) Concurrent Rebuild Remembered Sets 2,315ms
[2021-12-03T04:42:51.862-0100][1,089s] GC(2) Pause Cleanup
[2021-12-03T04:42:51.862-0100][1,089s] GC(2) Pause Cleanup 16M->16M(512M) 0,104ms
[2021-12-03T04:42:51.862-0100][1,089s] GC(2) User=0,00s Sys=0,00s Real=0,00s
[2021-12-03T04:42:51.862-0100][1,089s] GC(2) Concurrent Cleanup for Next Mark
[2021-12-03T04:42:51.862-0100][1,090s] GC(2) Concurrent Cleanup for Next Mark 0,604ms
[2021-12-03T04:42:51.863-0100][1,090s] GC(2) Concurrent Cycle 7,799ms
[2021-12-03T04:42:52.419-0100][1,647s] GC(3) Pause Young (Normal) (G1 Evacuation Pause)
[2021-12-03T04:42:52.420-0100][1,647s] GC(3) Using 10 workers of 10 for evacuation
[2021-12-03T04:42:52.427-0100][1,654s] GC(3)   Pre Evacuate Collection Set: 0,0ms
[2021-12-03T04:42:52.427-0100][1,654s] GC(3)   Evacuate Collection Set: 6,7ms
[2021-12-03T04:42:52.427-0100][1,654s] GC(3)   Post Evacuate Collection Set: 0,6ms
[2021-12-03T04:42:52.427-0100][1,654s] GC(3)   Other: 0,1ms
[2021-12-03T04:42:52.427-0100][1,654s] GC(3) Eden regions: 43->0(67)
[2021-12-03T04:42:52.427-0100][1,654s] GC(3) Survivor regions: 12->7(7)
[2021-12-03T04:42:52.427-0100][1,654s] GC(3) Old regions: 0->13
[2021-12-03T04:42:52.427-0100][1,654s] GC(3) Humongous regions: 4->4
[2021-12-03T04:42:52.427-0100][1,654s] GC(3) Metaspace: 25954K->25954K(1073152K)
[2021-12-03T04:42:52.427-0100][1,654s] GC(3) Pause Young (Normal) (G1 Evacuation Pause) 58M->23M(512M) 7,510ms
[2021-12-03T04:42:52.427-0100][1,654s] GC(3) User=0,07s Sys=0,00s Real=0,01s
[2021-12-03T04:42:53.048-0100][2,275s] GC(4) Pause Young (Normal) (G1 Evacuation Pause)
[2021-12-03T04:42:53.048-0100][2,275s] GC(4) Using 10 workers of 10 for evacuation
[2021-12-03T04:42:53.050-0100][2,277s] GC(4)   Pre Evacuate Collection Set: 0,0ms
[2021-12-03T04:42:53.050-0100][2,277s] GC(4)   Evacuate Collection Set: 1,7ms
[2021-12-03T04:42:53.050-0100][2,277s] GC(4)   Post Evacuate Collection Set: 0,2ms
[2021-12-03T04:42:53.050-0100][2,277s] GC(4)   Other: 0,1ms
[2021-12-03T04:42:53.050-0100][2,277s] GC(4) Eden regions: 67->0(111)
[2021-12-03T04:42:53.050-0100][2,277s] GC(4) Survivor regions: 7->2(10)
[2021-12-03T04:42:53.050-0100][2,277s] GC(4) Old regions: 13->20
[2021-12-03T04:42:53.050-0100][2,277s] GC(4) Humongous regions: 4->4
[2021-12-03T04:42:53.050-0100][2,277s] GC(4) Metaspace: 34187K->34187K(1081344K)
[2021-12-03T04:42:53.050-0100][2,277s] GC(4) Pause Young (Normal) (G1 Evacuation Pause) 90M->25M(512M) 2,146ms
[2021-12-03T04:42:53.050-0100][2,277s] GC(4) User=0,02s Sys=0,00s Real=0,01s
[2021-12-03T04:42:53.061-0100][2,288s] GC(5) Pause Young (Concurrent Start) (Metadata GC Threshold)
[2021-12-03T04:42:53.061-0100][2,288s] GC(5) Using 10 workers of 10 for evacuation
[2021-12-03T04:42:53.063-0100][2,291s] GC(5)   Pre Evacuate Collection Set: 0,1ms
[2021-12-03T04:42:53.063-0100][2,291s] GC(5)   Evacuate Collection Set: 2,1ms
[2021-12-03T04:42:53.063-0100][2,291s] GC(5)   Post Evacuate Collection Set: 0,1ms
[2021-12-03T04:42:53.063-0100][2,291s] GC(5)   Other: 0,2ms
[2021-12-03T04:42:53.063-0100][2,291s] GC(5) Eden regions: 1->0(115)
[2021-12-03T04:42:53.063-0100][2,291s] GC(5) Survivor regions: 2->2(15)
[2021-12-03T04:42:53.063-0100][2,291s] GC(5) Old regions: 20->20
[2021-12-03T04:42:53.063-0100][2,291s] GC(5) Humongous regions: 4->4
[2021-12-03T04:42:53.063-0100][2,291s] GC(5) Metaspace: 34684K->34684K(1081344K)
[2021-12-03T04:42:53.063-0100][2,291s] GC(5) Pause Young (Concurrent Start) (Metadata GC Threshold) 26M->25M(512M) 2,631ms
[2021-12-03T04:42:53.063-0100][2,291s] GC(5) User=0,01s Sys=0,00s Real=0,00s
[2021-12-03T04:42:53.063-0100][2,291s] GC(6) Concurrent Cycle
[2021-12-03T04:42:53.063-0100][2,291s] GC(6) Concurrent Clear Claimed Marks
[2021-12-03T04:42:53.064-0100][2,291s] GC(6) Concurrent Clear Claimed Marks 0,032ms
[2021-12-03T04:42:53.064-0100][2,291s] GC(6) Concurrent Scan Root Regions
[2021-12-03T04:42:53.065-0100][2,292s] GC(6) Concurrent Scan Root Regions 1,113ms
[2021-12-03T04:42:53.065-0100][2,292s] GC(6) Concurrent Mark (2,292s)
[2021-12-03T04:42:53.065-0100][2,292s] GC(6) Concurrent Mark From Roots
[2021-12-03T04:42:53.065-0100][2,292s] GC(6) Using 3 workers of 3 for marking
[2021-12-03T04:42:53.075-0100][2,302s] GC(6) Concurrent Mark From Roots 10,371ms
[2021-12-03T04:42:53.075-0100][2,302s] GC(6) Concurrent Preclean
[2021-12-03T04:42:53.075-0100][2,303s] GC(6) Concurrent Preclean 0,106ms
[2021-12-03T04:42:53.075-0100][2,303s] GC(6) Concurrent Mark (2,292s, 2,303s) 10,545ms
[2021-12-03T04:42:53.075-0100][2,303s] GC(6) Pause Remark
[2021-12-03T04:42:53.078-0100][2,305s] GC(6) Cleaned string and symbol table, strings: 16493 processed, 25 removed, symbols: 113777 processed, 39 removed
[2021-12-03T04:42:53.078-0100][2,305s] GC(6) Pause Remark 26M->26M(512M) 2,730ms
[2021-12-03T04:42:53.078-0100][2,305s] GC(6) User=0,02s Sys=0,00s Real=0,00s
[2021-12-03T04:42:53.078-0100][2,305s] GC(6) Concurrent Rebuild Remembered Sets
[2021-12-03T04:42:53.084-0100][2,312s] GC(6) Concurrent Rebuild Remembered Sets 6,053ms
[2021-12-03T04:42:53.084-0100][2,312s] GC(6) Pause Cleanup
[2021-12-03T04:42:53.084-0100][2,312s] GC(6) Pause Cleanup 27M->27M(512M) 0,102ms
[2021-12-03T04:42:53.084-0100][2,312s] GC(6) User=0,00s Sys=0,00s Real=0,00s
[2021-12-03T04:42:53.085-0100][2,312s] GC(6) Concurrent Cleanup for Next Mark
[2021-12-03T04:42:53.085-0100][2,313s] GC(6) Concurrent Cleanup for Next Mark 0,757ms
[2021-12-03T04:42:53.085-0100][2,313s] GC(6) Concurrent Cycle 21,874ms
[2021-12-03T04:44:05.624-0100][74,852s] Heap
[2021-12-03T04:44:05.624-0100][74,852s]  garbage-first heap   total 524288K, used 105693K [0x00000007e0000000, 0x0000000800000000)
[2021-12-03T04:44:05.624-0100][74,852s]   region size 1024K, 82 young (83968K), 2 survivors (2048K)
[2021-12-03T04:44:05.624-0100][74,852s]  Metaspace       used 44152K, capacity 45185K, committed 45384K, reserved 1089536K
[2021-12-03T04:44:05.624-0100][74,852s]   class space    used 4939K, capacity 5348K, committed 5376K, reserved 1048576K
