[2021-11-24T02:00:50.285-0100][0.011s] Heap region size: 1M
[2021-11-24T02:00:50.493-0100][0.219s] Using G1
[2021-11-24T02:00:50.493-0100][0.219s] Heap address: 0x00000007e0000000, size: 512 MB, Compressed Oops mode: Zero based, Oop shift amount: 3
[2021-11-24T02:00:50.869-0100][0,594s] GC(0) Pause Young (Normal) (G1 Evacuation Pause)
[2021-11-24T02:00:50.869-0100][0,595s] GC(0) Using 10 workers of 10 for evacuation
[2021-11-24T02:00:50.871-0100][0,597s] GC(0)   Pre Evacuate Collection Set: 0,0ms
[2021-11-24T02:00:50.871-0100][0,597s] GC(0)   Evacuate Collection Set: 1,6ms
[2021-11-24T02:00:50.871-0100][0,597s] GC(0)   Post Evacuate Collection Set: 0,4ms
[2021-11-24T02:00:50.871-0100][0,597s] GC(0)   Other: 0,6ms
[2021-11-24T02:00:50.871-0100][0,597s] GC(0) Eden regions: 30->0(303)
[2021-11-24T02:00:50.871-0100][0,597s] GC(0) Survivor regions: 0->4(4)
[2021-11-24T02:00:50.871-0100][0,597s] GC(0) Old regions: 0->0
[2021-11-24T02:00:50.871-0100][0,597s] GC(0) Humongous regions: 0->0
[2021-11-24T02:00:50.871-0100][0,597s] GC(0) Metaspace: 12864K->12864K(1060864K)
[2021-11-24T02:00:50.871-0100][0,597s] GC(0) Pause Young (Normal) (G1 Evacuation Pause) 30M->3M(512M) 2,691ms
[2021-11-24T02:00:50.871-0100][0,597s] GC(0) User=0,02s Sys=0,00s Real=0,01s
[2021-11-24T02:00:51.200-0100][0,926s] GC(1) Pause Young (Concurrent Start) (Metadata GC Threshold)
[2021-11-24T02:00:51.200-0100][0,926s] GC(1) Using 10 workers of 10 for evacuation
[2021-11-24T02:00:51.209-0100][0,935s] GC(1)   Pre Evacuate Collection Set: 0,0ms
[2021-11-24T02:00:51.209-0100][0,935s] GC(1)   Evacuate Collection Set: 8,9ms
[2021-11-24T02:00:51.209-0100][0,935s] GC(1)   Post Evacuate Collection Set: 0,3ms
[2021-11-24T02:00:51.209-0100][0,935s] GC(1)   Other: 0,2ms
[2021-11-24T02:00:51.209-0100][0,935s] GC(1) Eden regions: 26->0(295)
[2021-11-24T02:00:51.209-0100][0,935s] GC(1) Survivor regions: 4->12(39)
[2021-11-24T02:00:51.209-0100][0,935s] GC(1) Old regions: 0->0
[2021-11-24T02:00:51.209-0100][0,935s] GC(1) Humongous regions: 4->4
[2021-11-24T02:00:51.209-0100][0,935s] GC(1) Metaspace: 20591K->20591K(1069056K)
[2021-11-24T02:00:51.209-0100][0,935s] GC(1) Pause Young (Concurrent Start) (Metadata GC Threshold) 32M->15M(512M) 9,706ms
[2021-11-24T02:00:51.209-0100][0,935s] GC(1) User=0,06s Sys=0,01s Real=0,00s
[2021-11-24T02:00:51.210-0100][0,935s] GC(2) Concurrent Cycle
[2021-11-24T02:00:51.210-0100][0,936s] GC(2) Concurrent Clear Claimed Marks
[2021-11-24T02:00:51.210-0100][0,936s] GC(2) Concurrent Clear Claimed Marks 0,022ms
[2021-11-24T02:00:51.210-0100][0,936s] GC(2) Concurrent Scan Root Regions
[2021-11-24T02:00:51.212-0100][0,938s] GC(2) Concurrent Scan Root Regions 2,809ms
[2021-11-24T02:00:51.212-0100][0,938s] GC(2) Concurrent Mark (0,938s)
[2021-11-24T02:00:51.212-0100][0,938s] GC(2) Concurrent Mark From Roots
[2021-11-24T02:00:51.212-0100][0,938s] GC(2) Using 3 workers of 3 for marking
[2021-11-24T02:00:51.213-0100][0,939s] GC(2) Concurrent Mark From Roots 0,750ms
[2021-11-24T02:00:51.213-0100][0,939s] GC(2) Concurrent Preclean
[2021-11-24T02:00:51.213-0100][0,939s] GC(2) Concurrent Preclean 0,040ms
[2021-11-24T02:00:51.213-0100][0,939s] GC(2) Concurrent Mark (0,938s, 0,939s) 0,859ms
[2021-11-24T02:00:51.214-0100][0,940s] GC(2) Pause Remark
[2021-11-24T02:00:51.215-0100][0,941s] GC(2) Cleaned string and symbol table, strings: 9923 processed, 0 removed, symbols: 67361 processed, 22 removed
[2021-11-24T02:00:51.215-0100][0,941s] GC(2) Pause Remark 16M->16M(512M) 1,083ms
[2021-11-24T02:00:51.215-0100][0,941s] GC(2) User=0,01s Sys=0,00s Real=0,00s
[2021-11-24T02:00:51.215-0100][0,941s] GC(2) Concurrent Rebuild Remembered Sets
[2021-11-24T02:00:51.217-0100][0,943s] GC(2) Concurrent Rebuild Remembered Sets 2,455ms
[2021-11-24T02:00:51.217-0100][0,943s] GC(2) Pause Cleanup
[2021-11-24T02:00:51.217-0100][0,943s] GC(2) Pause Cleanup 16M->16M(512M) 0,097ms
[2021-11-24T02:00:51.218-0100][0,943s] GC(2) User=0,01s Sys=0,00s Real=0,00s
[2021-11-24T02:00:51.218-0100][0,944s] GC(2) Concurrent Cleanup for Next Mark
[2021-11-24T02:00:51.218-0100][0,944s] GC(2) Concurrent Cleanup for Next Mark 0,578ms
[2021-11-24T02:00:51.218-0100][0,944s] GC(2) Concurrent Cycle 8,651ms
[2021-11-24T02:00:52.338-0100][2,064s] GC(3) Pause Young (Concurrent Start) (Metadata GC Threshold)
[2021-11-24T02:00:52.338-0100][2,064s] GC(3) Using 10 workers of 10 for evacuation
[2021-11-24T02:00:52.356-0100][2,082s] GC(3)   Pre Evacuate Collection Set: 0,1ms
[2021-11-24T02:00:52.356-0100][2,082s] GC(3)   Evacuate Collection Set: 15,7ms
[2021-11-24T02:00:52.356-0100][2,082s] GC(3)   Post Evacuate Collection Set: 1,5ms
[2021-11-24T02:00:52.356-0100][2,082s] GC(3)   Other: 0,2ms
[2021-11-24T02:00:52.356-0100][2,082s] GC(3) Eden regions: 118->0(125)
[2021-11-24T02:00:52.356-0100][2,082s] GC(3) Survivor regions: 12->22(39)
[2021-11-24T02:00:52.356-0100][2,082s] GC(3) Old regions: 0->0
[2021-11-24T02:00:52.356-0100][2,082s] GC(3) Humongous regions: 4->4
[2021-11-24T02:00:52.356-0100][2,082s] GC(3) Metaspace: 34756K->34756K(1081344K)
[2021-11-24T02:00:52.356-0100][2,082s] GC(3) Pause Young (Concurrent Start) (Metadata GC Threshold) 133M->26M(512M) 17,659ms
[2021-11-24T02:00:52.356-0100][2,082s] GC(3) User=0,12s Sys=0,01s Real=0,02s
[2021-11-24T02:00:52.356-0100][2,082s] GC(4) Concurrent Cycle
[2021-11-24T02:00:52.356-0100][2,082s] GC(4) Concurrent Clear Claimed Marks
[2021-11-24T02:00:52.356-0100][2,082s] GC(4) Concurrent Clear Claimed Marks 0,058ms
[2021-11-24T02:00:52.356-0100][2,082s] GC(4) Concurrent Scan Root Regions
[2021-11-24T02:00:52.361-0100][2,087s] GC(4) Concurrent Scan Root Regions 4,537ms
[2021-11-24T02:00:52.361-0100][2,087s] GC(4) Concurrent Mark (2,087s)
[2021-11-24T02:00:52.361-0100][2,087s] GC(4) Concurrent Mark From Roots
[2021-11-24T02:00:52.361-0100][2,087s] GC(4) Using 3 workers of 3 for marking
[2021-11-24T02:00:52.363-0100][2,089s] GC(4) Concurrent Mark From Roots 2,115ms
[2021-11-24T02:00:52.363-0100][2,089s] GC(4) Concurrent Preclean
[2021-11-24T02:00:52.363-0100][2,089s] GC(4) Concurrent Preclean 0,042ms
[2021-11-24T02:00:52.363-0100][2,089s] GC(4) Concurrent Mark (2,087s, 2,089s) 2,239ms
[2021-11-24T02:00:52.363-0100][2,089s] GC(4) Pause Remark
[2021-11-24T02:00:52.365-0100][2,091s] GC(4) Cleaned string and symbol table, strings: 15917 processed, 0 removed, symbols: 113598 processed, 39 removed
[2021-11-24T02:00:52.365-0100][2,091s] GC(4) Pause Remark 27M->27M(512M) 1,803ms
[2021-11-24T02:00:52.365-0100][2,091s] GC(4) User=0,02s Sys=0,00s Real=0,00s
[2021-11-24T02:00:52.365-0100][2,091s] GC(4) Concurrent Rebuild Remembered Sets
[2021-11-24T02:00:52.368-0100][2,094s] GC(4) Concurrent Rebuild Remembered Sets 3,118ms
[2021-11-24T02:00:52.368-0100][2,094s] GC(4) Pause Cleanup
[2021-11-24T02:00:52.368-0100][2,094s] GC(4) Pause Cleanup 27M->27M(512M) 0,142ms
[2021-11-24T02:00:52.368-0100][2,094s] GC(4) User=0,00s Sys=0,00s Real=0,00s
[2021-11-24T02:00:52.368-0100][2,094s] GC(4) Concurrent Cleanup for Next Mark
[2021-11-24T02:00:52.369-0100][2,095s] GC(4) Concurrent Cleanup for Next Mark 0,815ms
[2021-11-24T02:00:52.369-0100][2,095s] GC(4) Concurrent Cycle 13,287ms
[2021-11-24T02:04:11.034-0100][200,759s] Heap
[2021-11-24T02:04:11.034-0100][200,759s]  garbage-first heap   total 524288K, used 99328K [0x00000007e0000000, 0x0000000800000000)
[2021-11-24T02:04:11.034-0100][200,759s]   region size 1024K, 95 young (97280K), 22 survivors (22528K)
[2021-11-24T02:04:11.034-0100][200,759s]  Metaspace       used 44001K, capacity 45008K, committed 45128K, reserved 1089536K
[2021-11-24T02:04:11.034-0100][200,759s]   class space    used 4933K, capacity 5322K, committed 5376K, reserved 1048576K
